66.249.78.81 - - [04/Mar/2013:00:54:42 +0400] "GET /index.php/2011-12-06-19-41-54/item/aet-f6010 HTTP/1.1" 404 7983 "-" "Mozilla/5.0 (compatible; Googlebot/2.1; +http://www.google.com/bot.html)"
208.115.113.91 - - [04/Mar/2013:01:15:48 +0400] "GET /index.php/diskopravi/item/titan-digi-pro-titan-5600?category_id=33 HTTP/1.1" 404 7983 "-" "Mozilla/5.0 (compatible; Ezooms/1.0; ezooms.bot@gmail.com)"
208.115.113.91 - - [04/Mar/2013:01:15:55 +0400] "GET /index.php/2012-04-11-10-09-59/108-legkbal/bright-cb-958b HTTP/1.1" 404 7983 "-" "Mozilla/5.0 (compatible; Ezooms/1.0; ezooms.bot@gmail.com)"
208.115.113.91 - - [04/Mar/2013:01:16:00 +0400] "GET /index.php/home HTTP/1.1" 404 7983 "-" "Mozilla/5.0 (compatible; Ezooms/1.0; ezooms.bot@gmail.com)"
37.140.141.12 - - [04/Mar/2013:01:43:10 +0400] "GET /robots.txt HTTP/1.1" 404 7983 "-" "Mozilla/5.0 (compatible; YandexBot/3.0; +http://yandex.com/bots)"
208.115.111.75 - - [04/Mar/2013:01:52:21 +0400] "GET /robots.txt HTTP/1.1" 404 7983 "-" "Mozilla/5.0 (compatible; Ezooms/1.0; ezooms.bot@gmail.com)"
217.69.133.68 - - [04/Mar/2013:01:58:28 +0400] "GET /index.php/component/content/?start=35&view=featured HTTP/1.0" 404 7983 "-" "Mozilla/5.0 (compatible; Mail.RU_Bot/2.0; +http://go.mail.ru/help/robots)"
217.69.133.68 - - [04/Mar/2013:01:58:30 +0400] "GET /index.php/component/content/?limitstart=0&view=featured HTTP/1.0" 404 7983 "-" "Mozilla/5.0 (compatible; Mail.RU_Bot/2.0; +http://go.mail.ru/help/robots)"
217.69.133.68 - - [04/Mar/2013:01:58:32 +0400] "GET /index.php/2011-12-06-19-41-54/category/%D0%BF%D0%BE%D0%B4%D1%8A%D0%B5%D0%BC%D0%BD%D0%BE%D0%B5-%D0%BE%D0%B1%D0%BE%D1%80%D1%83%D0%B4%D0%BE%D0%B2%D0%B0%D0%BD%D0%B8%D0%B5-modena HTTP/1.0" 404 7983 "-" "Mozilla/5.0 (compatible; Mail.RU_Bot/2.0; +http://go.mail.ru/help/robots)"
217.69.133.68 - - [04/Mar/2013:01:58:35 +0400] "GET /index.php/discount HTTP/1.0" 404 7983 "-" "Mozilla/5.0 (compatible; Mail.RU_Bot/2.0; +http://go.mail.ru/help/robots)"
217.69.133.68 - - [04/Mar/2013:02:02:13 +0400] "GET /index.php/component/content/?start=5&view=featured HTTP/1.0" 404 7983 "-" "Mozilla/5.0 (compatible; Mail.RU_Bot/2.0; +http://go.mail.ru/help/robots)"
217.69.133.68 - - [04/Mar/2013:02:02:27 +0400] "GET /index.php/2012-04-11-10-09-59/113-legkbal/hunter-gsp9600 HTTP/1.0" 404 7983 "-" "Mozilla/5.0 (compatible; Mail.RU_Bot/2.0; +http://go.mail.ru/help/robots)"
66.249.78.81 - - [04/Mar/2013:02:06:56 +0400] "GET / HTTP/1.1" 200 18654 "-" "Mozilla/5.0 (compatible; Googlebot/2.1; +http://www.google.com/bot.html)"
37.140.141.12 - - [04/Mar/2013:02:13:42 +0400] "GET /catalog/product/8 HTTP/1.1" 200 10632 "-" "Mozilla/5.0 (compatible; YandexBot/3.0; +http://yandex.com/bots)"
37.140.141.12 - - [04/Mar/2013:02:45:56 +0400] "GET /catalog/list/8 HTTP/1.1" 200 11384 "-" "Mozilla/5.0 (compatible; YandexBot/3.0; +http://yandex.com/bots)"
66.249.78.107 - - [04/Mar/2013:02:50:49 +0400] "GET /images/4%20%D1%81%D1%82%D0%BE%D0%B9%D0%BA%D0%B8.jpeg HTTP/1.1" 200 31543 "-" "Googlebot-Image/1.0"
208.115.111.75 - - [04/Mar/2013:03:03:24 +0400] "GET /index.php/2011-12-06-19-41-54/item/modena-mo-242cf-2?category_id=31 HTTP/1.1" 404 7983 "-" "Mozilla/5.0 (compatible; Ezooms/1.0; ezooms.bot@gmail.com)"
37.140.141.12 - - [04/Mar/2013:03:13:51 +0400] "GET /catalog/list/16 HTTP/1.1" 200 10151 "-" "Mozilla/5.0 (compatible; YandexBot/3.0; +http://yandex.com/bots)"
217.69.133.68 - - [04/Mar/2013:03:33:54 +0400] "GET /index.php/siver/item/%D0%BF%D1%83%D1%82%D0%B8-%D1%8F%D0%BC%D0%BD%D1%8B%D0%B5-siver-cp-1 HTTP/1.0" 404 7983 "-" "Mozilla/5.0 (compatible; Mail.RU_Bot/2.0; +http://go.mail.ru/help/robots)"
217.69.133.68 - - [04/Mar/2013:03:33:56 +0400] "GET /index.php/2011-12-06-19-41-54/44-dvuh/t4/33-t4 HTTP/1.0" 404 7983 "-" "Mozilla/5.0 (compatible; Mail.RU_Bot/2.0; +http://go.mail.ru/help/robots)"
217.69.133.68 - - [04/Mar/2013:03:33:59 +0400] "GET /index.php/2011-12-06-19-41-54/55-dvuh/tlt-240sb-380-220-4-launch/41-tlt-240sb-380-220-4-launch HTTP/1.0" 404 7983 "-" "Mozilla/5.0 (compatible; Mail.RU_Bot/2.0; +http://go.mail.ru/help/robots)"
217.69.133.68 - - [04/Mar/2013:03:34:01 +0400] "GET /index.php/component/content/?start=20&view=featured HTTP/1.0" 404 7983 "-" "Mozilla/5.0 (compatible; Mail.RU_Bot/2.0; +http://go.mail.ru/help/robots)"
217.69.133.68 - - [04/Mar/2013:03:38:19 +0400] "GET /shared/tip_top_materials.xls HTTP/1.0" 404 7983 "-" "Mozilla/5.0 (compatible; Mail.RU_Bot/2.0; +http://go.mail.ru/help/robots)"
37.140.141.12 - - [04/Mar/2013:03:38:25 +0400] "GET /catalog/product/5 HTTP/1.1" 200 10018 "-" "Mozilla/5.0 (compatible; YandexBot/3.0; +http://yandex.com/bots)"
37.140.141.12 - - [04/Mar/2013:03:38:34 +0400] "GET /catalog/list/10 HTTP/1.1" 200 11225 "-" "Mozilla/5.0 (compatible; YandexBot/3.0; +http://yandex.com/bots)"
217.69.133.68 - - [04/Mar/2013:03:38:52 +0400] "GET /index.php/component/content/article/159-2011-11-23-11-32-01/2011-12-14-13-38-50/clipper-bal/132-clipper-bal HTTP/1.0" 404 7983 "-" "Mozilla/5.0 (compatible; Mail.RU_Bot/2.0; +http://go.mail.ru/help/robots)"
217.69.133.68 - - [04/Mar/2013:03:41:36 +0400] "GET /shared/x_seal_materials.xls HTTP/1.0" 404 7983 "-" "Mozilla/5.0 (compatible; Mail.RU_Bot/2.0; +http://go.mail.ru/help/robots)"
37.140.141.12 - - [04/Mar/2013:03:42:37 +0400] "GET /catalog/list/12 HTTP/1.1" 200 10164 "-" "Mozilla/5.0 (compatible; YandexBot/3.0; +http://yandex.com/bots)"
37.140.141.12 - - [04/Mar/2013:03:53:54 +0400] "GET /catalog/list/11 HTTP/1.1" 200 10770 "-" "Mozilla/5.0 (compatible; YandexBot/3.0; +http://yandex.com/bots)"
37.140.141.12 - - [04/Mar/2013:04:10:12 +0400] "GET /catalog/list/17 HTTP/1.1" 200 13812 "-" "Mozilla/5.0 (compatible; YandexBot/3.0; +http://yandex.com/bots)"
66.249.78.107 - - [04/Mar/2013:04:32:09 +0400] "GET / HTTP/1.1" 200 18654 "-" "Mozilla/5.0 (compatible; Googlebot/2.1; +http://www.google.com/bot.html)"
37.140.141.12 - - [04/Mar/2013:04:32:15 +0400] "GET /catalog/list/13 HTTP/1.1" 200 10102 "-" "Mozilla/5.0 (compatible; YandexBot/3.0; +http://yandex.com/bots)"
37.140.141.12 - - [04/Mar/2013:04:32:18 +0400] "GET /catalog/list/9 HTTP/1.1" 200 10997 "-" "Mozilla/5.0 (compatible; YandexBot/3.0; +http://yandex.com/bots)"
37.140.141.12 - - [04/Mar/2013:04:37:29 +0400] "GET /catalog/product/9 HTTP/1.1" 200 10707 "-" "Mozilla/5.0 (compatible; YandexBot/3.0; +http://yandex.com/bots)"
193.105.210.45 - - [04/Mar/2013:04:54:31 +0400] "GET /index.php/2011-12-14-13-33-12 HTTP/1.0" 404 7983 "http://xn--80aaagabsufuc5b1amej.xn--p1ai/index.php/2011-12-14-13-33-12" "Mozilla/5.0 (Windows NT 5.2; WOW64; rv:16.0) Gecko/20100101 Firefox/16.0"
193.105.210.45 - - [04/Mar/2013:04:54:32 +0400] "GET / HTTP/1.0" 200 18654 "http://xn--80aaagabsufuc5b1amej.xn--p1ai/" "Mozilla/5.0 (Windows NT 5.2; WOW64; rv:16.0) Gecko/20100101 Firefox/16.0"
217.69.133.68 - - [04/Mar/2013:05:14:42 +0400] "GET /index.php/2011-11-23-21-23-47 HTTP/1.0" 404 7983 "-" "Mozilla/5.0 (compatible; Mail.RU_Bot/2.0; +http://go.mail.ru/help/robots)"
217.69.133.68 - - [04/Mar/2013:05:18:10 +0400] "GET /index.php/2011-12-06-20-32-49 HTTP/1.0" 404 7983 "-" "Mozilla/5.0 (compatible; Mail.RU_Bot/2.0; +http://go.mail.ru/help/robots)"
208.115.111.75 - - [04/Mar/2013:05:54:43 +0400] "GET /robots.txt HTTP/1.1" 404 7983 "-" "Mozilla/5.0 (compatible; Ezooms/1.0; ezooms.bot@gmail.com)"
66.249.75.107 - - [04/Mar/2013:05:56:56 +0400] "GET /images/modena_mo_230mr.png HTTP/1.1" 200 117372 "-" "Googlebot-Image/1.0"
195.239.178.205 - - [04/Mar/2013:05:59:32 +0400] "GET / HTTP/1.0" 200 18654 "-" "Mozilla/5.0 (compatible; Nigma.ru/3.0; crawler@nigma.ru)"
212.95.58.204 - - [04/Mar/2013:06:24:44 +0400] "GET / HTTP/1.1" 200 18654 "http://puhepuxo.olympiavn.info/info/xn--80aaagabsufuc5b1amej.xn--p1ai/" "Mozilla/5.0 (compatible; MSIE 10.0; Windows NT 6.2; Trident/6.0)"
217.69.133.68 - - [04/Mar/2013:06:46:31 +0400] "GET /index.php/2011-12-06-19-41-54/54-dvuh/tlt235sb380-220-2-35-launch/40-tlt235sb380-220-2-35-launch HTTP/1.0" 404 7983 "-" "Mozilla/5.0 (compatible; Mail.RU_Bot/2.0; +http://go.mail.ru/help/robots)"
217.69.133.68 - - [04/Mar/2013:06:46:33 +0400] "GET /index.php/2011-12-06-19-41-54/56-dvuh/tlt-240sc-380-220-2-4-launch/42-tlt-240sc-380-220-2-4-launch HTTP/1.0" 404 7983 "-" "Mozilla/5.0 (compatible; Mail.RU_Bot/2.0; +http://go.mail.ru/help/robots)"
217.69.133.68 - - [04/Mar/2013:06:46:35 +0400] "GET /index.php/component/content/?start=10&view=featured HTTP/1.0" 404 7983 "-" "Mozilla/5.0 (compatible; Mail.RU_Bot/2.0; +http://go.mail.ru/help/robots)"
217.69.133.68 - - [04/Mar/2013:06:46:37 +0400] "GET /index.php/component/content/?start=30&view=featured HTTP/1.0" 404 7983 "-" "Mozilla/5.0 (compatible; Mail.RU_Bot/2.0; +http://go.mail.ru/help/robots)"
217.69.133.68 - - [04/Mar/2013:06:50:06 +0400] "GET /index.php/2011-12-14-13-33-12 HTTP/1.0" 404 7983 "-" "Mozilla/5.0 (compatible; Mail.RU_Bot/2.0; +http://go.mail.ru/help/robots)"
217.69.133.68 - - [04/Mar/2013:06:55:13 +0400] "GET /index.php/2012-04-11-10-09-59/52-legkbal/aeat-dst910b-220 HTTP/1.0" 404 7983 "-" "Mozilla/5.0 (compatible; Mail.RU_Bot/2.0; +http://go.mail.ru/help/robots)"
178.90.186.33 - - [04/Mar/2013:06:57:29 +0400] "GET /index.php/siver/item/%D0%BF%D1%83%D1%82%D0%B8-%D1%8F%D0%BC%D0%BD%D1%8B%D0%B5-siver-cp-1 HTTP/1.1" 404 7983 "http://yandex.kz/yandsearch?text=siver.su%20cp%201%D0%B8%D0%BD%D1%81%D1%82%D1%80%D1%83%D0%BA%D1%86%D0%B8%D1%8F%20%D0%BF%D0%BE%20%D0%BC%D0%BE%D0%BD%D1%82%D0%B0%D0%B6%D1%83&tld=kz&lr=10295" "Mozilla/5.0 (Windows NT 6.1) AppleWebKit/537.22 (KHTML, like Gecko) Chrome/25.0.1364.97 Safari/537.22"
178.90.186.33 - - [04/Mar/2013:06:57:30 +0400] "GET /css/auto.css HTTP/1.1" 200 10660 "http://xn--80aaagabsufuc5b1amej.xn--p1ai/index.php/siver/item/%D0%BF%D1%83%D1%82%D0%B8-%D1%8F%D0%BC%D0%BD%D1%8B%D0%B5-siver-cp-1" "Mozilla/5.0 (Windows NT 6.1) AppleWebKit/537.22 (KHTML, like Gecko) Chrome/25.0.1364.97 Safari/537.22"
178.90.186.33 - - [04/Mar/2013:06:57:30 +0400] "GET /css/style.css HTTP/1.1" 200 996 "http://xn--80aaagabsufuc5b1amej.xn--p1ai/index.php/siver/item/%D0%BF%D1%83%D1%82%D0%B8-%D1%8F%D0%BC%D0%BD%D1%8B%D0%B5-siver-cp-1" "Mozilla/5.0 (Windows NT 6.1) AppleWebKit/537.22 (KHTML, like Gecko) Chrome/25.0.1364.97 Safari/537.22"
178.90.186.33 - - [04/Mar/2013:06:57:30 +0400] "GET /css/bootstrap-responsive.min.css HTTP/1.1" 200 16520 "http://xn--80aaagabsufuc5b1amej.xn--p1ai/index.php/siver/item/%D0%BF%D1%83%D1%82%D0%B8-%D1%8F%D0%BC%D0%BD%D1%8B%D0%B5-siver-cp-1" "Mozilla/5.0 (Windows NT 6.1) AppleWebKit/537.22 (KHTML, like Gecko) Chrome/25.0.1364.97 Safari/537.22"
178.90.186.33 - - [04/Mar/2013:06:57:29 +0400] "GET /css/bootstrap.min.css HTTP/1.1" 200 101265 "http://xn--80aaagabsufuc5b1amej.xn--p1ai/index.php/siver/item/%D0%BF%D1%83%D1%82%D0%B8-%D1%8F%D0%BC%D0%BD%D1%8B%D0%B5-siver-cp-1" "Mozilla/5.0 (Windows NT 6.1) AppleWebKit/537.22 (KHTML, like Gecko) Chrome/25.0.1364.97 Safari/537.22"
178.90.186.33 - - [04/Mar/2013:06:57:32 +0400] "GET /js/jquery.min.js HTTP/1.1" 200 93636 "http://xn--80aaagabsufuc5b1amej.xn--p1ai/index.php/siver/item/%D0%BF%D1%83%D1%82%D0%B8-%D1%8F%D0%BC%D0%BD%D1%8B%D0%B5-siver-cp-1" "Mozilla/5.0 (Windows NT 6.1) AppleWebKit/537.22 (KHTML, like Gecko) Chrome/25.0.1364.97 Safari/537.22"
178.90.186.33 - - [04/Mar/2013:06:57:33 +0400] "GET /js/bootstrap.min.js HTTP/1.1" 200 25743 "http://xn--80aaagabsufuc5b1amej.xn--p1ai/index.php/siver/item/%D0%BF%D1%83%D1%82%D0%B8-%D1%8F%D0%BC%D0%BD%D1%8B%D0%B5-siver-cp-1" "Mozilla/5.0 (Windows NT 6.1) AppleWebKit/537.22 (KHTML, like Gecko) Chrome/25.0.1364.97 Safari/537.22"
178.90.186.33 - - [04/Mar/2013:06:57:33 +0400] "GET /js/auto.js HTTP/1.1" 200 2631 "http://xn--80aaagabsufuc5b1amej.xn--p1ai/index.php/siver/item/%D0%BF%D1%83%D1%82%D0%B8-%D1%8F%D0%BC%D0%BD%D1%8B%D0%B5-siver-cp-1" "Mozilla/5.0 (Windows NT 6.1) AppleWebKit/537.22 (KHTML, like Gecko) Chrome/25.0.1364.97 Safari/537.22"
178.90.186.33 - - [04/Mar/2013:06:57:30 +0400] "GET /ckeditor/ckeditor.js HTTP/1.1" 200 454073 "http://xn--80aaagabsufuc5b1amej.xn--p1ai/index.php/siver/item/%D0%BF%D1%83%D1%82%D0%B8-%D1%8F%D0%BC%D0%BD%D1%8B%D0%B5-siver-cp-1" "Mozilla/5.0 (Windows NT 6.1) AppleWebKit/537.22 (KHTML, like Gecko) Chrome/25.0.1364.97 Safari/537.22"
178.90.186.33 - - [04/Mar/2013:06:57:39 +0400] "GET /images/main_podl.jpg HTTP/1.1" 200 9218 "http://xn--80aaagabsufuc5b1amej.xn--p1ai/index.php/siver/item/%D0%BF%D1%83%D1%82%D0%B8-%D1%8F%D0%BC%D0%BD%D1%8B%D0%B5-siver-cp-1" "Mozilla/5.0 (Windows NT 6.1) AppleWebKit/537.22 (KHTML, like Gecko) Chrome/25.0.1364.97 Safari/537.22"
178.90.186.33 - - [04/Mar/2013:06:57:39 +0400] "GET /images/menu_logo_TK.png HTTP/1.1" 200 1922 "http://xn--80aaagabsufuc5b1amej.xn--p1ai/index.php/siver/item/%D0%BF%D1%83%D1%82%D0%B8-%D1%8F%D0%BC%D0%BD%D1%8B%D0%B5-siver-cp-1" "Mozilla/5.0 (Windows NT 6.1) AppleWebKit/537.22 (KHTML, like Gecko) Chrome/25.0.1364.97 Safari/537.22"
178.90.186.33 - - [04/Mar/2013:06:57:39 +0400] "GET /images/menu_gran.png HTTP/1.1" 200 279 "http://xn--80aaagabsufuc5b1amej.xn--p1ai/index.php/siver/item/%D0%BF%D1%83%D1%82%D0%B8-%D1%8F%D0%BC%D0%BD%D1%8B%D0%B5-siver-cp-1" "Mozilla/5.0 (Windows NT 6.1) AppleWebKit/537.22 (KHTML, like Gecko) Chrome/25.0.1364.97 Safari/537.22"
178.90.186.33 - - [04/Mar/2013:06:57:39 +0400] "GET /images/slider_arrow_left.png HTTP/1.1" 200 1743 "http://xn--80aaagabsufuc5b1amej.xn--p1ai/index.php/siver/item/%D0%BF%D1%83%D1%82%D0%B8-%D1%8F%D0%BC%D0%BD%D1%8B%D0%B5-siver-cp-1" "Mozilla/5.0 (Windows NT 6.1) AppleWebKit/537.22 (KHTML, like Gecko) Chrome/25.0.1364.97 Safari/537.22"
178.90.186.33 - - [04/Mar/2013:06:57:39 +0400] "GET /images/giuliano_s_112f.png HTTP/1.1" 200 80289 "http://xn--80aaagabsufuc5b1amej.xn--p1ai/index.php/siver/item/%D0%BF%D1%83%D1%82%D0%B8-%D1%8F%D0%BC%D0%BD%D1%8B%D0%B5-siver-cp-1" "Mozilla/5.0 (Windows NT 6.1) AppleWebKit/537.22 (KHTML, like Gecko) Chrome/25.0.1364.97 Safari/537.22"
178.90.186.33 - - [04/Mar/2013:06:57:39 +0400] "GET /images/hunter_gsp9200.png HTTP/1.1" 200 95787 "http://xn--80aaagabsufuc5b1amej.xn--p1ai/index.php/siver/item/%D0%BF%D1%83%D1%82%D0%B8-%D1%8F%D0%BC%D0%BD%D1%8B%D0%B5-siver-cp-1" "Mozilla/5.0 (Windows NT 6.1) AppleWebKit/537.22 (KHTML, like Gecko) Chrome/25.0.1364.97 Safari/537.22"
178.90.186.33 - - [04/Mar/2013:06:57:42 +0400] "GET /images/slider_text_podl.png HTTP/1.1" 200 10296 "http://xn--80aaagabsufuc5b1amej.xn--p1ai/index.php/siver/item/%D0%BF%D1%83%D1%82%D0%B8-%D1%8F%D0%BC%D0%BD%D1%8B%D0%B5-siver-cp-1" "Mozilla/5.0 (Windows NT 6.1) AppleWebKit/537.22 (KHTML, like Gecko) Chrome/25.0.1364.97 Safari/537.22"
178.90.186.33 - - [04/Mar/2013:06:57:39 +0400] "GET /images/modena_mo_230mr.png HTTP/1.1" 200 117372 "http://xn--80aaagabsufuc5b1amej.xn--p1ai/index.php/siver/item/%D0%BF%D1%83%D1%82%D0%B8-%D1%8F%D0%BC%D0%BD%D1%8B%D0%B5-siver-cp-1" "Mozilla/5.0 (Windows NT 6.1) AppleWebKit/537.22 (KHTML, like Gecko) Chrome/25.0.1364.97 Safari/537.22"
178.90.186.33 - - [04/Mar/2013:06:57:42 +0400] "GET /images/slider_arrow_right.png HTTP/1.1" 200 1748 "http://xn--80aaagabsufuc5b1amej.xn--p1ai/index.php/siver/item/%D0%BF%D1%83%D1%82%D0%B8-%D1%8F%D0%BC%D0%BD%D1%8B%D0%B5-siver-cp-1" "Mozilla/5.0 (Windows NT 6.1) AppleWebKit/537.22 (KHTML, like Gecko) Chrome/25.0.1364.97 Safari/537.22"
178.90.186.33 - - [04/Mar/2013:06:57:39 +0400] "GET /images/titan_54_00_bridge.png HTTP/1.1" 200 144079 "http://xn--80aaagabsufuc5b1amej.xn--p1ai/index.php/siver/item/%D0%BF%D1%83%D1%82%D0%B8-%D1%8F%D0%BC%D0%BD%D1%8B%D0%B5-siver-cp-1" "Mozilla/5.0 (Windows NT 6.1) AppleWebKit/537.22 (KHTML, like Gecko) Chrome/25.0.1364.97 Safari/537.22"
178.90.186.33 - - [04/Mar/2013:06:57:40 +0400] "GET /images/siver_e.png HTTP/1.1" 200 148375 "http://xn--80aaagabsufuc5b1amej.xn--p1ai/index.php/siver/item/%D0%BF%D1%83%D1%82%D0%B8-%D1%8F%D0%BC%D0%BD%D1%8B%D0%B5-siver-cp-1" "Mozilla/5.0 (Windows NT 6.1) AppleWebKit/537.22 (KHTML, like Gecko) Chrome/25.0.1364.97 Safari/537.22"
178.90.186.33 - - [04/Mar/2013:06:57:43 +0400] "GET /images/foot_bg.png HTTP/1.1" 200 15921 "http://xn--80aaagabsufuc5b1amej.xn--p1ai/index.php/siver/item/%D0%BF%D1%83%D1%82%D0%B8-%D1%8F%D0%BC%D0%BD%D1%8B%D0%B5-siver-cp-1" "Mozilla/5.0 (Windows NT 6.1) AppleWebKit/537.22 (KHTML, like Gecko) Chrome/25.0.1364.97 Safari/537.22"
178.90.186.33 - - [04/Mar/2013:06:57:43 +0400] "GET /images/footer_up.png HTTP/1.1" 200 2221 "http://xn--80aaagabsufuc5b1amej.xn--p1ai/index.php/siver/item/%D0%BF%D1%83%D1%82%D0%B8-%D1%8F%D0%BC%D0%BD%D1%8B%D0%B5-siver-cp-1" "Mozilla/5.0 (Windows NT 6.1) AppleWebKit/537.22 (KHTML, like Gecko) Chrome/25.0.1364.97 Safari/537.22"
178.90.186.33 - - [04/Mar/2013:06:57:43 +0400] "GET /images/footer_arrow.png HTTP/1.1" 200 256 "http://xn--80aaagabsufuc5b1amej.xn--p1ai/index.php/siver/item/%D0%BF%D1%83%D1%82%D0%B8-%D1%8F%D0%BC%D0%BD%D1%8B%D0%B5-siver-cp-1" "Mozilla/5.0 (Windows NT 6.1) AppleWebKit/537.22 (KHTML, like Gecko) Chrome/25.0.1364.97 Safari/537.22"
178.90.186.33 - - [04/Mar/2013:06:57:39 +0400] "GET /images/container_bg.png HTTP/1.1" 200 424962 "http://xn--80aaagabsufuc5b1amej.xn--p1ai/index.php/siver/item/%D0%BF%D1%83%D1%82%D0%B8-%D1%8F%D0%BC%D0%BD%D1%8B%D0%B5-siver-cp-1" "Mozilla/5.0 (Windows NT 6.1) AppleWebKit/537.22 (KHTML, like Gecko) Chrome/25.0.1364.97 Safari/537.22"
178.90.186.33 - - [04/Mar/2013:06:57:47 +0400] "GET /images/favicon.ico HTTP/1.1" 200 1150 "-" "Mozilla/5.0 (Windows NT 6.1) AppleWebKit/537.22 (KHTML, like Gecko) Chrome/25.0.1364.97 Safari/537.22"
178.90.186.33 - - [04/Mar/2013:06:57:51 +0400] "GET /images/menu_current.jpg HTTP/1.1" 200 11503 "http://xn--80aaagabsufuc5b1amej.xn--p1ai/index.php/siver/item/%D0%BF%D1%83%D1%82%D0%B8-%D1%8F%D0%BC%D0%BD%D1%8B%D0%B5-siver-cp-1" "Mozilla/5.0 (Windows NT 6.1) AppleWebKit/537.22 (KHTML, like Gecko) Chrome/25.0.1364.97 Safari/537.22"
178.90.186.33 - - [04/Mar/2013:06:58:05 +0400] "GET /catalog HTTP/1.1" 200 19066 "http://xn--80aaagabsufuc5b1amej.xn--p1ai/index.php/siver/item/%D0%BF%D1%83%D1%82%D0%B8-%D1%8F%D0%BC%D0%BD%D1%8B%D0%B5-siver-cp-1" "Mozilla/5.0 (Windows NT 6.1) AppleWebKit/537.22 (KHTML, like Gecko) Chrome/25.0.1364.97 Safari/537.22"
178.90.186.33 - - [04/Mar/2013:06:58:06 +0400] "GET /images/main_center_bg_cat.png HTTP/1.1" 200 13811 "http://xn--80aaagabsufuc5b1amej.xn--p1ai/catalog" "Mozilla/5.0 (Windows NT 6.1) AppleWebKit/537.22 (KHTML, like Gecko) Chrome/25.0.1364.97 Safari/537.22"
178.90.186.33 - - [04/Mar/2013:06:58:06 +0400] "GET /images/hit_prod_podl.png HTTP/1.1" 200 1490 "http://xn--80aaagabsufuc5b1amej.xn--p1ai/catalog" "Mozilla/5.0 (Windows NT 6.1) AppleWebKit/537.22 (KHTML, like Gecko) Chrome/25.0.1364.97 Safari/537.22"
178.90.186.33 - - [04/Mar/2013:06:58:06 +0400] "GET /images/hit_text_podl.png HTTP/1.1" 200 243 "http://xn--80aaagabsufuc5b1amej.xn--p1ai/catalog" "Mozilla/5.0 (Windows NT 6.1) AppleWebKit/537.22 (KHTML, like Gecko) Chrome/25.0.1364.97 Safari/537.22"
178.90.186.33 - - [04/Mar/2013:06:58:07 +0400] "GET /images/podveska.jpg HTTP/1.1" 200 29169 "http://xn--80aaagabsufuc5b1amej.xn--p1ai/catalog" "Mozilla/5.0 (Windows NT 6.1) AppleWebKit/537.22 (KHTML, like Gecko) Chrome/25.0.1364.97 Safari/537.22"
178.90.186.33 - - [04/Mar/2013:06:58:07 +0400] "GET /images/Hunter%20WA140%2032LE02-421LZ3.JPG HTTP/1.1" 200 37056 "http://xn--80aaagabsufuc5b1amej.xn--p1ai/catalog" "Mozilla/5.0 (Windows NT 6.1) AppleWebKit/537.22 (KHTML, like Gecko) Chrome/25.0.1364.97 Safari/537.22"
178.90.186.33 - - [04/Mar/2013:06:58:07 +0400] "GET /images/%D0%B2%D1%83%D0%BB%D0%BA%D0%B0%D0%BD300.jpg HTTP/1.1" 200 35762 "http://xn--80aaagabsufuc5b1amej.xn--p1ai/catalog" "Mozilla/5.0 (Windows NT 6.1) AppleWebKit/537.22 (KHTML, like Gecko) Chrome/25.0.1364.97 Safari/537.22"
178.90.186.33 - - [04/Mar/2013:06:58:06 +0400] "GET /images/compr-group.jpg HTTP/1.1" 200 50739 "http://xn--80aaagabsufuc5b1amej.xn--p1ai/catalog" "Mozilla/5.0 (Windows NT 6.1) AppleWebKit/537.22 (KHTML, like Gecko) Chrome/25.0.1364.97 Safari/537.22"
178.90.186.33 - - [04/Mar/2013:06:58:06 +0400] "GET /images/shinomontaj-%20na%20razdel.jpg HTTP/1.1" 200 137909 "http://xn--80aaagabsufuc5b1amej.xn--p1ai/catalog" "Mozilla/5.0 (Windows NT 6.1) AppleWebKit/537.22 (KHTML, like Gecko) Chrome/25.0.1364.97 Safari/537.22"
178.90.186.33 - - [04/Mar/2013:06:58:07 +0400] "GET /images/%D0%B4%D0%B8%D1%81%D0%BA%D0%BE%D0%BF%D1%80%D0%B0%D0%B2%2056%2000.jpg HTTP/1.1" 200 129877 "http://xn--80aaagabsufuc5b1amej.xn--p1ai/catalog" "Mozilla/5.0 (Windows NT 6.1) AppleWebKit/537.22 (KHTML, like Gecko) Chrome/25.0.1364.97 Safari/537.22"
178.90.186.33 - - [04/Mar/2013:06:58:07 +0400] "GET /images/siver_de_kopiya.png HTTP/1.1" 200 336001 "http://xn--80aaagabsufuc5b1amej.xn--p1ai/catalog" "Mozilla/5.0 (Windows NT 6.1) AppleWebKit/537.22 (KHTML, like Gecko) Chrome/25.0.1364.97 Safari/537.22"
178.90.186.33 - - [04/Mar/2013:06:58:17 +0400] "GET /catalog/list/11 HTTP/1.1" 200 10770 "http://xn--80aaagabsufuc5b1amej.xn--p1ai/catalog" "Mozilla/5.0 (Windows NT 6.1) AppleWebKit/537.22 (KHTML, like Gecko) Chrome/25.0.1364.97 Safari/537.22"
178.90.186.33 - - [04/Mar/2013:06:58:18 +0400] "GET /images/200ml.jpg HTTP/1.1" 200 26000 "http://xn--80aaagabsufuc5b1amej.xn--p1ai/catalog/list/11" "Mozilla/5.0 (Windows NT 6.1) AppleWebKit/537.22 (KHTML, like Gecko) Chrome/25.0.1364.97 Safari/537.22"
178.90.186.33 - - [04/Mar/2013:06:58:18 +0400] "GET /images/200F.jpg HTTP/1.1" 200 5987 "http://xn--80aaagabsufuc5b1amej.xn--p1ai/catalog/list/11" "Mozilla/5.0 (Windows NT 6.1) AppleWebKit/537.22 (KHTML, like Gecko) Chrome/25.0.1364.97 Safari/537.22"
208.115.111.75 - - [04/Mar/2013:07:06:58 +0400] "GET /index.php/siver/item/siver-e?category_id=5 HTTP/1.1" 404 7983 "-" "Mozilla/5.0 (compatible; Ezooms/1.0; ezooms.bot@gmail.com)"
37.140.141.12 - - [04/Mar/2013:07:11:14 +0400] "GET /index.php/siver/item/%D0%BF%D1%83%D1%82%D0%B8-%D1%8F%D0%BC%D0%BD%D1%8B%D0%B5-siver-cp-1 HTTP/1.1" 404 7983 "-" "Mozilla/5.0 (compatible; YandexBot/3.0; +http://yandex.com/bots)"
66.249.78.107 - - [04/Mar/2013:07:35:46 +0400] "GET /index.php/home/164-main/images/t4%20-best.jpg HTTP/1.1" 404 7983 "-" "Googlebot-Image/1.0"
66.249.78.107 - - [04/Mar/2013:07:38:25 +0400] "GET /index.php/2011-12-06-20-32-49 HTTP/1.1" 404 7983 "-" "SAMSUNG-SGH-E250/1.0 Profile/MIDP-2.0 Configuration/CLDC-1.1 UP.Browser/6.2.3.3.c.1.101 (GUI) MMP/2.0 (compatible; Googlebot-Mobile/2.1; +http://www.google.com/bot.html)"
208.115.113.91 - - [04/Mar/2013:07:57:42 +0400] "GET /robots.txt HTTP/1.1" 404 7983 "-" "Mozilla/5.0 (compatible; Ezooms/1.0; ezooms.bot@gmail.com)"
212.95.58.204 - - [04/Mar/2013:08:07:34 +0400] "GET / HTTP/1.1" 200 18654 "http://puhepuxo.olympiavn.info/info/xn--80aaagabsufuc5b1amej.xn--p1ai/" "Mozilla/5.0 (compatible; MSIE 10.0; Windows NT 6.2; WOW64; Trident/6.0)"
217.69.133.68 - - [04/Mar/2013:08:22:24 +0400] "GET /index.php/component/content/?start=25&view=featured HTTP/1.0" 404 7983 "-" "Mozilla/5.0 (compatible; Mail.RU_Bot/2.0; +http://go.mail.ru/help/robots)"
217.69.133.68 - - [04/Mar/2013:08:22:27 +0400] "GET /index.php/component/content/?start=15&view=featured HTTP/1.0" 404 7983 "-" "Mozilla/5.0 (compatible; Mail.RU_Bot/2.0; +http://go.mail.ru/help/robots)"
217.69.133.68 - - [04/Mar/2013:08:22:29 +0400] "GET /index.php/2011-12-06-19-41-54/item/aet-t4?category_id=20 HTTP/1.0" 404 7983 "-" "Mozilla/5.0 (compatible; Mail.RU_Bot/2.0; +http://go.mail.ru/help/robots)"
217.69.133.68 - - [04/Mar/2013:08:26:19 +0400] "GET /index.php/2012-04-18-16-34-04/90-pre2112134 HTTP/1.0" 404 7983 "-" "Mozilla/5.0 (compatible; Mail.RU_Bot/2.0; +http://go.mail.ru/help/robots)"
37.147.225.147 - - [04/Mar/2013:08:58:25 +0400] "GET /admin HTTP/1.1" 302 - "-" "Mozilla/5.0 (Windows NT 6.1; WOW64) AppleWebKit/537.22 (KHTML, like Gecko) Chrome/25.0.1364.97 Safari/537.22"
37.147.225.147 - - [04/Mar/2013:08:58:26 +0400] "GET /admin/admin/login HTTP/1.1" 200 8210 "-" "Mozilla/5.0 (Windows NT 6.1; WOW64) AppleWebKit/537.22 (KHTML, like Gecko) Chrome/25.0.1364.97 Safari/537.22"
37.147.225.147 - - [04/Mar/2013:08:58:26 +0400] "GET /css/bootstrap.min.css HTTP/1.1" 304 - "http://xn--80aaagabsufuc5b1amej.xn--p1ai/admin/admin/login" "Mozilla/5.0 (Windows NT 6.1; WOW64) AppleWebKit/537.22 (KHTML, like Gecko) Chrome/25.0.1364.97 Safari/537.22"
37.147.225.147 - - [04/Mar/2013:08:58:27 +0400] "GET /css/auto.css HTTP/1.1" 304 - "http://xn--80aaagabsufuc5b1amej.xn--p1ai/admin/admin/login" "Mozilla/5.0 (Windows NT 6.1; WOW64) AppleWebKit/537.22 (KHTML, like Gecko) Chrome/25.0.1364.97 Safari/537.22"
37.147.225.147 - - [04/Mar/2013:08:58:27 +0400] "GET /css/style.css HTTP/1.1" 304 - "http://xn--80aaagabsufuc5b1amej.xn--p1ai/admin/admin/login" "Mozilla/5.0 (Windows NT 6.1; WOW64) AppleWebKit/537.22 (KHTML, like Gecko) Chrome/25.0.1364.97 Safari/537.22"
37.147.225.147 - - [04/Mar/2013:08:58:27 +0400] "GET /css/bootstrap-responsive.min.css HTTP/1.1" 304 - "http://xn--80aaagabsufuc5b1amej.xn--p1ai/admin/admin/login" "Mozilla/5.0 (Windows NT 6.1; WOW64) AppleWebKit/537.22 (KHTML, like Gecko) Chrome/25.0.1364.97 Safari/537.22"
37.147.225.147 - - [04/Mar/2013:08:58:27 +0400] "GET /js/jquery.min.js HTTP/1.1" 304 - "http://xn--80aaagabsufuc5b1amej.xn--p1ai/admin/admin/login" "Mozilla/5.0 (Windows NT 6.1; WOW64) AppleWebKit/537.22 (KHTML, like Gecko) Chrome/25.0.1364.97 Safari/537.22"
37.147.225.147 - - [04/Mar/2013:08:58:27 +0400] "GET /ckeditor/ckeditor.js HTTP/1.1" 304 - "http://xn--80aaagabsufuc5b1amej.xn--p1ai/admin/admin/login" "Mozilla/5.0 (Windows NT 6.1; WOW64) AppleWebKit/537.22 (KHTML, like Gecko) Chrome/25.0.1364.97 Safari/537.22"
37.147.225.147 - - [04/Mar/2013:08:58:27 +0400] "GET /js/auto.js HTTP/1.1" 304 - "http://xn--80aaagabsufuc5b1amej.xn--p1ai/admin/admin/login" "Mozilla/5.0 (Windows NT 6.1; WOW64) AppleWebKit/537.22 (KHTML, like Gecko) Chrome/25.0.1364.97 Safari/537.22"
37.147.225.147 - - [04/Mar/2013:08:58:27 +0400] "GET /js/bootstrap.min.js HTTP/1.1" 304 - "http://xn--80aaagabsufuc5b1amej.xn--p1ai/admin/admin/login" "Mozilla/5.0 (Windows NT 6.1; WOW64) AppleWebKit/537.22 (KHTML, like Gecko) Chrome/25.0.1364.97 Safari/537.22"
37.147.225.147 - - [04/Mar/2013:08:58:27 +0400] "GET /images/main_podl.jpg HTTP/1.1" 304 - "http://xn--80aaagabsufuc5b1amej.xn--p1ai/admin/admin/login" "Mozilla/5.0 (Windows NT 6.1; WOW64) AppleWebKit/537.22 (KHTML, like Gecko) Chrome/25.0.1364.97 Safari/537.22"
37.147.225.147 - - [04/Mar/2013:08:58:27 +0400] "GET /images/container_bg.png HTTP/1.1" 304 - "http://xn--80aaagabsufuc5b1amej.xn--p1ai/admin/admin/login" "Mozilla/5.0 (Windows NT 6.1; WOW64) AppleWebKit/537.22 (KHTML, like Gecko) Chrome/25.0.1364.97 Safari/537.22"
37.147.225.147 - - [04/Mar/2013:08:58:27 +0400] "GET /images/modena_mo_230mr.png HTTP/1.1" 304 - "http://xn--80aaagabsufuc5b1amej.xn--p1ai/admin/admin/login" "Mozilla/5.0 (Windows NT 6.1; WOW64) AppleWebKit/537.22 (KHTML, like Gecko) Chrome/25.0.1364.97 Safari/537.22"
37.147.225.147 - - [04/Mar/2013:08:58:27 +0400] "GET /images/menu_gran.png HTTP/1.1" 304 - "http://xn--80aaagabsufuc5b1amej.xn--p1ai/admin/admin/login" "Mozilla/5.0 (Windows NT 6.1; WOW64) AppleWebKit/537.22 (KHTML, like Gecko) Chrome/25.0.1364.97 Safari/537.22"
37.147.225.147 - - [04/Mar/2013:08:58:27 +0400] "GET /images/menu_logo_TK.png HTTP/1.1" 304 - "http://xn--80aaagabsufuc5b1amej.xn--p1ai/admin/admin/login" "Mozilla/5.0 (Windows NT 6.1; WOW64) AppleWebKit/537.22 (KHTML, like Gecko) Chrome/25.0.1364.97 Safari/537.22"
37.147.225.147 - - [04/Mar/2013:08:58:27 +0400] "GET /images/slider_arrow_left.png HTTP/1.1" 304 - "http://xn--80aaagabsufuc5b1amej.xn--p1ai/admin/admin/login" "Mozilla/5.0 (Windows NT 6.1; WOW64) AppleWebKit/537.22 (KHTML, like Gecko) Chrome/25.0.1364.97 Safari/537.22"
37.147.225.147 - - [04/Mar/2013:08:58:27 +0400] "GET /images/giuliano_s_112f.png HTTP/1.1" 304 - "http://xn--80aaagabsufuc5b1amej.xn--p1ai/admin/admin/login" "Mozilla/5.0 (Windows NT 6.1; WOW64) AppleWebKit/537.22 (KHTML, like Gecko) Chrome/25.0.1364.97 Safari/537.22"
37.147.225.147 - - [04/Mar/2013:08:58:27 +0400] "GET /images/siver_e.png HTTP/1.1" 304 - "http://xn--80aaagabsufuc5b1amej.xn--p1ai/admin/admin/login" "Mozilla/5.0 (Windows NT 6.1; WOW64) AppleWebKit/537.22 (KHTML, like Gecko) Chrome/25.0.1364.97 Safari/537.22"
37.147.225.147 - - [04/Mar/2013:08:58:27 +0400] "GET /images/hunter_gsp9200.png HTTP/1.1" 304 - "http://xn--80aaagabsufuc5b1amej.xn--p1ai/admin/admin/login" "Mozilla/5.0 (Windows NT 6.1; WOW64) AppleWebKit/537.22 (KHTML, like Gecko) Chrome/25.0.1364.97 Safari/537.22"
37.147.225.147 - - [04/Mar/2013:08:58:27 +0400] "GET /images/slider_text_podl.png HTTP/1.1" 304 - "http://xn--80aaagabsufuc5b1amej.xn--p1ai/admin/admin/login" "Mozilla/5.0 (Windows NT 6.1; WOW64) AppleWebKit/537.22 (KHTML, like Gecko) Chrome/25.0.1364.97 Safari/537.22"
37.147.225.147 - - [04/Mar/2013:08:58:27 +0400] "GET /images/slider_arrow_right.png HTTP/1.1" 304 - "http://xn--80aaagabsufuc5b1amej.xn--p1ai/admin/admin/login" "Mozilla/5.0 (Windows NT 6.1; WOW64) AppleWebKit/537.22 (KHTML, like Gecko) Chrome/25.0.1364.97 Safari/537.22"
37.147.225.147 - - [04/Mar/2013:08:58:27 +0400] "GET /images/titan_54_00_bridge.png HTTP/1.1" 304 - "http://xn--80aaagabsufuc5b1amej.xn--p1ai/admin/admin/login" "Mozilla/5.0 (Windows NT 6.1; WOW64) AppleWebKit/537.22 (KHTML, like Gecko) Chrome/25.0.1364.97 Safari/537.22"
37.147.225.147 - - [04/Mar/2013:08:58:27 +0400] "GET /images/foot_bg.png HTTP/1.1" 304 - "http://xn--80aaagabsufuc5b1amej.xn--p1ai/admin/admin/login" "Mozilla/5.0 (Windows NT 6.1; WOW64) AppleWebKit/537.22 (KHTML, like Gecko) Chrome/25.0.1364.97 Safari/537.22"
37.147.225.147 - - [04/Mar/2013:08:58:27 +0400] "GET /images/footer_arrow.png HTTP/1.1" 304 - "http://xn--80aaagabsufuc5b1amej.xn--p1ai/admin/admin/login" "Mozilla/5.0 (Windows NT 6.1; WOW64) AppleWebKit/537.22 (KHTML, like Gecko) Chrome/25.0.1364.97 Safari/537.22"
37.147.225.147 - - [04/Mar/2013:08:58:27 +0400] "GET /images/footer_up.png HTTP/1.1" 304 - "http://xn--80aaagabsufuc5b1amej.xn--p1ai/admin/admin/login" "Mozilla/5.0 (Windows NT 6.1; WOW64) AppleWebKit/537.22 (KHTML, like Gecko) Chrome/25.0.1364.97 Safari/537.22"
37.147.225.147 - - [04/Mar/2013:08:58:47 +0400] "POST /admin/admin/login HTTP/1.1" 302 - "http://xn--80aaagabsufuc5b1amej.xn--p1ai/admin/admin/login" "Mozilla/5.0 (Windows NT 6.1; WOW64) AppleWebKit/537.22 (KHTML, like Gecko) Chrome/25.0.1364.97 Safari/537.22"
37.147.225.147 - - [04/Mar/2013:08:58:50 +0400] "GET /admin/admin/login HTTP/1.1" 200 8268 "http://xn--80aaagabsufuc5b1amej.xn--p1ai/admin/admin/login" "Mozilla/5.0 (Windows NT 6.1; WOW64) AppleWebKit/537.22 (KHTML, like Gecko) Chrome/25.0.1364.97 Safari/537.22"
37.147.225.147 - - [04/Mar/2013:08:58:58 +0400] "POST /admin/admin/login HTTP/1.1" 302 - "http://xn--80aaagabsufuc5b1amej.xn--p1ai/admin/admin/login" "Mozilla/5.0 (Windows NT 6.1; WOW64) AppleWebKit/537.22 (KHTML, like Gecko) Chrome/25.0.1364.97 Safari/537.22"
37.147.225.147 - - [04/Mar/2013:08:59:00 +0400] "GET /admin HTTP/1.1" 200 12789 "http://xn--80aaagabsufuc5b1amej.xn--p1ai/admin/admin/login" "Mozilla/5.0 (Windows NT 6.1; WOW64) AppleWebKit/537.22 (KHTML, like Gecko) Chrome/25.0.1364.97 Safari/537.22"
37.147.225.147 - - [04/Mar/2013:08:59:15 +0400] "POST /admin/edit HTTP/1.1" 200 12163 "http://xn--80aaagabsufuc5b1amej.xn--p1ai/admin" "Mozilla/5.0 (Windows NT 6.1; WOW64) AppleWebKit/537.22 (KHTML, like Gecko) Chrome/25.0.1364.97 Safari/537.22"
37.147.225.147 - - [04/Mar/2013:08:59:16 +0400] "GET /images/ HTTP/1.1" 403 316 "http://xn--80aaagabsufuc5b1amej.xn--p1ai/admin/edit" "Mozilla/5.0 (Windows NT 6.1; WOW64) AppleWebKit/537.22 (KHTML, like Gecko) Chrome/25.0.1364.97 Safari/537.22"
37.147.225.147 - - [04/Mar/2013:08:59:16 +0400] "GET /ckeditor/config.js?t=D08E HTTP/1.1" 200 388 "http://xn--80aaagabsufuc5b1amej.xn--p1ai/admin/edit" "Mozilla/5.0 (Windows NT 6.1; WOW64) AppleWebKit/537.22 (KHTML, like Gecko) Chrome/25.0.1364.97 Safari/537.22"
37.147.225.147 - - [04/Mar/2013:08:59:16 +0400] "GET /ckeditor/lang/ru.js?t=D08E HTTP/1.1" 200 28681 "http://xn--80aaagabsufuc5b1amej.xn--p1ai/admin/edit" "Mozilla/5.0 (Windows NT 6.1; WOW64) AppleWebKit/537.22 (KHTML, like Gecko) Chrome/25.0.1364.97 Safari/537.22"
37.147.225.147 - - [04/Mar/2013:08:59:16 +0400] "GET /ckeditor/skins/moono/editor.css?t=D08E HTTP/1.1" 200 31046 "http://xn--80aaagabsufuc5b1amej.xn--p1ai/admin/edit" "Mozilla/5.0 (Windows NT 6.1; WOW64) AppleWebKit/537.22 (KHTML, like Gecko) Chrome/25.0.1364.97 Safari/537.22"
37.147.225.147 - - [04/Mar/2013:08:59:17 +0400] "GET /ckeditor/contents.css HTTP/1.1" 200 1580 "-" "Mozilla/5.0 (Windows NT 6.1; WOW64) AppleWebKit/537.22 (KHTML, like Gecko) Chrome/25.0.1364.97 Safari/537.22"
37.147.225.147 - - [04/Mar/2013:08:59:17 +0400] "GET /ckeditor/skins/moono/icons.png HTTP/1.1" 200 20881 "http://xn--80aaagabsufuc5b1amej.xn--p1ai/admin/edit" "Mozilla/5.0 (Windows NT 6.1; WOW64) AppleWebKit/537.22 (KHTML, like Gecko) Chrome/25.0.1364.97 Safari/537.22"
37.147.225.147 - - [04/Mar/2013:08:59:17 +0400] "GET /images/mo4zahvat.png HTTP/1.1" 200 4709 "-" "Mozilla/5.0 (Windows NT 6.1; WOW64) AppleWebKit/537.22 (KHTML, like Gecko) Chrome/25.0.1364.97 Safari/537.22"
37.147.225.147 - - [04/Mar/2013:08:59:17 +0400] "GET /images/mo4dvigatel.png HTTP/1.1" 200 14995 "-" "Mozilla/5.0 (Windows NT 6.1; WOW64) AppleWebKit/537.22 (KHTML, like Gecko) Chrome/25.0.1364.97 Safari/537.22"
37.147.225.147 - - [04/Mar/2013:08:59:17 +0400] "GET /images/mo4blok.png HTTP/1.1" 200 30811 "-" "Mozilla/5.0 (Windows NT 6.1; WOW64) AppleWebKit/537.22 (KHTML, like Gecko) Chrome/25.0.1364.97 Safari/537.22"
37.147.225.147 - - [04/Mar/2013:08:59:17 +0400] "GET /ckeditor/styles.js?t=D08E HTTP/1.1" 200 3695 "http://xn--80aaagabsufuc5b1amej.xn--p1ai/admin/edit" "Mozilla/5.0 (Windows NT 6.1; WOW64) AppleWebKit/537.22 (KHTML, like Gecko) Chrome/25.0.1364.97 Safari/537.22"
37.147.225.147 - - [04/Mar/2013:08:59:17 +0400] "GET /images/mo4podushka.png HTTP/1.1" 200 26628 "-" "Mozilla/5.0 (Windows NT 6.1; WOW64) AppleWebKit/537.22 (KHTML, like Gecko) Chrome/25.0.1364.97 Safari/537.22"
37.147.225.147 - - [04/Mar/2013:08:59:17 +0400] "GET /images/mo4regulator.png HTTP/1.1" 200 69393 "-" "Mozilla/5.0 (Windows NT 6.1; WOW64) AppleWebKit/537.22 (KHTML, like Gecko) Chrome/25.0.1364.97 Safari/537.22"
37.147.225.147 - - [04/Mar/2013:08:59:17 +0400] "GET /images/mo4.png HTTP/1.1" 200 358505 "-" "Mozilla/5.0 (Windows NT 6.1; WOW64) AppleWebKit/537.22 (KHTML, like Gecko) Chrome/25.0.1364.97 Safari/537.22"
37.147.225.147 - - [04/Mar/2013:08:59:43 +0400] "GET /admin HTTP/1.1" 200 12789 "http://xn--80aaagabsufuc5b1amej.xn--p1ai/admin/admin/login" "Mozilla/5.0 (Windows NT 6.1; WOW64) AppleWebKit/537.22 (KHTML, like Gecko) Chrome/25.0.1364.97 Safari/537.22"
37.147.225.147 - - [04/Mar/2013:08:59:49 +0400] "GET /admin/add_product HTTP/1.1" 200 10725 "http://xn--80aaagabsufuc5b1amej.xn--p1ai/admin" "Mozilla/5.0 (Windows NT 6.1; WOW64) AppleWebKit/537.22 (KHTML, like Gecko) Chrome/25.0.1364.97 Safari/537.22"
37.147.225.147 - - [04/Mar/2013:08:59:50 +0400] "GET /images/ HTTP/1.1" 403 316 "http://xn--80aaagabsufuc5b1amej.xn--p1ai/admin/add_product" "Mozilla/5.0 (Windows NT 6.1; WOW64) AppleWebKit/537.22 (KHTML, like Gecko) Chrome/25.0.1364.97 Safari/537.22"
37.147.225.147 - - [04/Mar/2013:09:01:53 +0400] "GET /admin HTTP/1.1" 200 12789 "http://xn--80aaagabsufuc5b1amej.xn--p1ai/admin/admin/login" "Mozilla/5.0 (Windows NT 6.1; WOW64) AppleWebKit/537.22 (KHTML, like Gecko) Chrome/25.0.1364.97 Safari/537.22"
37.147.225.147 - - [04/Mar/2013:09:02:07 +0400] "GET /admin HTTP/1.1" 200 12789 "-" "Mozilla/5.0 (Windows NT 6.1; WOW64) AppleWebKit/537.22 (KHTML, like Gecko) Chrome/25.0.1364.97 Safari/537.22"
37.147.225.147 - - [04/Mar/2013:09:02:56 +0400] "GET /admin/add_product HTTP/1.1" 200 10725 "http://xn--80aaagabsufuc5b1amej.xn--p1ai/admin" "Mozilla/5.0 (Windows NT 6.1; WOW64) AppleWebKit/537.22 (KHTML, like Gecko) Chrome/25.0.1364.97 Safari/537.22"
37.147.225.147 - - [04/Mar/2013:09:02:56 +0400] "GET /images/ HTTP/1.1" 403 316 "http://xn--80aaagabsufuc5b1amej.xn--p1ai/admin/add_product" "Mozilla/5.0 (Windows NT 6.1; WOW64) AppleWebKit/537.22 (KHTML, like Gecko) Chrome/25.0.1364.97 Safari/537.22"
37.147.225.147 - - [04/Mar/2013:09:03:33 +0400] "GET /images/menu_current.jpg HTTP/1.1" 304 - "http://xn--80aaagabsufuc5b1amej.xn--p1ai/admin/add_product" "Mozilla/5.0 (Windows NT 6.1; WOW64) AppleWebKit/537.22 (KHTML, like Gecko) Chrome/25.0.1364.97 Safari/537.22"
208.115.113.91 - - [04/Mar/2013:09:12:22 +0400] "GET /index.php/2011-12-06-20-18-46 HTTP/1.1" 404 7983 "-" "Mozilla/5.0 (compatible; Ezooms/1.0; ezooms.bot@gmail.com)"
37.147.225.147 - - [04/Mar/2013:09:17:26 +0400] "GET /ckeditor/skins/moono/dialog.css?t=D08E HTTP/1.1" 200 15383 "http://xn--80aaagabsufuc5b1amej.xn--p1ai/admin/add_product" "Mozilla/5.0 (Windows NT 6.1; WOW64) AppleWebKit/537.22 (KHTML, like Gecko) Chrome/25.0.1364.97 Safari/537.22"
37.147.225.147 - - [04/Mar/2013:09:17:26 +0400] "GET /ckeditor/plugins/clipboard/dialogs/paste.js?t=D08E HTTP/1.1" 200 3473 "http://xn--80aaagabsufuc5b1amej.xn--p1ai/admin/add_product" "Mozilla/5.0 (Windows NT 6.1; WOW64) AppleWebKit/537.22 (KHTML, like Gecko) Chrome/25.0.1364.97 Safari/537.22"
37.147.225.147 - - [04/Mar/2013:09:17:26 +0400] "GET /ckeditor/skins/moono/images/close.png HTTP/1.1" 200 389 "http://xn--80aaagabsufuc5b1amej.xn--p1ai/admin/add_product" "Mozilla/5.0 (Windows NT 6.1; WOW64) AppleWebKit/537.22 (KHTML, like Gecko) Chrome/25.0.1364.97 Safari/537.22"
37.147.225.147 - - [04/Mar/2013:09:17:29 +0400] "GET /ckeditor/plugins/pastefromword/filter/default.js?t=D08E HTTP/1.1" 200 13932 "http://xn--80aaagabsufuc5b1amej.xn--p1ai/admin/add_product" "Mozilla/5.0 (Windows NT 6.1; WOW64) AppleWebKit/537.22 (KHTML, like Gecko) Chrome/25.0.1364.97 Safari/537.22"
37.147.225.147 - - [04/Mar/2013:09:21:57 +0400] "GET /ckeditor/plugins/image/dialogs/image.js?t=D08E HTTP/1.1" 200 19987 "http://xn--80aaagabsufuc5b1amej.xn--p1ai/admin/add_product" "Mozilla/5.0 (Windows NT 6.1; WOW64) AppleWebKit/537.22 (KHTML, like Gecko) Chrome/25.0.1364.97 Safari/537.22"
37.147.225.147 - - [04/Mar/2013:09:21:58 +0400] "GET /ckeditor/skins/moono/images/mini.png HTTP/1.1" 200 818 "http://xn--80aaagabsufuc5b1amej.xn--p1ai/admin/add_product" "Mozilla/5.0 (Windows NT 6.1; WOW64) AppleWebKit/537.22 (KHTML, like Gecko) Chrome/25.0.1364.97 Safari/537.22"
37.147.225.147 - - [04/Mar/2013:09:22:12 +0400] "POST /ckeditor_uploader.php?CKEditor=q_text&CKEditorFuncNum=2&langCode=ru HTTP/1.1" 200 195 "-" "Mozilla/5.0 (Windows NT 6.1; WOW64) AppleWebKit/537.22 (KHTML, like Gecko) Chrome/25.0.1364.97 Safari/537.22"
37.147.225.147 - - [04/Mar/2013:09:22:31 +0400] "GET /images/MO-242FC.jpg HTTP/1.1" 200 77378 "http://xn--80aaagabsufuc5b1amej.xn--p1ai/admin/add_product" "Mozilla/5.0 (Windows NT 6.1; WOW64) AppleWebKit/537.22 (KHTML, like Gecko) Chrome/25.0.1364.97 Safari/537.22"
37.147.225.147 - - [04/Mar/2013:09:22:31 +0400] "POST /admin/add_product HTTP/1.1" 302 144 "http://xn--80aaagabsufuc5b1amej.xn--p1ai/admin/add_product" "Mozilla/5.0 (Windows NT 6.1; WOW64) AppleWebKit/537.22 (KHTML, like Gecko) Chrome/25.0.1364.97 Safari/537.22"
37.147.225.147 - - [04/Mar/2013:09:22:32 +0400] "GET /admin HTTP/1.1" 200 12880 "http://xn--80aaagabsufuc5b1amej.xn--p1ai/admin/add_product" "Mozilla/5.0 (Windows NT 6.1; WOW64) AppleWebKit/537.22 (KHTML, like Gecko) Chrome/25.0.1364.97 Safari/537.22"
37.147.225.147 - - [04/Mar/2013:09:22:51 +0400] "POST /admin/edit HTTP/1.1" 200 14374 "http://xn--80aaagabsufuc5b1amej.xn--p1ai/admin" "Mozilla/5.0 (Windows NT 6.1; WOW64) AppleWebKit/537.22 (KHTML, like Gecko) Chrome/25.0.1364.97 Safari/537.22"
37.147.225.147 - - [04/Mar/2013:09:22:52 +0400] "GET /images/MO-242FC.jpg HTTP/1.1" 206 1 "http://xn--80aaagabsufuc5b1amej.xn--p1ai/admin/edit" "Mozilla/5.0 (Windows NT 6.1; WOW64) AppleWebKit/537.22 (KHTML, like Gecko) Chrome/25.0.1364.97 Safari/537.22"
37.147.225.147 - - [04/Mar/2013:09:22:52 +0400] "GET /images/MO-242FC.jpg HTTP/1.1" 206 66863 "http://xn--80aaagabsufuc5b1amej.xn--p1ai/admin/edit" "Mozilla/5.0 (Windows NT 6.1; WOW64) AppleWebKit/537.22 (KHTML, like Gecko) Chrome/25.0.1364.97 Safari/537.22"
37.147.225.147 - - [04/Mar/2013:09:23:40 +0400] "POST /admin/edit HTTP/1.1" 302 144 "http://xn--80aaagabsufuc5b1amej.xn--p1ai/admin/edit" "Mozilla/5.0 (Windows NT 6.1; WOW64) AppleWebKit/537.22 (KHTML, like Gecko) Chrome/25.0.1364.97 Safari/537.22"
37.147.225.147 - - [04/Mar/2013:09:23:41 +0400] "GET /admin HTTP/1.1" 200 12880 "http://xn--80aaagabsufuc5b1amej.xn--p1ai/admin/edit" "Mozilla/5.0 (Windows NT 6.1; WOW64) AppleWebKit/537.22 (KHTML, like Gecko) Chrome/25.0.1364.97 Safari/537.22"
37.147.225.147 - - [04/Mar/2013:09:24:19 +0400] "POST /admin/edit HTTP/1.1" 200 14402 "http://xn--80aaagabsufuc5b1amej.xn--p1ai/admin" "Mozilla/5.0 (Windows NT 6.1; WOW64) AppleWebKit/537.22 (KHTML, like Gecko) Chrome/25.0.1364.97 Safari/537.22"
37.147.225.147 - - [04/Mar/2013:09:24:31 +0400] "POST /admin/edit HTTP/1.1" 302 144 "http://xn--80aaagabsufuc5b1amej.xn--p1ai/admin/edit" "Mozilla/5.0 (Windows NT 6.1; WOW64) AppleWebKit/537.22 (KHTML, like Gecko) Chrome/25.0.1364.97 Safari/537.22"
37.147.225.147 - - [04/Mar/2013:09:24:33 +0400] "GET /admin HTTP/1.1" 200 12880 "http://xn--80aaagabsufuc5b1amej.xn--p1ai/admin/edit" "Mozilla/5.0 (Windows NT 6.1; WOW64) AppleWebKit/537.22 (KHTML, like Gecko) Chrome/25.0.1364.97 Safari/537.22"
37.147.225.147 - - [04/Mar/2013:09:24:42 +0400] "GET / HTTP/1.1" 200 18654 "-" "Mozilla/5.0 (Windows NT 6.1; WOW64) AppleWebKit/537.22 (KHTML, like Gecko) Chrome/25.0.1364.97 Safari/537.22"
37.147.225.147 - - [04/Mar/2013:09:24:42 +0400] "GET /images/main_center_bg.png HTTP/1.1" 304 - "http://xn--80aaagabsufuc5b1amej.xn--p1ai/" "Mozilla/5.0 (Windows NT 6.1; WOW64) AppleWebKit/537.22 (KHTML, like Gecko) Chrome/25.0.1364.97 Safari/537.22"
37.147.225.147 - - [04/Mar/2013:09:24:43 +0400] "GET /images/arrow_left.png HTTP/1.1" 304 - "http://xn--80aaagabsufuc5b1amej.xn--p1ai/" "Mozilla/5.0 (Windows NT 6.1; WOW64) AppleWebKit/537.22 (KHTML, like Gecko) Chrome/25.0.1364.97 Safari/537.22"
37.147.225.147 - - [04/Mar/2013:09:24:43 +0400] "GET /images/4_270LB40.jpg HTTP/1.1" 304 - "http://xn--80aaagabsufuc5b1amej.xn--p1ai/" "Mozilla/5.0 (Windows NT 6.1; WOW64) AppleWebKit/537.22 (KHTML, like Gecko) Chrome/25.0.1364.97 Safari/537.22"
37.147.225.147 - - [04/Mar/2013:09:24:43 +0400] "GET /images/T4.jpeg HTTP/1.1" 304 - "http://xn--80aaagabsufuc5b1amej.xn--p1ai/" "Mozilla/5.0 (Windows NT 6.1; WOW64) AppleWebKit/537.22 (KHTML, like Gecko) Chrome/25.0.1364.97 Safari/537.22"
37.147.225.147 - - [04/Mar/2013:09:24:43 +0400] "GET /images/hit_prod_podl.png HTTP/1.1" 304 - "http://xn--80aaagabsufuc5b1amej.xn--p1ai/" "Mozilla/5.0 (Windows NT 6.1; WOW64) AppleWebKit/537.22 (KHTML, like Gecko) Chrome/25.0.1364.97 Safari/537.22"
37.147.225.147 - - [04/Mar/2013:09:24:43 +0400] "GET /images/hit_text_podl.png HTTP/1.1" 304 - "http://xn--80aaagabsufuc5b1amej.xn--p1ai/" "Mozilla/5.0 (Windows NT 6.1; WOW64) AppleWebKit/537.22 (KHTML, like Gecko) Chrome/25.0.1364.97 Safari/537.22"
37.147.225.147 - - [04/Mar/2013:09:24:43 +0400] "GET /images/arrow_right.png HTTP/1.1" 304 - "http://xn--80aaagabsufuc5b1amej.xn--p1ai/" "Mozilla/5.0 (Windows NT 6.1; WOW64) AppleWebKit/537.22 (KHTML, like Gecko) Chrome/25.0.1364.97 Safari/537.22"
37.147.225.147 - - [04/Mar/2013:09:24:43 +0400] "GET /images/comp_logos.png HTTP/1.1" 304 - "http://xn--80aaagabsufuc5b1amej.xn--p1ai/" "Mozilla/5.0 (Windows NT 6.1; WOW64) AppleWebKit/537.22 (KHTML, like Gecko) Chrome/25.0.1364.97 Safari/537.22"
37.147.225.147 - - [04/Mar/2013:09:24:43 +0400] "GET /images/1.png HTTP/1.1" 304 - "http://xn--80aaagabsufuc5b1amej.xn--p1ai/" "Mozilla/5.0 (Windows NT 6.1; WOW64) AppleWebKit/537.22 (KHTML, like Gecko) Chrome/25.0.1364.97 Safari/537.22"
37.147.225.147 - - [04/Mar/2013:09:24:43 +0400] "GET /images/2.png HTTP/1.1" 304 - "http://xn--80aaagabsufuc5b1amej.xn--p1ai/" "Mozilla/5.0 (Windows NT 6.1; WOW64) AppleWebKit/537.22 (KHTML, like Gecko) Chrome/25.0.1364.97 Safari/537.22"
37.147.225.147 - - [04/Mar/2013:09:24:43 +0400] "GET /images/3.png HTTP/1.1" 304 - "http://xn--80aaagabsufuc5b1amej.xn--p1ai/" "Mozilla/5.0 (Windows NT 6.1; WOW64) AppleWebKit/537.22 (KHTML, like Gecko) Chrome/25.0.1364.97 Safari/537.22"
37.147.225.147 - - [04/Mar/2013:09:24:43 +0400] "GET /images/main_map_left.png HTTP/1.1" 304 - "http://xn--80aaagabsufuc5b1amej.xn--p1ai/" "Mozilla/5.0 (Windows NT 6.1; WOW64) AppleWebKit/537.22 (KHTML, like Gecko) Chrome/25.0.1364.97 Safari/537.22"
37.147.225.147 - - [04/Mar/2013:09:24:43 +0400] "GET /images/phone.png HTTP/1.1" 304 - "http://xn--80aaagabsufuc5b1amej.xn--p1ai/" "Mozilla/5.0 (Windows NT 6.1; WOW64) AppleWebKit/537.22 (KHTML, like Gecko) Chrome/25.0.1364.97 Safari/537.22"
37.147.225.147 - - [04/Mar/2013:09:24:43 +0400] "GET /images/perc15.png HTTP/1.1" 304 - "http://xn--80aaagabsufuc5b1amej.xn--p1ai/" "Mozilla/5.0 (Windows NT 6.1; WOW64) AppleWebKit/537.22 (KHTML, like Gecko) Chrome/25.0.1364.97 Safari/537.22"
37.147.225.147 - - [04/Mar/2013:09:24:45 +0400] "GET /catalog HTTP/1.1" 200 19066 "http://xn--80aaagabsufuc5b1amej.xn--p1ai/" "Mozilla/5.0 (Windows NT 6.1; WOW64) AppleWebKit/537.22 (KHTML, like Gecko) Chrome/25.0.1364.97 Safari/537.22"
37.147.225.147 - - [04/Mar/2013:09:24:46 +0400] "GET /images/main_center_bg_cat.png HTTP/1.1" 304 - "http://xn--80aaagabsufuc5b1amej.xn--p1ai/catalog" "Mozilla/5.0 (Windows NT 6.1; WOW64) AppleWebKit/537.22 (KHTML, like Gecko) Chrome/25.0.1364.97 Safari/537.22"
37.147.225.147 - - [04/Mar/2013:09:24:46 +0400] "GET /images/shinomontaj-%20na%20razdel.jpg HTTP/1.1" 304 - "http://xn--80aaagabsufuc5b1amej.xn--p1ai/catalog" "Mozilla/5.0 (Windows NT 6.1; WOW64) AppleWebKit/537.22 (KHTML, like Gecko) Chrome/25.0.1364.97 Safari/537.22"
37.147.225.147 - - [04/Mar/2013:09:24:46 +0400] "GET /images/%D0%B2%D1%83%D0%BB%D0%BA%D0%B0%D0%BD300.jpg HTTP/1.1" 200 35762 "http://xn--80aaagabsufuc5b1amej.xn--p1ai/catalog" "Mozilla/5.0 (Windows NT 6.1; WOW64) AppleWebKit/537.22 (KHTML, like Gecko) Chrome/25.0.1364.97 Safari/537.22"
37.147.225.147 - - [04/Mar/2013:09:24:46 +0400] "GET /images/compr-group.jpg HTTP/1.1" 200 50739 "http://xn--80aaagabsufuc5b1amej.xn--p1ai/catalog" "Mozilla/5.0 (Windows NT 6.1; WOW64) AppleWebKit/537.22 (KHTML, like Gecko) Chrome/25.0.1364.97 Safari/537.22"
37.147.225.147 - - [04/Mar/2013:09:24:46 +0400] "GET /images/podveska.jpg HTTP/1.1" 200 29169 "http://xn--80aaagabsufuc5b1amej.xn--p1ai/catalog" "Mozilla/5.0 (Windows NT 6.1; WOW64) AppleWebKit/537.22 (KHTML, like Gecko) Chrome/25.0.1364.97 Safari/537.22"
37.147.225.147 - - [04/Mar/2013:09:24:46 +0400] "GET /images/%D0%B4%D0%B8%D1%81%D0%BA%D0%BE%D0%BF%D1%80%D0%B0%D0%B2%2056%2000.jpg HTTP/1.1" 200 129877 "http://xn--80aaagabsufuc5b1amej.xn--p1ai/catalog" "Mozilla/5.0 (Windows NT 6.1; WOW64) AppleWebKit/537.22 (KHTML, like Gecko) Chrome/25.0.1364.97 Safari/537.22"
37.147.225.147 - - [04/Mar/2013:09:24:47 +0400] "GET /images/Hunter%20WA140%2032LE02-421LZ3.JPG HTTP/1.1" 200 37056 "http://xn--80aaagabsufuc5b1amej.xn--p1ai/catalog" "Mozilla/5.0 (Windows NT 6.1; WOW64) AppleWebKit/537.22 (KHTML, like Gecko) Chrome/25.0.1364.97 Safari/537.22"
37.147.225.147 - - [04/Mar/2013:09:24:46 +0400] "GET /images/siver_de_kopiya.png HTTP/1.1" 200 336001 "http://xn--80aaagabsufuc5b1amej.xn--p1ai/catalog" "Mozilla/5.0 (Windows NT 6.1; WOW64) AppleWebKit/537.22 (KHTML, like Gecko) Chrome/25.0.1364.97 Safari/537.22"
37.147.225.147 - - [04/Mar/2013:09:25:02 +0400] "GET /catalog/list/9 HTTP/1.1" 200 10997 "http://xn--80aaagabsufuc5b1amej.xn--p1ai/catalog" "Mozilla/5.0 (Windows NT 6.1; WOW64) AppleWebKit/537.22 (KHTML, like Gecko) Chrome/25.0.1364.97 Safari/537.22"
37.147.225.147 - - [04/Mar/2013:09:25:03 +0400] "GET /images/4%20%D1%81%D1%82%D0%BE%D0%B9%D0%BA%D0%B8.jpeg HTTP/1.1" 200 31543 "http://xn--80aaagabsufuc5b1amej.xn--p1ai/catalog/list/9" "Mozilla/5.0 (Windows NT 6.1; WOW64) AppleWebKit/537.22 (KHTML, like Gecko) Chrome/25.0.1364.97 Safari/537.22"
37.147.225.147 - - [04/Mar/2013:09:25:03 +0400] "GET /images/mo640.jpg HTTP/1.1" 200 92086 "http://xn--80aaagabsufuc5b1amej.xn--p1ai/catalog/list/9" "Mozilla/5.0 (Windows NT 6.1; WOW64) AppleWebKit/537.22 (KHTML, like Gecko) Chrome/25.0.1364.97 Safari/537.22"
66.249.78.107 - - [04/Mar/2013:09:25:04 +0400] "GET /index.php/2011-12-06-20-18-46 HTTP/1.1" 404 7983 "-" "Mozilla/5.0 (compatible; Googlebot/2.1; +http://www.google.com/bot.html)"
37.147.225.147 - - [04/Mar/2013:09:25:07 +0400] "GET /catalog/list/10 HTTP/1.1" 200 11734 "http://xn--80aaagabsufuc5b1amej.xn--p1ai/catalog/list/9" "Mozilla/5.0 (Windows NT 6.1; WOW64) AppleWebKit/537.22 (KHTML, like Gecko) Chrome/25.0.1364.97 Safari/537.22"
37.147.225.147 - - [04/Mar/2013:09:25:07 +0400] "GET /images/mo230mr.jpg HTTP/1.1" 200 67083 "http://xn--80aaagabsufuc5b1amej.xn--p1ai/catalog/list/10" "Mozilla/5.0 (Windows NT 6.1; WOW64) AppleWebKit/537.22 (KHTML, like Gecko) Chrome/25.0.1364.97 Safari/537.22"
37.147.225.147 - - [04/Mar/2013:09:25:31 +0400] "POST /admin/edit HTTP/1.1" 200 11209 "http://xn--80aaagabsufuc5b1amej.xn--p1ai/admin" "Mozilla/5.0 (Windows NT 6.1; WOW64) AppleWebKit/537.22 (KHTML, like Gecko) Chrome/25.0.1364.97 Safari/537.22"
37.147.225.147 - - [04/Mar/2013:09:25:33 +0400] "GET /admin HTTP/1.1" 200 12880 "http://xn--80aaagabsufuc5b1amej.xn--p1ai/admin/edit" "Mozilla/5.0 (Windows NT 6.1; WOW64) AppleWebKit/537.22 (KHTML, like Gecko) Chrome/25.0.1364.97 Safari/537.22"
37.147.225.147 - - [04/Mar/2013:09:25:38 +0400] "POST /admin/edit HTTP/1.1" 200 14418 "http://xn--80aaagabsufuc5b1amej.xn--p1ai/admin" "Mozilla/5.0 (Windows NT 6.1; WOW64) AppleWebKit/537.22 (KHTML, like Gecko) Chrome/25.0.1364.97 Safari/537.22"
37.147.225.147 - - [04/Mar/2013:09:26:05 +0400] "POST /admin/edit HTTP/1.1" 302 144 "http://xn--80aaagabsufuc5b1amej.xn--p1ai/admin/edit" "Mozilla/5.0 (Windows NT 6.1; WOW64) AppleWebKit/537.22 (KHTML, like Gecko) Chrome/25.0.1364.97 Safari/537.22"
37.147.225.147 - - [04/Mar/2013:09:26:05 +0400] "GET /admin HTTP/1.1" 200 12880 "http://xn--80aaagabsufuc5b1amej.xn--p1ai/admin/edit" "Mozilla/5.0 (Windows NT 6.1; WOW64) AppleWebKit/537.22 (KHTML, like Gecko) Chrome/25.0.1364.97 Safari/537.22"
