66.249.75.133 - - [09/Mar/2013:00:59:38 +0400] "GET /images/mo4354.png HTTP/1.1" 200 12870 "-" "Googlebot-Image/1.0"
208.115.113.91 - - [09/Mar/2013:01:16:20 +0400] "GET /index.php/2011-12-14-13-33-12 HTTP/1.1" 404 7983 "-" "Mozilla/5.0 (compatible; Ezooms/1.0; ezooms.bot@gmail.com)"
208.115.113.91 - - [09/Mar/2013:01:16:26 +0400] "GET /index.php/diskopravi/item/titan-55-00 HTTP/1.1" 404 7983 "-" "Mozilla/5.0 (compatible; Ezooms/1.0; ezooms.bot@gmail.com)"
77.88.59.64 - - [09/Mar/2013:01:42:00 +0400] "GET / HTTP/1.1" 200 19485 "-" "Yandex/1.01.001 (compatible; Win16; I)"
37.140.141.12 - - [09/Mar/2013:01:43:52 +0400] "GET /catalog/product/40 HTTP/1.1" 200 19272 "-" "Mozilla/5.0 (compatible; YandexBot/3.0; +http://yandex.com/bots)"
77.88.59.64 - - [09/Mar/2013:01:58:23 +0400] "GET / HTTP/1.1" 200 19485 "-" "Yandex/1.01.001 (compatible; Win16; I)"
37.140.141.12 - - [09/Mar/2013:02:49:30 +0400] "GET /index.php/2012-01-20-16-51-42/item/launch-%D0%BA%D0%B4%D1%81-5%D0%BA HTTP/1.1" 404 7983 "-" "Mozilla/5.0 (compatible; YandexBot/3.0; +http://yandex.com/bots)"
37.140.141.12 - - [09/Mar/2013:03:35:02 +0400] "GET /index.php/2011-12-06-19-41-54/item/launch-tlt-235sb HTTP/1.1" 404 7983 "-" "Mozilla/5.0 (compatible; YandexBot/3.0; +http://yandex.com/bots)"
66.249.75.39 - - [09/Mar/2013:03:36:38 +0400] "GET /catalog/product/8 HTTP/1.1" 200 10692 "-" "Mozilla/5.0 (compatible; Googlebot/2.1; +http://www.google.com/bot.html)"
178.154.239.93 - - [09/Mar/2013:03:44:13 +0400] "GET / HTTP/1.1" 200 19485 "-" "Yandex/1.01.001 (compatible; Win16; I)"
66.249.75.133 - - [09/Mar/2013:03:44:36 +0400] "GET /robots.txt HTTP/1.1" 404 7983 "-" "Mozilla/5.0 (compatible; Googlebot/2.1; +http://www.google.com/bot.html)"
66.249.75.133 - - [09/Mar/2013:03:44:37 +0400] "GET /images/tech0906.jpg HTTP/1.1" 404 7983 "-" "Googlebot-Image/1.0"
208.115.113.91 - - [09/Mar/2013:03:58:53 +0400] "GET /robots.txt HTTP/1.1" 404 7983 "-" "Mozilla/5.0 (compatible; Ezooms/1.0; ezooms.bot@gmail.com)"
66.249.75.39 - - [09/Mar/2013:04:00:54 +0400] "GET /catalog/product/5 HTTP/1.1" 200 10078 "-" "Mozilla/5.0 (compatible; Googlebot/2.1; +http://www.google.com/bot.html)"
66.249.75.133 - - [09/Mar/2013:04:09:31 +0400] "GET /index.php/component/content/?view=featured&start=10 HTTP/1.1" 404 7983 "-" "Mozilla/5.0 (compatible; Googlebot/2.1; +http://www.google.com/bot.html)"
66.249.75.39 - - [09/Mar/2013:04:10:27 +0400] "GET /catalog/product/6 HTTP/1.1" 200 11244 "-" "Mozilla/5.0 (compatible; Googlebot/2.1; +http://www.google.com/bot.html)"
66.249.75.39 - - [09/Mar/2013:04:10:54 +0400] "GET /catalog/product/22 HTTP/1.1" 200 11667 "-" "Mozilla/5.0 (compatible; Googlebot/2.1; +http://www.google.com/bot.html)"
66.249.75.133 - - [09/Mar/2013:04:11:37 +0400] "GET /index.php/component/content/article/60-2011-11-23-11-32-01/rs/rs/hunter-hawkeye-3d/46-hunter-hawkeye-3d HTTP/1.1" 404 7983 "-" "Mozilla/5.0 (compatible; Googlebot/2.1; +http://www.google.com/bot.html)"
66.249.75.133 - - [09/Mar/2013:04:11:49 +0400] "GET /index.php/2012-04-11-10-09-59/68-legkbal HTTP/1.1" 404 7983 "-" "Mozilla/5.0 (compatible; Googlebot/2.1; +http://www.google.com/bot.html)"
66.249.75.133 - - [09/Mar/2013:04:12:16 +0400] "GET /index.php/diskopravi HTTP/1.1" 404 7983 "-" "Mozilla/5.0 (compatible; Googlebot/2.1; +http://www.google.com/bot.html)"
66.249.75.133 - - [09/Mar/2013:04:15:53 +0400] "GET /index.php/2012-04-11-10-09-59 HTTP/1.1" 404 7983 "-" "Mozilla/5.0 (compatible; Googlebot/2.1; +http://www.google.com/bot.html)"
66.249.75.133 - - [09/Mar/2013:04:16:02 +0400] "GET /index.php/2011-12-06-19-41-54/item/modena-mo-5000eb HTTP/1.1" 404 7983 "-" "Mozilla/5.0 (compatible; Googlebot/2.1; +http://www.google.com/bot.html)"
66.249.75.133 - - [09/Mar/2013:04:16:03 +0400] "GET /index.php/component/content/article/91-2011-11-23-11-32-01/2011-11-23-11-34-48/nojn/trommelberg/65-trommelberg HTTP/1.1" 404 7983 "-" "Mozilla/5.0 (compatible; Googlebot/2.1; +http://www.google.com/bot.html)"
66.249.75.133 - - [09/Mar/2013:04:16:31 +0400] "GET /index.php/component/content/article/54-2011-11-23-11-32-01/2011-11-23-11-34-48/dvuh/tlt235sb380-220-2-35-launch/40-tlt235sb380-220-2-35-launch HTTP/1.1" 404 7983 "-" "Mozilla/5.0 (compatible; Googlebot/2.1; +http://www.google.com/bot.html)"
66.249.75.133 - - [09/Mar/2013:04:21:53 +0400] "GET /index.php/component/content/article/56-2011-11-23-11-32-01/2011-11-23-11-34-48/dvuh/tlt-240sc-380-220-2-4-launch/42-tlt-240sc-380-220-2-4-launch HTTP/1.1" 404 7983 "-" "Mozilla/5.0 (compatible; Googlebot/2.1; +http://www.google.com/bot.html)"
66.249.75.133 - - [09/Mar/2013:04:22:08 +0400] "GET /index.php/component/content/article/44-2011-11-23-11-32-01/2011-11-23-11-34-48/dvuh/t4/33-t4 HTTP/1.1" 404 7983 "-" "Mozilla/5.0 (compatible; Googlebot/2.1; +http://www.google.com/bot.html)"
66.249.75.133 - - [09/Mar/2013:04:22:17 +0400] "GET /index.php/component/content/article/55-2011-11-23-11-32-01/2011-11-23-11-34-48/dvuh/tlt-240sb-380-220-4-launch/41-tlt-240sb-380-220-4-launch HTTP/1.1" 404 7983 "-" "Mozilla/5.0 (compatible; Googlebot/2.1; +http://www.google.com/bot.html)"
66.249.75.133 - - [09/Mar/2013:04:22:48 +0400] "GET /index.php/2012-04-11-10-11-09/77-generaz HTTP/1.1" 404 7983 "-" "Mozilla/5.0 (compatible; Googlebot/2.1; +http://www.google.com/bot.html)"
66.249.75.39 - - [09/Mar/2013:04:22:49 +0400] "GET /catalog/product/33 HTTP/1.1" 200 12794 "-" "Mozilla/5.0 (compatible; Googlebot/2.1; +http://www.google.com/bot.html)"
66.249.75.133 - - [09/Mar/2013:04:24:06 +0400] "GET /index.php/128-2011-11-23-11-32-01/stapelya/siver-e HTTP/1.1" 404 7983 "-" "Mozilla/5.0 (compatible; Googlebot/2.1; +http://www.google.com/bot.html)"
66.249.75.133 - - [09/Mar/2013:04:24:22 +0400] "GET /index.php/127-2011-11-23-11-32-01/stapelya/siver-c HTTP/1.1" 404 7983 "-" "Mozilla/5.0 (compatible; Googlebot/2.1; +http://www.google.com/bot.html)"
66.249.75.133 - - [09/Mar/2013:04:24:55 +0400] "GET /index.php/132-2011-11-23-11-32-01/stapelya/siver-cp-1 HTTP/1.1" 404 7983 "-" "Mozilla/5.0 (compatible; Googlebot/2.1; +http://www.google.com/bot.html)"
66.249.75.133 - - [09/Mar/2013:04:30:12 +0400] "GET /index.php/153-2011-11-23-11-32-01/diskopravi/titan-558 HTTP/1.1" 404 7983 "-" "Mozilla/5.0 (compatible; Googlebot/2.1; +http://www.google.com/bot.html)"
66.249.75.133 - - [09/Mar/2013:04:31:07 +0400] "GET /index.php/143-2011-11-23-11-32-01/diskopravi/titan-5500 HTTP/1.1" 404 7983 "-" "Mozilla/5.0 (compatible; Googlebot/2.1; +http://www.google.com/bot.html)"
66.249.75.133 - - [09/Mar/2013:04:31:18 +0400] "GET /index.php/152-2011-11-23-11-32-01/diskopravi/titan-st-17 HTTP/1.1" 404 7983 "-" "Mozilla/5.0 (compatible; Googlebot/2.1; +http://www.google.com/bot.html)"
66.249.75.133 - - [09/Mar/2013:04:34:42 +0400] "GET /index.php/146-2011-11-23-11-32-01/diskopravi/titan-57-00 HTTP/1.1" 404 7983 "-" "Mozilla/5.0 (compatible; Googlebot/2.1; +http://www.google.com/bot.html)"
66.249.75.133 - - [09/Mar/2013:04:34:45 +0400] "GET /index.php/151-2011-11-23-11-32-01/diskopravi/titan-st-16 HTTP/1.1" 404 7983 "-" "Mozilla/5.0 (compatible; Googlebot/2.1; +http://www.google.com/bot.html)"
66.249.75.133 - - [09/Mar/2013:04:34:48 +0400] "GET /index.php/155-2011-11-23-11-32-01/diskopravi/titan-jumbo1 HTTP/1.1" 404 7983 "-" "Mozilla/5.0 (compatible; Googlebot/2.1; +http://www.google.com/bot.html)"
66.249.75.133 - - [09/Mar/2013:04:34:49 +0400] "GET /index.php/2011-12-06-19-41-54/item/hunter-rx-40 HTTP/1.1" 404 7983 "-" "Mozilla/5.0 (compatible; Googlebot/2.1; +http://www.google.com/bot.html)"
66.249.75.133 - - [09/Mar/2013:04:35:23 +0400] "GET /index.php/2011-11-21-15-43-43/137-rs/rs/wa140-26le02-401lz2/71-hunter-rs HTTP/1.1" 404 7983 "-" "Mozilla/5.0 (compatible; Googlebot/2.1; +http://www.google.com/bot.html)"
66.249.75.133 - - [09/Mar/2013:04:35:48 +0400] "GET /index.php/2012-04-11-10-09-59/100-legkbal/sbm-260-aw HTTP/1.1" 404 7983 "-" "Mozilla/5.0 (compatible; Googlebot/2.1; +http://www.google.com/bot.html)"
66.249.75.133 - - [09/Mar/2013:04:35:53 +0400] "GET /index.php/2011-11-21-15-43-43/13-2011-11-23-11-35-00 HTTP/1.1" 404 7983 "-" "Mozilla/5.0 (compatible; Googlebot/2.1; +http://www.google.com/bot.html)"
66.249.75.133 - - [09/Mar/2013:04:36:25 +0400] "GET /index.php/2011-12-06-19-41-54/item/aet-t4 HTTP/1.1" 404 7983 "-" "Mozilla/5.0 (compatible; Googlebot/2.1; +http://www.google.com/bot.html)"
66.249.75.133 - - [09/Mar/2013:04:36:36 +0400] "GET /index.php/2012-04-11-10-09-59/108-legkbal/bright-cb-958b HTTP/1.1" 404 7983 "-" "Mozilla/5.0 (compatible; Googlebot/2.1; +http://www.google.com/bot.html)"
66.249.75.133 - - [09/Mar/2013:04:36:51 +0400] "GET /index.php/2011-12-06-19-41-54/category/%D0%BD%D0%BE%D0%B6%D0%BD%D0%B8%D1%87%D0%BD%D1%8B%D0%B5-%D0%BF%D0%BE%D0%B4%D1%8A%D0%B5%D0%BC%D0%BD%D0%B8%D0%BA%D0%B8 HTTP/1.1" 404 7983 "-" "Mozilla/5.0 (compatible; Googlebot/2.1; +http://www.google.com/bot.html)"
66.249.75.133 - - [09/Mar/2013:04:36:52 +0400] "GET /index.php/2011-11-21-15-43-43/60-rs/rs/hunter-hawkeye-3d/46-hunter-hawkeye-3d HTTP/1.1" 404 7983 "-" "Mozilla/5.0 (compatible; Googlebot/2.1; +http://www.google.com/bot.html)"
66.249.75.39 - - [09/Mar/2013:04:36:57 +0400] "GET /catalog/product/9 HTTP/1.1" 200 10767 "-" "Mozilla/5.0 (compatible; Googlebot/2.1; +http://www.google.com/bot.html)"
66.249.75.39 - - [09/Mar/2013:04:41:40 +0400] "GET /catalog/product/23 HTTP/1.1" 200 12439 "-" "Mozilla/5.0 (compatible; Googlebot/2.1; +http://www.google.com/bot.html)"
66.249.75.39 - - [09/Mar/2013:04:44:59 +0400] "GET /catalog/product/20 HTTP/1.1" 200 27900 "-" "Mozilla/5.0 (compatible; Googlebot/2.1; +http://www.google.com/bot.html)"
66.249.75.2 - - [09/Mar/2013:05:00:12 +0400] "GET /robots.txt HTTP/1.1" 404 7983 "-" "Mozilla/5.0 (compatible; Googlebot/2.1; +http://www.google.com/bot.html)"
66.249.75.2 - - [09/Mar/2013:05:00:12 +0400] "GET /index.php/73-2011-11-23-11-32-01/2011-11-23-11-34-08/shinlegk HTTP/1.1" 404 7983 "-" "Mozilla/5.0 (compatible; Googlebot/2.1; +http://www.google.com/bot.html)"
208.115.113.91 - - [09/Mar/2013:05:16:12 +0400] "GET /index.php/2011-12-06-19-41-54/item/modena-mo-700p?category_id=31 HTTP/1.1" 404 7983 "-" "Mozilla/5.0 (compatible; Ezooms/1.0; ezooms.bot@gmail.com)"
66.249.75.133 - - [09/Mar/2013:05:28:54 +0400] "GET /images/mo4358.png HTTP/1.1" 200 36686 "-" "Googlebot-Image/1.0"
66.249.75.2 - - [09/Mar/2013:05:29:24 +0400] "GET /index.php/117-2011-11-23-11-32-01/2011-11-23-11-34-08/shinlegk/giuliano-s-110 HTTP/1.1" 404 7983 "-" "Mozilla/5.0 (compatible; Googlebot/2.1; +http://www.google.com/bot.html)"
66.249.75.2 - - [09/Mar/2013:05:52:42 +0400] "GET /index.php/120-2011-11-23-11-32-01/2011-11-23-11-34-08/shinlegk/giuliano-s-109 HTTP/1.1" 404 7983 "-" "Mozilla/5.0 (compatible; Googlebot/2.1; +http://www.google.com/bot.html)"
66.249.75.2 - - [09/Mar/2013:06:02:02 +0400] "GET /index.php/53-2011-11-23-11-32-01/2011-11-23-11-34-08/shinlegk/aeat-bl555acap2007 HTTP/1.1" 404 7983 "-" "Mozilla/5.0 (compatible; Googlebot/2.1; +http://www.google.com/bot.html)"
66.249.75.2 - - [09/Mar/2013:06:02:18 +0400] "GET /index.php/51-2011-11-23-11-32-01/2011-11-23-11-34-08/shinlegk/aeat-890it HTTP/1.1" 404 7983 "-" "Mozilla/5.0 (compatible; Googlebot/2.1; +http://www.google.com/bot.html)"
66.249.75.2 - - [09/Mar/2013:06:03:28 +0400] "GET /index.php/46-2011-11-23-11-32-01/2011-11-23-11-34-08/shinlegk/aeat-850-380 HTTP/1.1" 404 7983 "-" "Mozilla/5.0 (compatible; Googlebot/2.1; +http://www.google.com/bot.html)"
66.249.75.2 - - [09/Mar/2013:06:04:38 +0400] "GET /index.php/119-2011-11-23-11-32-01/2011-11-23-11-34-08/shinlegk/giuliano-s-112f HTTP/1.1" 404 7983 "-" "Mozilla/5.0 (compatible; Googlebot/2.1; +http://www.google.com/bot.html)"
66.249.75.2 - - [09/Mar/2013:06:05:02 +0400] "GET /index.php/116-2011-11-23-11-32-01/2011-11-23-11-34-08/shinlegk/bright-lc810 HTTP/1.1" 404 7983 "-" "Mozilla/5.0 (compatible; Googlebot/2.1; +http://www.google.com/bot.html)"
195.239.178.205 - - [09/Mar/2013:06:05:17 +0400] "GET / HTTP/1.0" 200 19485 "-" "Mozilla/5.0 (compatible; Nigma.ru/3.0; crawler@nigma.ru)"
66.249.75.2 - - [09/Mar/2013:06:08:28 +0400] "GET /index.php/122-2011-11-23-11-32-01/2011-11-23-11-34-08/shinlegk/giuliano-s-222 HTTP/1.1" 404 7983 "-" "Mozilla/5.0 (compatible; Googlebot/2.1; +http://www.google.com/bot.html)"
66.249.75.2 - - [09/Mar/2013:06:08:44 +0400] "GET /index.php/50-2011-11-23-11-32-01/2011-11-23-11-34-08/shinlegk/aeat-885it HTTP/1.1" 404 7983 "-" "Mozilla/5.0 (compatible; Googlebot/2.1; +http://www.google.com/bot.html)"
37.140.141.12 - - [09/Mar/2013:06:13:48 +0400] "GET /robots.txt HTTP/1.1" 404 7983 "-" "Mozilla/5.0 (compatible; YandexBot/3.0; +http://yandex.com/bots)"
66.249.75.39 - - [09/Mar/2013:06:20:56 +0400] "GET /robots.txt HTTP/1.1" 404 7983 "-" "Mozilla/5.0 (compatible; Googlebot/2.1; +http://www.google.com/bot.html)"
66.249.75.39 - - [09/Mar/2013:06:20:57 +0400] "GET /catalog/product/26 HTTP/1.1" 200 12757 "-" "Mozilla/5.0 (compatible; Googlebot/2.1; +http://www.google.com/bot.html)"
66.249.75.39 - - [09/Mar/2013:06:51:10 +0400] "GET /catalog/product/24 HTTP/1.1" 200 12250 "-" "Mozilla/5.0 (compatible; Googlebot/2.1; +http://www.google.com/bot.html)"
66.249.75.133 - - [09/Mar/2013:07:35:05 +0400] "GET /images/modena%20exclusive1.jpg HTTP/1.1" 404 7983 "-" "Googlebot-Image/1.0"
66.249.75.39 - - [09/Mar/2013:07:38:37 +0400] "GET /catalog/product/15 HTTP/1.1" 200 12444 "-" "Mozilla/5.0 (compatible; Googlebot/2.1; +http://www.google.com/bot.html)"
208.115.113.91 - - [09/Mar/2013:07:53:04 +0400] "GET /robots.txt HTTP/1.1" 404 7983 "-" "Mozilla/5.0 (compatible; Ezooms/1.0; ezooms.bot@gmail.com)"
37.140.141.12 - - [09/Mar/2013:07:58:36 +0400] "GET /index.php/component/content/article/159-2011-11-23-11-32-01/2011-12-14-13-38-50/clipper-bal/132-clipper-bal HTTP/1.1" 404 7983 "-" "Mozilla/5.0 (compatible; YandexBot/3.0; +http://yandex.com/bots)"
66.249.75.39 - - [09/Mar/2013:08:02:29 +0400] "GET /catalog/product/41 HTTP/1.1" 200 26290 "-" "Mozilla/5.0 (compatible; Googlebot/2.1; +http://www.google.com/bot.html)"
66.249.75.39 - - [09/Mar/2013:08:08:09 +0400] "GET /catalog/product/14 HTTP/1.1" 200 23196 "-" "Mozilla/5.0 (compatible; Googlebot/2.1; +http://www.google.com/bot.html)"
66.249.75.39 - - [09/Mar/2013:08:25:52 +0400] "GET /catalog/product/40 HTTP/1.1" 200 19272 "-" "Mozilla/5.0 (compatible; Googlebot/2.1; +http://www.google.com/bot.html)"
66.249.75.133 - - [09/Mar/2013:08:43:32 +0400] "GET /index.php/discount HTTP/1.1" 404 7983 "-" "SAMSUNG-SGH-E250/1.0 Profile/MIDP-2.0 Configuration/CLDC-1.1 UP.Browser/6.2.3.3.c.1.101 (GUI) MMP/2.0 (compatible; Googlebot-Mobile/2.1; +http://www.google.com/bot.html)"
66.249.75.39 - - [09/Mar/2013:08:45:38 +0400] "GET /catalog/product/10 HTTP/1.1" 200 13317 "-" "Mozilla/5.0 (compatible; Googlebot/2.1; +http://www.google.com/bot.html)"
66.249.75.39 - - [09/Mar/2013:09:10:21 +0400] "GET /catalog/product/17 HTTP/1.1" 200 12287 "-" "Mozilla/5.0 (compatible; Googlebot/2.1; +http://www.google.com/bot.html)"
208.115.113.91 - - [09/Mar/2013:09:16:01 +0400] "GET /index.php/diskopravi/item/titan-st-17?category_id=33 HTTP/1.1" 404 7983 "-" "Mozilla/5.0 (compatible; Ezooms/1.0; ezooms.bot@gmail.com)"
66.249.75.39 - - [09/Mar/2013:09:27:36 +0400] "GET /catalog/product/12 HTTP/1.1" 200 11865 "-" "Mozilla/5.0 (compatible; Googlebot/2.1; +http://www.google.com/bot.html)"
77.39.39.161 - - [09/Mar/2013:09:45:15 +0400] "GET /index.php/2012-04-11-10-11-09/86-jelmeb/shkaf HTTP/1.1" 404 7983 "-" "Opera/9.80 (Windows NT 6.1; MRA 6.0 (build 5972)) Presto/2.12.388 Version/12.14"
77.39.39.161 - - [09/Mar/2013:09:45:16 +0400] "GET /ckeditor/ckeditor.js HTTP/1.1" 304 - "http://xn--80aaagabsufuc5b1amej.xn--p1ai/index.php/2012-04-11-10-11-09/86-jelmeb/shkaf" "Opera/9.80 (Windows NT 6.1; MRA 6.0 (build 5972)) Presto/2.12.388 Version/12.14"
208.115.111.75 - - [09/Mar/2013:09:53:57 +0400] "GET /robots.txt HTTP/1.1" 404 7983 "-" "Mozilla/5.0 (compatible; Ezooms/1.0; ezooms.bot@gmail.com)"
208.115.111.75 - - [09/Mar/2013:09:53:57 +0400] "GET /robots.txt HTTP/1.1" 404 7983 "-" "Mozilla/5.0 (compatible; Ezooms/1.0; ezooms.bot@gmail.com)"
66.249.75.39 - - [09/Mar/2013:10:01:32 +0400] "GET /index.php/27-2011-11-23-11-32-01/2011-11-23-11-35-34/aircast---4-500-w11516 HTTP/1.1" 404 7983 "-" "Mozilla/5.0 (compatible; Googlebot/2.1; +http://www.google.com/bot.html)"
66.249.75.133 - - [09/Mar/2013:10:05:07 +0400] "GET /index.php/2012-01-20-16-51-42 HTTP/1.1" 404 7983 "-" "DoCoMo/2.0 N905i(c100;TB;W24H16) (compatible; Googlebot-Mobile/2.1; +http://www.google.com/bot.html)"
66.249.75.133 - - [09/Mar/2013:10:11:55 +0400] "GET /images/tech%20permacure.jpg HTTP/1.1" 404 7983 "-" "Googlebot-Image/1.0"
66.249.75.39 - - [09/Mar/2013:10:17:28 +0400] "GET /catalog/product/25 HTTP/1.1" 200 12223 "-" "Mozilla/5.0 (compatible; Googlebot/2.1; +http://www.google.com/bot.html)"
66.249.75.39 - - [09/Mar/2013:10:32:18 +0400] "GET /catalog/product/21 HTTP/1.1" 200 28798 "-" "Mozilla/5.0 (compatible; Googlebot/2.1; +http://www.google.com/bot.html)"
208.115.111.75 - - [09/Mar/2013:10:40:38 +0400] "GET /index.php/2012-04-11-10-09-59/111-legkbal/cemb-c-72 HTTP/1.1" 404 7983 "-" "Mozilla/5.0 (compatible; Ezooms/1.0; ezooms.bot@gmail.com)"
208.115.111.75 - - [09/Mar/2013:10:40:41 +0400] "GET /index.php/2011-12-06-19-41-54/item/aet-t4?category_id=20 HTTP/1.1" 404 7983 "-" "Mozilla/5.0 (compatible; Ezooms/1.0; ezooms.bot@gmail.com)"
208.115.111.75 - - [09/Mar/2013:10:40:44 +0400] "GET /index.php/2012-04-11-10-09-59/100-legkbal/sbm-260-aw HTTP/1.1" 404 7983 "-" "Mozilla/5.0 (compatible; Ezooms/1.0; ezooms.bot@gmail.com)"
208.115.111.75 - - [09/Mar/2013:10:40:47 +0400] "GET /index.php/2011-12-06-19-41-54/item/modena-253ebmo-254eb?category_id=31 HTTP/1.1" 404 7983 "-" "Mozilla/5.0 (compatible; Ezooms/1.0; ezooms.bot@gmail.com)"
66.249.75.133 - - [09/Mar/2013:10:41:57 +0400] "GET /templates/as002032-free/slider/images/slide2.jpg HTTP/1.1" 404 7983 "-" "Googlebot-Image/1.0"
66.249.75.39 - - [09/Mar/2013:10:49:36 +0400] "GET /catalog/product/16 HTTP/1.1" 200 12431 "-" "Mozilla/5.0 (compatible; Googlebot/2.1; +http://www.google.com/bot.html)"
66.249.75.133 - - [09/Mar/2013:10:49:58 +0400] "GET /images/podveska.jpg HTTP/1.1" 200 29169 "-" "Googlebot-Image/1.0"
66.249.75.133 - - [09/Mar/2013:11:04:23 +0400] "GET /images/tech0108.jpg HTTP/1.1" 404 7983 "-" "Googlebot-Image/1.0"
66.249.75.133 - - [09/Mar/2013:11:05:29 +0400] "GET /cache/com_zoo/images/hunter%20logo_9951527d03fa3586be05143ad702d62c.jpg HTTP/1.1" 404 7983 "-" "Googlebot-Image/1.0"
66.249.75.39 - - [09/Mar/2013:11:12:16 +0400] "GET /catalog/product/30 HTTP/1.1" 200 12914 "-" "Mozilla/5.0 (compatible; Googlebot/2.1; +http://www.google.com/bot.html)"
66.249.75.39 - - [09/Mar/2013:11:12:42 +0400] "GET /catalog/product/28 HTTP/1.1" 200 15121 "-" "Mozilla/5.0 (compatible; Googlebot/2.1; +http://www.google.com/bot.html)"
66.249.75.133 - - [09/Mar/2013:11:39:45 +0400] "GET /images/dst910b.gif HTTP/1.1" 404 7983 "-" "Googlebot-Image/1.0"
66.249.75.2 - - [09/Mar/2013:11:39:47 +0400] "GET /robots.txt HTTP/1.1" 404 7983 "-" "Mozilla/5.0 (compatible; Googlebot/2.1; +http://www.google.com/bot.html)"
66.249.75.133 - - [09/Mar/2013:11:42:59 +0400] "GET /images/mo435.png HTTP/1.1" 200 334116 "-" "Googlebot-Image/1.0"
66.249.75.39 - - [09/Mar/2013:12:05:43 +0400] "GET /catalog/product/35 HTTP/1.1" 200 24242 "-" "Mozilla/5.0 (compatible; Googlebot/2.1; +http://www.google.com/bot.html)"
66.249.75.39 - - [09/Mar/2013:12:06:17 +0400] "GET /catalog/product/34 HTTP/1.1" 200 13450 "-" "Mozilla/5.0 (compatible; Googlebot/2.1; +http://www.google.com/bot.html)"
66.249.75.39 - - [09/Mar/2013:12:46:55 +0400] "GET /catalog/product/37 HTTP/1.1" 200 13117 "-" "Mozilla/5.0 (compatible; Googlebot/2.1; +http://www.google.com/bot.html)"
66.249.75.39 - - [09/Mar/2013:13:11:41 +0400] "GET /catalog/product/38 HTTP/1.1" 200 14489 "-" "Mozilla/5.0 (compatible; Googlebot/2.1; +http://www.google.com/bot.html)"
37.140.141.12 - - [09/Mar/2013:13:15:37 +0400] "GET / HTTP/1.1" 200 19485 "-" "Mozilla/5.0 (compatible; YandexBot/3.0; MirrorDetector; +http://yandex.com/bots)"
37.147.227.126 - - [09/Mar/2013:13:15:58 +0400] "GET / HTTP/1.1" 200 19485 "-" "Mozilla/5.0 (Windows NT 6.1) AppleWebKit/537.22 (KHTML, like Gecko) Chrome/25.0.1364.152 Safari/537.22"
37.147.227.126 - - [09/Mar/2013:13:15:58 +0400] "GET /css/style.css HTTP/1.1" 200 996 "http://xn--80aaagabsufuc5b1amej.xn--p1ai/" "Mozilla/5.0 (Windows NT 6.1) AppleWebKit/537.22 (KHTML, like Gecko) Chrome/25.0.1364.152 Safari/537.22"
37.147.227.126 - - [09/Mar/2013:13:15:58 +0400] "GET /css/bootstrap-responsive.min.css HTTP/1.1" 200 16520 "http://xn--80aaagabsufuc5b1amej.xn--p1ai/" "Mozilla/5.0 (Windows NT 6.1) AppleWebKit/537.22 (KHTML, like Gecko) Chrome/25.0.1364.152 Safari/537.22"
37.147.227.126 - - [09/Mar/2013:13:15:58 +0400] "GET /css/auto.css HTTP/1.1" 200 10660 "http://xn--80aaagabsufuc5b1amej.xn--p1ai/" "Mozilla/5.0 (Windows NT 6.1) AppleWebKit/537.22 (KHTML, like Gecko) Chrome/25.0.1364.152 Safari/537.22"
37.147.227.126 - - [09/Mar/2013:13:15:59 +0400] "GET /js/auto.js HTTP/1.1" 200 2956 "http://xn--80aaagabsufuc5b1amej.xn--p1ai/" "Mozilla/5.0 (Windows NT 6.1) AppleWebKit/537.22 (KHTML, like Gecko) Chrome/25.0.1364.152 Safari/537.22"
37.147.227.126 - - [09/Mar/2013:13:15:58 +0400] "GET /js/jquery.min.js HTTP/1.1" 200 93636 "http://xn--80aaagabsufuc5b1amej.xn--p1ai/" "Mozilla/5.0 (Windows NT 6.1) AppleWebKit/537.22 (KHTML, like Gecko) Chrome/25.0.1364.152 Safari/537.22"
37.147.227.126 - - [09/Mar/2013:13:15:59 +0400] "GET /js/bootstrap.min.js HTTP/1.1" 200 25743 "http://xn--80aaagabsufuc5b1amej.xn--p1ai/" "Mozilla/5.0 (Windows NT 6.1) AppleWebKit/537.22 (KHTML, like Gecko) Chrome/25.0.1364.152 Safari/537.22"
37.147.227.126 - - [09/Mar/2013:13:15:58 +0400] "GET /css/bootstrap.min.css HTTP/1.1" 200 101265 "http://xn--80aaagabsufuc5b1amej.xn--p1ai/" "Mozilla/5.0 (Windows NT 6.1) AppleWebKit/537.22 (KHTML, like Gecko) Chrome/25.0.1364.152 Safari/537.22"
37.147.227.126 - - [09/Mar/2013:13:15:58 +0400] "GET /ckeditor/ckeditor.js HTTP/1.1" 200 454073 "http://xn--80aaagabsufuc5b1amej.xn--p1ai/" "Mozilla/5.0 (Windows NT 6.1) AppleWebKit/537.22 (KHTML, like Gecko) Chrome/25.0.1364.152 Safari/537.22"
37.147.227.126 - - [09/Mar/2013:13:16:04 +0400] "GET /images/menu_gran.png HTTP/1.1" 200 279 "http://xn--80aaagabsufuc5b1amej.xn--p1ai/" "Mozilla/5.0 (Windows NT 6.1) AppleWebKit/537.22 (KHTML, like Gecko) Chrome/25.0.1364.152 Safari/537.22"
37.147.227.126 - - [09/Mar/2013:13:16:04 +0400] "GET /images/slider_arrow_left.png HTTP/1.1" 200 1743 "http://xn--80aaagabsufuc5b1amej.xn--p1ai/" "Mozilla/5.0 (Windows NT 6.1) AppleWebKit/537.22 (KHTML, like Gecko) Chrome/25.0.1364.152 Safari/537.22"
37.147.227.126 - - [09/Mar/2013:13:16:04 +0400] "GET /images/slider_text_podl.png HTTP/1.1" 200 10296 "http://xn--80aaagabsufuc5b1amej.xn--p1ai/" "Mozilla/5.0 (Windows NT 6.1) AppleWebKit/537.22 (KHTML, like Gecko) Chrome/25.0.1364.152 Safari/537.22"
37.147.227.126 - - [09/Mar/2013:13:16:04 +0400] "GET /images/slider_arrow_right.png HTTP/1.1" 200 1748 "http://xn--80aaagabsufuc5b1amej.xn--p1ai/" "Mozilla/5.0 (Windows NT 6.1) AppleWebKit/537.22 (KHTML, like Gecko) Chrome/25.0.1364.152 Safari/537.22"
37.147.227.126 - - [09/Mar/2013:13:16:04 +0400] "GET /images/main_center_bg.png HTTP/1.1" 200 13191 "http://xn--80aaagabsufuc5b1amej.xn--p1ai/" "Mozilla/5.0 (Windows NT 6.1) AppleWebKit/537.22 (KHTML, like Gecko) Chrome/25.0.1364.152 Safari/537.22"
37.147.227.126 - - [09/Mar/2013:13:16:04 +0400] "GET /images/arrow_left.png HTTP/1.1" 200 951 "http://xn--80aaagabsufuc5b1amej.xn--p1ai/" "Mozilla/5.0 (Windows NT 6.1) AppleWebKit/537.22 (KHTML, like Gecko) Chrome/25.0.1364.152 Safari/537.22"
37.147.227.126 - - [09/Mar/2013:13:16:04 +0400] "GET /images/hit_prod_podl.png HTTP/1.1" 200 1490 "http://xn--80aaagabsufuc5b1amej.xn--p1ai/" "Mozilla/5.0 (Windows NT 6.1) AppleWebKit/537.22 (KHTML, like Gecko) Chrome/25.0.1364.152 Safari/537.22"
37.147.227.126 - - [09/Mar/2013:13:16:04 +0400] "GET /images/giuliano_s_112f.png HTTP/1.1" 200 80289 "http://xn--80aaagabsufuc5b1amej.xn--p1ai/" "Mozilla/5.0 (Windows NT 6.1) AppleWebKit/537.22 (KHTML, like Gecko) Chrome/25.0.1364.152 Safari/537.22"
37.147.227.126 - - [09/Mar/2013:13:16:05 +0400] "GET /images/hit_text_podl.png HTTP/1.1" 200 243 "http://xn--80aaagabsufuc5b1amej.xn--p1ai/" "Mozilla/5.0 (Windows NT 6.1) AppleWebKit/537.22 (KHTML, like Gecko) Chrome/25.0.1364.152 Safari/537.22"
37.147.227.126 - - [09/Mar/2013:13:16:04 +0400] "GET /images/modena_mo_230mr.png HTTP/1.1" 200 117372 "http://xn--80aaagabsufuc5b1amej.xn--p1ai/" "Mozilla/5.0 (Windows NT 6.1) AppleWebKit/537.22 (KHTML, like Gecko) Chrome/25.0.1364.152 Safari/537.22"
37.147.227.126 - - [09/Mar/2013:13:16:04 +0400] "GET /images/titan_54_00_bridge.png HTTP/1.1" 200 144079 "http://xn--80aaagabsufuc5b1amej.xn--p1ai/" "Mozilla/5.0 (Windows NT 6.1) AppleWebKit/537.22 (KHTML, like Gecko) Chrome/25.0.1364.152 Safari/537.22"
37.147.227.126 - - [09/Mar/2013:13:16:05 +0400] "GET /images/T4.jpeg HTTP/1.1" 200 10505 "http://xn--80aaagabsufuc5b1amej.xn--p1ai/" "Mozilla/5.0 (Windows NT 6.1) AppleWebKit/537.22 (KHTML, like Gecko) Chrome/25.0.1364.152 Safari/537.22"
37.147.227.126 - - [09/Mar/2013:13:16:04 +0400] "GET /images/siver_e.png HTTP/1.1" 200 148375 "http://xn--80aaagabsufuc5b1amej.xn--p1ai/" "Mozilla/5.0 (Windows NT 6.1) AppleWebKit/537.22 (KHTML, like Gecko) Chrome/25.0.1364.152 Safari/537.22"
37.147.227.126 - - [09/Mar/2013:13:16:05 +0400] "GET /images/arrow_right.png HTTP/1.1" 200 932 "http://xn--80aaagabsufuc5b1amej.xn--p1ai/" "Mozilla/5.0 (Windows NT 6.1) AppleWebKit/537.22 (KHTML, like Gecko) Chrome/25.0.1364.152 Safari/537.22"
37.147.227.126 - - [09/Mar/2013:13:16:05 +0400] "GET /images/comp_logos.png HTTP/1.1" 200 52444 "http://xn--80aaagabsufuc5b1amej.xn--p1ai/" "Mozilla/5.0 (Windows NT 6.1) AppleWebKit/537.22 (KHTML, like Gecko) Chrome/25.0.1364.152 Safari/537.22"
37.147.227.126 - - [09/Mar/2013:13:16:05 +0400] "GET /images/4_270LB40.jpg HTTP/1.1" 200 53265 "http://xn--80aaagabsufuc5b1amej.xn--p1ai/" "Mozilla/5.0 (Windows NT 6.1) AppleWebKit/537.22 (KHTML, like Gecko) Chrome/25.0.1364.152 Safari/537.22"
37.147.227.126 - - [09/Mar/2013:13:16:06 +0400] "GET /images/1.png HTTP/1.1" 200 26696 "http://xn--80aaagabsufuc5b1amej.xn--p1ai/" "Mozilla/5.0 (Windows NT 6.1) AppleWebKit/537.22 (KHTML, like Gecko) Chrome/25.0.1364.152 Safari/537.22"
37.147.227.126 - - [09/Mar/2013:13:16:06 +0400] "GET /images/3.png HTTP/1.1" 200 27421 "http://xn--80aaagabsufuc5b1amej.xn--p1ai/" "Mozilla/5.0 (Windows NT 6.1) AppleWebKit/537.22 (KHTML, like Gecko) Chrome/25.0.1364.152 Safari/537.22"
37.147.227.126 - - [09/Mar/2013:13:16:06 +0400] "GET /images/2.png HTTP/1.1" 200 30504 "http://xn--80aaagabsufuc5b1amej.xn--p1ai/" "Mozilla/5.0 (Windows NT 6.1) AppleWebKit/537.22 (KHTML, like Gecko) Chrome/25.0.1364.152 Safari/537.22"
37.147.227.126 - - [09/Mar/2013:13:16:05 +0400] "GET /images/mo435.png HTTP/1.1" 200 334116 "http://xn--80aaagabsufuc5b1amej.xn--p1ai/" "Mozilla/5.0 (Windows NT 6.1) AppleWebKit/537.22 (KHTML, like Gecko) Chrome/25.0.1364.152 Safari/537.22"
37.147.227.126 - - [09/Mar/2013:13:16:07 +0400] "GET /images/phone.png HTTP/1.1" 200 21582 "http://xn--80aaagabsufuc5b1amej.xn--p1ai/" "Mozilla/5.0 (Windows NT 6.1) AppleWebKit/537.22 (KHTML, like Gecko) Chrome/25.0.1364.152 Safari/537.22"
37.147.227.126 - - [09/Mar/2013:13:16:07 +0400] "GET /images/perc15.png HTTP/1.1" 200 12218 "http://xn--80aaagabsufuc5b1amej.xn--p1ai/" "Mozilla/5.0 (Windows NT 6.1) AppleWebKit/537.22 (KHTML, like Gecko) Chrome/25.0.1364.152 Safari/537.22"
37.147.227.126 - - [09/Mar/2013:13:16:07 +0400] "GET /images/foot_bg.png HTTP/1.1" 200 15921 "http://xn--80aaagabsufuc5b1amej.xn--p1ai/" "Mozilla/5.0 (Windows NT 6.1) AppleWebKit/537.22 (KHTML, like Gecko) Chrome/25.0.1364.152 Safari/537.22"
37.147.227.126 - - [09/Mar/2013:13:16:07 +0400] "GET /images/footer_up.png HTTP/1.1" 200 2221 "http://xn--80aaagabsufuc5b1amej.xn--p1ai/" "Mozilla/5.0 (Windows NT 6.1) AppleWebKit/537.22 (KHTML, like Gecko) Chrome/25.0.1364.152 Safari/537.22"
37.147.227.126 - - [09/Mar/2013:13:16:05 +0400] "GET /images/mo5000eb.jpg HTTP/1.1" 200 109905 "http://xn--80aaagabsufuc5b1amej.xn--p1ai/" "Mozilla/5.0 (Windows NT 6.1) AppleWebKit/537.22 (KHTML, like Gecko) Chrome/25.0.1364.152 Safari/537.22"
37.147.227.126 - - [09/Mar/2013:13:16:07 +0400] "GET /images/footer_arrow.png HTTP/1.1" 200 256 "http://xn--80aaagabsufuc5b1amej.xn--p1ai/" "Mozilla/5.0 (Windows NT 6.1) AppleWebKit/537.22 (KHTML, like Gecko) Chrome/25.0.1364.152 Safari/537.22"
37.147.227.126 - - [09/Mar/2013:13:16:07 +0400] "GET /images/main_podl.jpg HTTP/1.1" 200 9218 "http://xn--80aaagabsufuc5b1amej.xn--p1ai/" "Mozilla/5.0 (Windows NT 6.1) AppleWebKit/537.22 (KHTML, like Gecko) Chrome/25.0.1364.152 Safari/537.22"
37.147.227.126 - - [09/Mar/2013:13:16:07 +0400] "GET /images/menu_current.jpg HTTP/1.1" 200 11503 "http://xn--80aaagabsufuc5b1amej.xn--p1ai/" "Mozilla/5.0 (Windows NT 6.1) AppleWebKit/537.22 (KHTML, like Gecko) Chrome/25.0.1364.152 Safari/537.22"
37.147.227.126 - - [09/Mar/2013:13:16:04 +0400] "GET /images/hunter_gsp9200.png HTTP/1.1" 200 95787 "http://xn--80aaagabsufuc5b1amej.xn--p1ai/" "Mozilla/5.0 (Windows NT 6.1) AppleWebKit/537.22 (KHTML, like Gecko) Chrome/25.0.1364.152 Safari/537.22"
37.147.227.126 - - [09/Mar/2013:13:16:07 +0400] "GET /images/menu_logo_TK.png HTTP/1.1" 200 1922 "http://xn--80aaagabsufuc5b1amej.xn--p1ai/" "Mozilla/5.0 (Windows NT 6.1) AppleWebKit/537.22 (KHTML, like Gecko) Chrome/25.0.1364.152 Safari/537.22"
37.147.227.126 - - [09/Mar/2013:13:16:06 +0400] "GET /images/main_map_left.png HTTP/1.1" 200 54824 "http://xn--80aaagabsufuc5b1amej.xn--p1ai/" "Mozilla/5.0 (Windows NT 6.1) AppleWebKit/537.22 (KHTML, like Gecko) Chrome/25.0.1364.152 Safari/537.22"
37.147.227.126 - - [09/Mar/2013:13:16:07 +0400] "GET /images/container_bg.png HTTP/1.1" 200 424962 "http://xn--80aaagabsufuc5b1amej.xn--p1ai/" "Mozilla/5.0 (Windows NT 6.1) AppleWebKit/537.22 (KHTML, like Gecko) Chrome/25.0.1364.152 Safari/537.22"
37.147.227.126 - - [09/Mar/2013:13:16:18 +0400] "GET /admin HTTP/1.1" 302 - "-" "Mozilla/5.0 (Windows NT 6.1) AppleWebKit/537.22 (KHTML, like Gecko) Chrome/25.0.1364.152 Safari/537.22"
37.147.227.126 - - [09/Mar/2013:13:16:18 +0400] "GET /admin/admin/login HTTP/1.1" 200 8210 "-" "Mozilla/5.0 (Windows NT 6.1) AppleWebKit/537.22 (KHTML, like Gecko) Chrome/25.0.1364.152 Safari/537.22"
37.140.141.12 - - [09/Mar/2013:13:16:22 +0400] "GET /robots.txt HTTP/1.1" 404 7983 "-" "Mozilla/5.0 (compatible; YandexBot/3.0; +http://yandex.com/bots)"
37.147.227.126 - - [09/Mar/2013:13:16:22 +0400] "POST /admin/admin/login HTTP/1.1" 302 - "http://xn--80aaagabsufuc5b1amej.xn--p1ai/admin/admin/login" "Mozilla/5.0 (Windows NT 6.1) AppleWebKit/537.22 (KHTML, like Gecko) Chrome/25.0.1364.152 Safari/537.22"
37.147.227.126 - - [09/Mar/2013:13:16:24 +0400] "GET /admin HTTP/1.1" 200 13929 "http://xn--80aaagabsufuc5b1amej.xn--p1ai/admin/admin/login" "Mozilla/5.0 (Windows NT 6.1) AppleWebKit/537.22 (KHTML, like Gecko) Chrome/25.0.1364.152 Safari/537.22"
37.147.227.126 - - [09/Mar/2013:13:16:30 +0400] "GET /admin/add_product HTTP/1.1" 200 10725 "http://xn--80aaagabsufuc5b1amej.xn--p1ai/admin" "Mozilla/5.0 (Windows NT 6.1) AppleWebKit/537.22 (KHTML, like Gecko) Chrome/25.0.1364.152 Safari/537.22"
37.147.227.126 - - [09/Mar/2013:13:16:30 +0400] "GET /images/ HTTP/1.1" 403 316 "http://xn--80aaagabsufuc5b1amej.xn--p1ai/admin/add_product" "Mozilla/5.0 (Windows NT 6.1) AppleWebKit/537.22 (KHTML, like Gecko) Chrome/25.0.1364.152 Safari/537.22"
37.147.227.126 - - [09/Mar/2013:13:16:30 +0400] "GET /ckeditor/config.js?t=D08E HTTP/1.1" 200 388 "http://xn--80aaagabsufuc5b1amej.xn--p1ai/admin/add_product" "Mozilla/5.0 (Windows NT 6.1) AppleWebKit/537.22 (KHTML, like Gecko) Chrome/25.0.1364.152 Safari/537.22"
37.147.227.126 - - [09/Mar/2013:13:16:30 +0400] "GET /ckeditor/lang/ru.js?t=D08E HTTP/1.1" 200 28681 "http://xn--80aaagabsufuc5b1amej.xn--p1ai/admin/add_product" "Mozilla/5.0 (Windows NT 6.1) AppleWebKit/537.22 (KHTML, like Gecko) Chrome/25.0.1364.152 Safari/537.22"
37.147.227.126 - - [09/Mar/2013:13:16:31 +0400] "GET /ckeditor/contents.css HTTP/1.1" 200 1580 "-" "Mozilla/5.0 (Windows NT 6.1) AppleWebKit/537.22 (KHTML, like Gecko) Chrome/25.0.1364.152 Safari/537.22"
37.147.227.126 - - [09/Mar/2013:13:16:30 +0400] "GET /ckeditor/skins/moono/editor.css?t=D08E HTTP/1.1" 200 31046 "http://xn--80aaagabsufuc5b1amej.xn--p1ai/admin/add_product" "Mozilla/5.0 (Windows NT 6.1) AppleWebKit/537.22 (KHTML, like Gecko) Chrome/25.0.1364.152 Safari/537.22"
37.147.227.126 - - [09/Mar/2013:13:16:31 +0400] "GET /ckeditor/styles.js?t=D08E HTTP/1.1" 200 3695 "http://xn--80aaagabsufuc5b1amej.xn--p1ai/admin/add_product" "Mozilla/5.0 (Windows NT 6.1) AppleWebKit/537.22 (KHTML, like Gecko) Chrome/25.0.1364.152 Safari/537.22"
37.147.227.126 - - [09/Mar/2013:13:16:31 +0400] "GET /ckeditor/plugins/icons.png?t=D08E HTTP/1.1" 200 20881 "http://xn--80aaagabsufuc5b1amej.xn--p1ai/admin/add_product" "Mozilla/5.0 (Windows NT 6.1) AppleWebKit/537.22 (KHTML, like Gecko) Chrome/25.0.1364.152 Safari/537.22"
37.147.227.126 - - [09/Mar/2013:13:16:31 +0400] "GET /ckeditor/skins/moono/icons.png HTTP/1.1" 200 20881 "http://xn--80aaagabsufuc5b1amej.xn--p1ai/admin/add_product" "Mozilla/5.0 (Windows NT 6.1) AppleWebKit/537.22 (KHTML, like Gecko) Chrome/25.0.1364.152 Safari/537.22"
37.140.141.12 - - [09/Mar/2013:13:16:31 +0400] "GET / HTTP/1.1" 200 19485 "-" "Mozilla/5.0 (compatible; YandexBot/3.0; MirrorDetector; +http://yandex.com/bots)"
37.140.141.12 - - [09/Mar/2013:13:18:24 +0400] "GET / HTTP/1.1" 200 19485 "-" "Mozilla/5.0 (compatible; YandexBot/3.0; MirrorDetector; +http://yandex.com/bots)"
37.140.141.12 - - [09/Mar/2013:13:19:10 +0400] "GET / HTTP/1.1" 200 19485 "-" "Mozilla/5.0 (compatible; YandexBot/3.0; MirrorDetector; +http://yandex.com/bots)"
37.147.227.126 - - [09/Mar/2013:13:24:38 +0400] "GET /ckeditor/skins/moono/dialog.css?t=D08E HTTP/1.1" 200 15383 "http://xn--80aaagabsufuc5b1amej.xn--p1ai/admin/add_product" "Mozilla/5.0 (Windows NT 6.1) AppleWebKit/537.22 (KHTML, like Gecko) Chrome/25.0.1364.152 Safari/537.22"
37.147.227.126 - - [09/Mar/2013:13:24:38 +0400] "GET /ckeditor/plugins/clipboard/dialogs/paste.js?t=D08E HTTP/1.1" 200 3473 "http://xn--80aaagabsufuc5b1amej.xn--p1ai/admin/add_product" "Mozilla/5.0 (Windows NT 6.1) AppleWebKit/537.22 (KHTML, like Gecko) Chrome/25.0.1364.152 Safari/537.22"
37.147.227.126 - - [09/Mar/2013:13:24:38 +0400] "GET /ckeditor/skins/moono/images/close.png HTTP/1.1" 200 389 "http://xn--80aaagabsufuc5b1amej.xn--p1ai/admin/add_product" "Mozilla/5.0 (Windows NT 6.1) AppleWebKit/537.22 (KHTML, like Gecko) Chrome/25.0.1364.152 Safari/537.22"
37.147.227.126 - - [09/Mar/2013:13:25:39 +0400] "GET /ckeditor/plugins/image/dialogs/image.js?t=D08E HTTP/1.1" 200 19987 "http://xn--80aaagabsufuc5b1amej.xn--p1ai/admin/add_product" "Mozilla/5.0 (Windows NT 6.1) AppleWebKit/537.22 (KHTML, like Gecko) Chrome/25.0.1364.152 Safari/537.22"
37.147.227.126 - - [09/Mar/2013:13:25:40 +0400] "GET /ckeditor/skins/moono/images/mini.png HTTP/1.1" 200 818 "http://xn--80aaagabsufuc5b1amej.xn--p1ai/admin/add_product" "Mozilla/5.0 (Windows NT 6.1) AppleWebKit/537.22 (KHTML, like Gecko) Chrome/25.0.1364.152 Safari/537.22"
37.147.227.126 - - [09/Mar/2013:13:26:39 +0400] "POST /ckeditor_uploader.php?CKEditor=q_text&CKEditorFuncNum=2&langCode=ru HTTP/1.1" 200 201 "-" "Mozilla/5.0 (Windows NT 6.1) AppleWebKit/537.22 (KHTML, like Gecko) Chrome/25.0.1364.152 Safari/537.22"
37.147.227.126 - - [09/Mar/2013:13:26:46 +0400] "POST /admin/add_product HTTP/1.1" 302 144 "http://xn--80aaagabsufuc5b1amej.xn--p1ai/admin/add_product" "Mozilla/5.0 (Windows NT 6.1) AppleWebKit/537.22 (KHTML, like Gecko) Chrome/25.0.1364.152 Safari/537.22"
37.147.227.126 - - [09/Mar/2013:13:26:47 +0400] "GET /admin HTTP/1.1" 200 13995 "http://xn--80aaagabsufuc5b1amej.xn--p1ai/admin/add_product" "Mozilla/5.0 (Windows NT 6.1) AppleWebKit/537.22 (KHTML, like Gecko) Chrome/25.0.1364.152 Safari/537.22"
37.147.227.126 - - [09/Mar/2013:13:27:03 +0400] "GET / HTTP/1.1" 200 19485 "-" "Mozilla/5.0 (Windows NT 6.1) AppleWebKit/537.22 (KHTML, like Gecko) Chrome/25.0.1364.152 Safari/537.22"
37.147.227.126 - - [09/Mar/2013:13:27:17 +0400] "GET /catalog/product/33 HTTP/1.1" 200 12794 "http://xn--80aaagabsufuc5b1amej.xn--p1ai/" "Mozilla/5.0 (Windows NT 6.1) AppleWebKit/537.22 (KHTML, like Gecko) Chrome/25.0.1364.152 Safari/537.22"
37.147.227.126 - - [09/Mar/2013:13:27:18 +0400] "GET /images/main_center_bg_cat.png HTTP/1.1" 200 13811 "http://xn--80aaagabsufuc5b1amej.xn--p1ai/catalog/product/33" "Mozilla/5.0 (Windows NT 6.1) AppleWebKit/537.22 (KHTML, like Gecko) Chrome/25.0.1364.152 Safari/537.22"
37.147.227.126 - - [09/Mar/2013:13:27:49 +0400] "GET /admin HTTP/1.1" 200 13995 "-" "Mozilla/5.0 (Windows NT 6.1) AppleWebKit/537.22 (KHTML, like Gecko) Chrome/25.0.1364.152 Safari/537.22"
37.147.227.126 - - [09/Mar/2013:13:28:09 +0400] "POST /admin/edit HTTP/1.1" 200 11985 "http://xn--80aaagabsufuc5b1amej.xn--p1ai/admin" "Mozilla/5.0 (Windows NT 6.1) AppleWebKit/537.22 (KHTML, like Gecko) Chrome/25.0.1364.152 Safari/537.22"
37.147.227.126 - - [09/Mar/2013:13:28:10 +0400] "GET /images/ HTTP/1.1" 403 316 "http://xn--80aaagabsufuc5b1amej.xn--p1ai/admin/edit" "Mozilla/5.0 (Windows NT 6.1) AppleWebKit/537.22 (KHTML, like Gecko) Chrome/25.0.1364.152 Safari/537.22"
37.147.227.126 - - [09/Mar/2013:13:28:21 +0400] "POST /ckeditor_uploader.php?CKEditor=q_text&CKEditorFuncNum=2&langCode=ru HTTP/1.1" 200 201 "-" "Mozilla/5.0 (Windows NT 6.1) AppleWebKit/537.22 (KHTML, like Gecko) Chrome/25.0.1364.152 Safari/537.22"
37.147.227.126 - - [09/Mar/2013:13:28:30 +0400] "GET /images/siver%20h%20-%20main.jpg HTTP/1.1" 200 88916 "http://xn--80aaagabsufuc5b1amej.xn--p1ai/admin/edit" "Mozilla/5.0 (Windows NT 6.1) AppleWebKit/537.22 (KHTML, like Gecko) Chrome/25.0.1364.152 Safari/537.22"
37.147.227.126 - - [09/Mar/2013:13:28:54 +0400] "GET /ckeditor/plugins/forms/dialogs/form.js?t=D08E HTTP/1.1" 200 2128 "http://xn--80aaagabsufuc5b1amej.xn--p1ai/admin/edit" "Mozilla/5.0 (Windows NT 6.1) AppleWebKit/537.22 (KHTML, like Gecko) Chrome/25.0.1364.152 Safari/537.22"
37.147.227.126 - - [09/Mar/2013:13:29:06 +0400] "POST /ckeditor_uploader.php?CKEditor=q_text&CKEditorFuncNum=2&langCode=ru HTTP/1.1" 200 210 "http://xn--80aaagabsufuc5b1amej.xn--p1ai/ckeditor_uploader.php?CKEditor=q_text&CKEditorFuncNum=2&langCode=ru" "Mozilla/5.0 (Windows NT 6.1) AppleWebKit/537.22 (KHTML, like Gecko) Chrome/25.0.1364.152 Safari/537.22"
37.147.227.126 - - [09/Mar/2013:13:29:07 +0400] "GET /images/Siver_H_ustanovka_small.jpg HTTP/1.1" 200 17470 "-" "Mozilla/5.0 (Windows NT 6.1) AppleWebKit/537.22 (KHTML, like Gecko) Chrome/25.0.1364.152 Safari/537.22"
37.147.227.126 - - [09/Mar/2013:13:29:59 +0400] "POST /ckeditor_uploader.php?CKEditor=q_text&CKEditorFuncNum=2&langCode=ru HTTP/1.1" 200 208 "http://xn--80aaagabsufuc5b1amej.xn--p1ai/ckeditor_uploader.php?CKEditor=q_text&CKEditorFuncNum=2&langCode=ru" "Mozilla/5.0 (Windows NT 6.1) AppleWebKit/537.22 (KHTML, like Gecko) Chrome/25.0.1364.152 Safari/537.22"
37.147.227.126 - - [09/Mar/2013:13:30:02 +0400] "GET /images/kolonna_Siver_H_small.jpg HTTP/1.1" 200 17432 "-" "Mozilla/5.0 (Windows NT 6.1) AppleWebKit/537.22 (KHTML, like Gecko) Chrome/25.0.1364.152 Safari/537.22"
37.147.227.126 - - [09/Mar/2013:13:32:15 +0400] "POST /ckeditor_uploader.php?CKEditor=q_text&CKEditorFuncNum=2&langCode=ru HTTP/1.1" 200 201 "http://xn--80aaagabsufuc5b1amej.xn--p1ai/ckeditor_uploader.php?CKEditor=q_text&CKEditorFuncNum=2&langCode=ru" "Mozilla/5.0 (Windows NT 6.1) AppleWebKit/537.22 (KHTML, like Gecko) Chrome/25.0.1364.152 Safari/537.22"
37.147.227.126 - - [09/Mar/2013:13:32:17 +0400] "GET /images/SIVER_HV_small.jpg HTTP/1.1" 200 13773 "-" "Mozilla/5.0 (Windows NT 6.1) AppleWebKit/537.22 (KHTML, like Gecko) Chrome/25.0.1364.152 Safari/537.22"
37.147.227.126 - - [09/Mar/2013:13:34:05 +0400] "GET /ckeditor/plugins/pastefromword/filter/default.js?t=D08E HTTP/1.1" 200 13932 "http://xn--80aaagabsufuc5b1amej.xn--p1ai/admin/edit" "Mozilla/5.0 (Windows NT 6.1) AppleWebKit/537.22 (KHTML, like Gecko) Chrome/25.0.1364.152 Safari/537.22"
37.147.227.126 - - [09/Mar/2013:13:34:11 +0400] "GET /ckeditor/plugins/magicline/images/icon.png HTTP/1.1" 200 172 "-" "Mozilla/5.0 (Windows NT 6.1) AppleWebKit/537.22 (KHTML, like Gecko) Chrome/25.0.1364.152 Safari/537.22"
37.147.227.126 - - [09/Mar/2013:13:34:13 +0400] "GET /ckeditor/plugins/table/dialogs/table.js?t=D08E HTTP/1.1" 200 8379 "http://xn--80aaagabsufuc5b1amej.xn--p1ai/admin/edit" "Mozilla/5.0 (Windows NT 6.1) AppleWebKit/537.22 (KHTML, like Gecko) Chrome/25.0.1364.152 Safari/537.22"
37.147.227.126 - - [09/Mar/2013:13:36:58 +0400] "GET /ckeditor/plugins/link/dialogs/link.js?t=D08E HTTP/1.1" 200 16209 "http://xn--80aaagabsufuc5b1amej.xn--p1ai/admin/edit" "Mozilla/5.0 (Windows NT 6.1) AppleWebKit/537.22 (KHTML, like Gecko) Chrome/25.0.1364.152 Safari/537.22"
66.249.75.39 - - [09/Mar/2013:13:38:36 +0400] "GET /catalog/product/39 HTTP/1.1" 200 12967 "-" "Mozilla/5.0 (compatible; Googlebot/2.1; +http://www.google.com/bot.html)"
66.249.75.133 - - [09/Mar/2013:13:48:29 +0400] "GET /index.php/2011-11-23-21-23-47 HTTP/1.1" 404 7983 "-" "Mozilla/5.0 (compatible; Googlebot/2.1; +http://www.google.com/bot.html)"
208.115.111.75 - - [09/Mar/2013:13:52:38 +0400] "GET /robots.txt HTTP/1.1" 404 7983 "-" "Mozilla/5.0 (compatible; Ezooms/1.0; ezooms.bot@gmail.com)"
37.147.227.126 - - [09/Mar/2013:14:20:27 +0400] "GET /ckeditor/skins/moono/images/arrow.png HTTP/1.1" 200 261 "-" "Mozilla/5.0 (Windows NT 6.1) AppleWebKit/537.22 (KHTML, like Gecko) Chrome/25.0.1364.152 Safari/537.22"
37.147.227.126 - - [09/Mar/2013:14:20:50 +0400] "GET /ckeditor/skins/moono/editor.css?t=D08E HTTP/1.1" 304 - "http://xn--80aaagabsufuc5b1amej.xn--p1ai/admin/edit" "Mozilla/5.0 (Windows NT 6.1) AppleWebKit/537.22 (KHTML, like Gecko) Chrome/25.0.1364.152 Safari/537.22"
37.147.227.126 - - [09/Mar/2013:14:20:50 +0400] "GET /ckeditor/contents.css HTTP/1.1" 304 - "-" "Mozilla/5.0 (Windows NT 6.1) AppleWebKit/537.22 (KHTML, like Gecko) Chrome/25.0.1364.152 Safari/537.22"
37.147.227.126 - - [09/Mar/2013:14:20:59 +0400] "POST /admin/edit HTTP/1.1" 302 144 "http://xn--80aaagabsufuc5b1amej.xn--p1ai/admin/edit" "Mozilla/5.0 (Windows NT 6.1) AppleWebKit/537.22 (KHTML, like Gecko) Chrome/25.0.1364.152 Safari/537.22"
37.147.227.126 - - [09/Mar/2013:14:21:00 +0400] "GET /admin HTTP/1.1" 200 13995 "http://xn--80aaagabsufuc5b1amej.xn--p1ai/admin/edit" "Mozilla/5.0 (Windows NT 6.1) AppleWebKit/537.22 (KHTML, like Gecko) Chrome/25.0.1364.152 Safari/537.22"
37.147.227.126 - - [09/Mar/2013:14:21:01 +0400] "GET /css/bootstrap.min.css HTTP/1.1" 304 - "http://xn--80aaagabsufuc5b1amej.xn--p1ai/" "Mozilla/5.0 (Windows NT 6.1) AppleWebKit/537.22 (KHTML, like Gecko) Chrome/25.0.1364.152 Safari/537.22"
37.147.227.126 - - [09/Mar/2013:14:21:01 +0400] "GET /css/auto.css HTTP/1.1" 304 - "http://xn--80aaagabsufuc5b1amej.xn--p1ai/" "Mozilla/5.0 (Windows NT 6.1) AppleWebKit/537.22 (KHTML, like Gecko) Chrome/25.0.1364.152 Safari/537.22"
37.147.227.126 - - [09/Mar/2013:14:21:01 +0400] "GET /css/style.css HTTP/1.1" 304 - "http://xn--80aaagabsufuc5b1amej.xn--p1ai/" "Mozilla/5.0 (Windows NT 6.1) AppleWebKit/537.22 (KHTML, like Gecko) Chrome/25.0.1364.152 Safari/537.22"
37.147.227.126 - - [09/Mar/2013:14:21:01 +0400] "GET /css/bootstrap-responsive.min.css HTTP/1.1" 304 - "http://xn--80aaagabsufuc5b1amej.xn--p1ai/" "Mozilla/5.0 (Windows NT 6.1) AppleWebKit/537.22 (KHTML, like Gecko) Chrome/25.0.1364.152 Safari/537.22"
37.147.227.126 - - [09/Mar/2013:14:21:01 +0400] "GET /images/container_bg.png HTTP/1.1" 304 - "http://xn--80aaagabsufuc5b1amej.xn--p1ai/" "Mozilla/5.0 (Windows NT 6.1) AppleWebKit/537.22 (KHTML, like Gecko) Chrome/25.0.1364.152 Safari/537.22"
37.147.227.126 - - [09/Mar/2013:14:21:02 +0400] "GET /images/menu_logo_TK.png HTTP/1.1" 304 - "http://xn--80aaagabsufuc5b1amej.xn--p1ai/" "Mozilla/5.0 (Windows NT 6.1) AppleWebKit/537.22 (KHTML, like Gecko) Chrome/25.0.1364.152 Safari/537.22"
37.147.227.126 - - [09/Mar/2013:14:21:02 +0400] "GET /images/menu_gran.png HTTP/1.1" 304 - "http://xn--80aaagabsufuc5b1amej.xn--p1ai/" "Mozilla/5.0 (Windows NT 6.1) AppleWebKit/537.22 (KHTML, like Gecko) Chrome/25.0.1364.152 Safari/537.22"
37.147.227.126 - - [09/Mar/2013:14:21:02 +0400] "GET /images/slider_arrow_left.png HTTP/1.1" 304 - "http://xn--80aaagabsufuc5b1amej.xn--p1ai/" "Mozilla/5.0 (Windows NT 6.1) AppleWebKit/537.22 (KHTML, like Gecko) Chrome/25.0.1364.152 Safari/537.22"
37.147.227.126 - - [09/Mar/2013:14:21:02 +0400] "GET /images/main_podl.jpg HTTP/1.1" 304 - "http://xn--80aaagabsufuc5b1amej.xn--p1ai/" "Mozilla/5.0 (Windows NT 6.1) AppleWebKit/537.22 (KHTML, like Gecko) Chrome/25.0.1364.152 Safari/537.22"
37.147.227.126 - - [09/Mar/2013:14:21:02 +0400] "GET /images/modena_mo_230mr.png HTTP/1.1" 304 - "http://xn--80aaagabsufuc5b1amej.xn--p1ai/" "Mozilla/5.0 (Windows NT 6.1) AppleWebKit/537.22 (KHTML, like Gecko) Chrome/25.0.1364.152 Safari/537.22"
37.147.227.126 - - [09/Mar/2013:14:21:02 +0400] "GET /images/giuliano_s_112f.png HTTP/1.1" 304 - "http://xn--80aaagabsufuc5b1amej.xn--p1ai/" "Mozilla/5.0 (Windows NT 6.1) AppleWebKit/537.22 (KHTML, like Gecko) Chrome/25.0.1364.152 Safari/537.22"
37.147.227.126 - - [09/Mar/2013:14:21:02 +0400] "GET /images/slider_text_podl.png HTTP/1.1" 304 - "http://xn--80aaagabsufuc5b1amej.xn--p1ai/" "Mozilla/5.0 (Windows NT 6.1) AppleWebKit/537.22 (KHTML, like Gecko) Chrome/25.0.1364.152 Safari/537.22"
37.147.227.126 - - [09/Mar/2013:14:21:02 +0400] "GET /images/siver_e.png HTTP/1.1" 304 - "http://xn--80aaagabsufuc5b1amej.xn--p1ai/" "Mozilla/5.0 (Windows NT 6.1) AppleWebKit/537.22 (KHTML, like Gecko) Chrome/25.0.1364.152 Safari/537.22"
37.147.227.126 - - [09/Mar/2013:14:21:02 +0400] "GET /images/foot_bg.png HTTP/1.1" 304 - "http://xn--80aaagabsufuc5b1amej.xn--p1ai/" "Mozilla/5.0 (Windows NT 6.1) AppleWebKit/537.22 (KHTML, like Gecko) Chrome/25.0.1364.152 Safari/537.22"
37.147.227.126 - - [09/Mar/2013:14:21:02 +0400] "GET /images/slider_arrow_right.png HTTP/1.1" 304 - "http://xn--80aaagabsufuc5b1amej.xn--p1ai/" "Mozilla/5.0 (Windows NT 6.1) AppleWebKit/537.22 (KHTML, like Gecko) Chrome/25.0.1364.152 Safari/537.22"
37.147.227.126 - - [09/Mar/2013:14:21:02 +0400] "GET /images/hunter_gsp9200.png HTTP/1.1" 304 - "http://xn--80aaagabsufuc5b1amej.xn--p1ai/" "Mozilla/5.0 (Windows NT 6.1) AppleWebKit/537.22 (KHTML, like Gecko) Chrome/25.0.1364.152 Safari/537.22"
37.147.227.126 - - [09/Mar/2013:14:21:02 +0400] "GET /images/titan_54_00_bridge.png HTTP/1.1" 304 - "http://xn--80aaagabsufuc5b1amej.xn--p1ai/" "Mozilla/5.0 (Windows NT 6.1) AppleWebKit/537.22 (KHTML, like Gecko) Chrome/25.0.1364.152 Safari/537.22"
37.147.227.126 - - [09/Mar/2013:14:21:02 +0400] "GET /images/footer_up.png HTTP/1.1" 304 - "http://xn--80aaagabsufuc5b1amej.xn--p1ai/" "Mozilla/5.0 (Windows NT 6.1) AppleWebKit/537.22 (KHTML, like Gecko) Chrome/25.0.1364.152 Safari/537.22"
37.147.227.126 - - [09/Mar/2013:14:21:02 +0400] "GET /images/footer_arrow.png HTTP/1.1" 304 - "http://xn--80aaagabsufuc5b1amej.xn--p1ai/" "Mozilla/5.0 (Windows NT 6.1) AppleWebKit/537.22 (KHTML, like Gecko) Chrome/25.0.1364.152 Safari/537.22"
37.147.227.126 - - [09/Mar/2013:14:21:03 +0400] "GET /images/menu_current.jpg HTTP/1.1" 304 - "http://xn--80aaagabsufuc5b1amej.xn--p1ai/admin" "Mozilla/5.0 (Windows NT 6.1) AppleWebKit/537.22 (KHTML, like Gecko) Chrome/25.0.1364.152 Safari/537.22"
37.147.227.126 - - [09/Mar/2013:14:21:04 +0400] "GET / HTTP/1.1" 200 19485 "http://xn--80aaagabsufuc5b1amej.xn--p1ai/admin" "Mozilla/5.0 (Windows NT 6.1) AppleWebKit/537.22 (KHTML, like Gecko) Chrome/25.0.1364.152 Safari/537.22"
37.147.227.126 - - [09/Mar/2013:14:21:05 +0400] "GET /images/arrow_left.png HTTP/1.1" 304 - "http://xn--80aaagabsufuc5b1amej.xn--p1ai/" "Mozilla/5.0 (Windows NT 6.1) AppleWebKit/537.22 (KHTML, like Gecko) Chrome/25.0.1364.152 Safari/537.22"
37.147.227.126 - - [09/Mar/2013:14:21:05 +0400] "GET /images/arrow_right.png HTTP/1.1" 304 - "http://xn--80aaagabsufuc5b1amej.xn--p1ai/" "Mozilla/5.0 (Windows NT 6.1) AppleWebKit/537.22 (KHTML, like Gecko) Chrome/25.0.1364.152 Safari/537.22"
37.147.227.126 - - [09/Mar/2013:14:21:05 +0400] "GET /images/T4.jpeg HTTP/1.1" 304 - "http://xn--80aaagabsufuc5b1amej.xn--p1ai/" "Mozilla/5.0 (Windows NT 6.1) AppleWebKit/537.22 (KHTML, like Gecko) Chrome/25.0.1364.152 Safari/537.22"
37.147.227.126 - - [09/Mar/2013:14:21:05 +0400] "GET /images/mo5000eb.jpg HTTP/1.1" 304 - "http://xn--80aaagabsufuc5b1amej.xn--p1ai/" "Mozilla/5.0 (Windows NT 6.1) AppleWebKit/537.22 (KHTML, like Gecko) Chrome/25.0.1364.152 Safari/537.22"
37.147.227.126 - - [09/Mar/2013:14:21:05 +0400] "GET /images/hit_prod_podl.png HTTP/1.1" 304 - "http://xn--80aaagabsufuc5b1amej.xn--p1ai/" "Mozilla/5.0 (Windows NT 6.1) AppleWebKit/537.22 (KHTML, like Gecko) Chrome/25.0.1364.152 Safari/537.22"
37.147.227.126 - - [09/Mar/2013:14:21:05 +0400] "GET /images/4_270LB40.jpg HTTP/1.1" 304 - "http://xn--80aaagabsufuc5b1amej.xn--p1ai/" "Mozilla/5.0 (Windows NT 6.1) AppleWebKit/537.22 (KHTML, like Gecko) Chrome/25.0.1364.152 Safari/537.22"
37.147.227.126 - - [09/Mar/2013:14:21:05 +0400] "GET /images/main_center_bg.png HTTP/1.1" 304 - "http://xn--80aaagabsufuc5b1amej.xn--p1ai/" "Mozilla/5.0 (Windows NT 6.1) AppleWebKit/537.22 (KHTML, like Gecko) Chrome/25.0.1364.152 Safari/537.22"
37.147.227.126 - - [09/Mar/2013:14:21:05 +0400] "GET /images/hit_text_podl.png HTTP/1.1" 304 - "http://xn--80aaagabsufuc5b1amej.xn--p1ai/" "Mozilla/5.0 (Windows NT 6.1) AppleWebKit/537.22 (KHTML, like Gecko) Chrome/25.0.1364.152 Safari/537.22"
37.147.227.126 - - [09/Mar/2013:14:21:05 +0400] "GET /images/comp_logos.png HTTP/1.1" 304 - "http://xn--80aaagabsufuc5b1amej.xn--p1ai/" "Mozilla/5.0 (Windows NT 6.1) AppleWebKit/537.22 (KHTML, like Gecko) Chrome/25.0.1364.152 Safari/537.22"
