66.249.76.133 - - [11/Mar/2013:01:10:25 +0400] "GET /images/mo4353.png HTTP/1.1" 200 19762 "-" "Googlebot-Image/1.0"
208.115.113.91 - - [11/Mar/2013:01:13:27 +0400] "GET /index.php/2011-12-14-13-33-12 HTTP/1.1" 404 7983 "-" "Mozilla/5.0 (compatible; Ezooms/1.0; ezooms.bot@gmail.com)"
66.249.76.39 - - [11/Mar/2013:01:23:07 +0400] "GET /robots.txt HTTP/1.1" 404 7983 "-" "Mozilla/5.0 (compatible; Googlebot/2.1; +http://www.google.com/bot.html)"
66.249.76.39 - - [11/Mar/2013:01:23:08 +0400] "GET /images/najimTCA28.jpg HTTP/1.1" 200 36834 "-" "Googlebot-Image/1.0"
77.39.39.161 - - [11/Mar/2013:01:26:12 +0400] "GET /index.php/2012-04-11-10-11-09/86-jelmeb/shkaf HTTP/1.1" 404 7983 "-" "Opera/9.80 (Windows NT 6.1; MRA 6.0 (build 5972)) Presto/2.12.388 Version/12.14"
77.39.39.161 - - [11/Mar/2013:01:26:13 +0400] "GET /ckeditor/ckeditor.js HTTP/1.1" 304 - "http://xn--80aaagabsufuc5b1amej.xn--p1ai/index.php/2012-04-11-10-11-09/86-jelmeb/shkaf" "Opera/9.80 (Windows NT 6.1; MRA 6.0 (build 5972)) Presto/2.12.388 Version/12.14"
66.249.76.39 - - [11/Mar/2013:01:28:22 +0400] "GET /images/Rear_Wheels_on_trlley_Siver_B.png HTTP/1.1" 200 556705 "-" "Googlebot-Image/1.0"
66.249.76.39 - - [11/Mar/2013:01:37:39 +0400] "GET /images/200F1.jpg HTTP/1.1" 200 56312 "-" "Googlebot-Image/1.0"
66.249.76.39 - - [11/Mar/2013:01:45:12 +0400] "GET /images/5800%201.jpg HTTP/1.1" 200 53099 "-" "Googlebot-Image/1.0"
208.115.111.75 - - [11/Mar/2013:01:54:20 +0400] "GET /robots.txt HTTP/1.1" 404 7983 "-" "Mozilla/5.0 (compatible; Ezooms/1.0; ezooms.bot@gmail.com)"
208.115.111.75 - - [11/Mar/2013:01:54:21 +0400] "GET /robots.txt HTTP/1.1" 404 7983 "-" "Mozilla/5.0 (compatible; Ezooms/1.0; ezooms.bot@gmail.com)"
66.249.76.39 - - [11/Mar/2013:01:56:41 +0400] "GET /images/zajimTCA28.jpg HTTP/1.1" 200 28098 "-" "Googlebot-Image/1.0"
66.249.76.133 - - [11/Mar/2013:02:36:03 +0400] "GET /index.php/component/content/?view=featured&start=10 HTTP/1.1" 404 7983 "-" "Mozilla/5.0 (compatible; Googlebot/2.1; +http://www.google.com/bot.html)"
208.115.111.75 - - [11/Mar/2013:03:05:23 +0400] "GET /index.php/2011-12-14-13-33-12/item/%D0%B1%D0%B0%D0%BB%D0%B0%D0%BD%D1%81%D0%B8%D1%80%D0%BE%D0%B2%D0%BE%D1%87%D0%BD%D1%8B%D0%B5-%D0%B3%D1%80%D1%83%D0%B7%D1%8B-clipper HTTP/1.1" 404 7983 "-" "Mozilla/5.0 (compatible; Ezooms/1.0; ezooms.bot@gmail.com)"
208.115.111.75 - - [11/Mar/2013:03:05:27 +0400] "GET /index.php/siver/item/siver-c?category_id=5 HTTP/1.1" 404 7983 "-" "Mozilla/5.0 (compatible; Ezooms/1.0; ezooms.bot@gmail.com)"
208.115.111.75 - - [11/Mar/2013:03:05:30 +0400] "GET /index.php/siver/item/siver-el?category_id=5 HTTP/1.1" 404 7983 "-" "Mozilla/5.0 (compatible; Ezooms/1.0; ezooms.bot@gmail.com)"
66.249.76.133 - - [11/Mar/2013:03:27:04 +0400] "GET /index.php/2011-12-06-19-41-54/item/modena-mo-5000eb HTTP/1.1" 404 7983 "-" "Mozilla/5.0 (compatible; Googlebot/2.1; +http://www.google.com/bot.html)"
66.249.76.133 - - [11/Mar/2013:03:27:11 +0400] "GET /index.php/component/content/article/91-2011-11-23-11-32-01/2011-11-23-11-34-48/nojn/trommelberg/65-trommelberg HTTP/1.1" 404 7983 "-" "Mozilla/5.0 (compatible; Googlebot/2.1; +http://www.google.com/bot.html)"
37.140.141.12 - - [11/Mar/2013:03:29:23 +0400] "GET /robots.txt HTTP/1.1" 404 7983 "-" "Mozilla/5.0 (compatible; YandexBot/3.0; +http://yandex.com/bots)"
37.140.141.12 - - [11/Mar/2013:03:29:25 +0400] "GET / HTTP/1.1" 200 20093 "-" "Mozilla/5.0 (compatible; YandexBot/3.0; MirrorDetector; +http://yandex.com/bots)"
37.140.141.12 - - [11/Mar/2013:03:29:26 +0400] "GET / HTTP/1.1" 200 20093 "-" "Mozilla/5.0 (compatible; YandexBot/3.0; MirrorDetector; +http://yandex.com/bots)"
37.140.141.12 - - [11/Mar/2013:03:29:29 +0400] "GET / HTTP/1.1" 200 20093 "-" "Mozilla/5.0 (compatible; YandexBot/3.0; MirrorDetector; +http://yandex.com/bots)"
37.140.141.12 - - [11/Mar/2013:03:29:30 +0400] "GET / HTTP/1.1" 200 20093 "-" "Mozilla/5.0 (compatible; YandexBot/3.0; MirrorDetector; +http://yandex.com/bots)"
66.249.76.133 - - [11/Mar/2013:03:36:30 +0400] "GET /index.php/component/content/article/54-2011-11-23-11-32-01/2011-11-23-11-34-48/dvuh/tlt235sb380-220-2-35-launch/40-tlt235sb380-220-2-35-launch HTTP/1.1" 404 7983 "-" "Mozilla/5.0 (compatible; Googlebot/2.1; +http://www.google.com/bot.html)"
66.249.76.133 - - [11/Mar/2013:03:48:20 +0400] "GET /index.php/component/content/article/56-2011-11-23-11-32-01/2011-11-23-11-34-48/dvuh/tlt-240sc-380-220-2-4-launch/42-tlt-240sc-380-220-2-4-launch HTTP/1.1" 404 7983 "-" "Mozilla/5.0 (compatible; Googlebot/2.1; +http://www.google.com/bot.html)"
66.249.76.133 - - [11/Mar/2013:03:48:35 +0400] "GET /index.php/component/content/article/44-2011-11-23-11-32-01/2011-11-23-11-34-48/dvuh/t4/33-t4 HTTP/1.1" 404 7983 "-" "Mozilla/5.0 (compatible; Googlebot/2.1; +http://www.google.com/bot.html)"
66.249.76.133 - - [11/Mar/2013:03:48:57 +0400] "GET /index.php/component/content/article/55-2011-11-23-11-32-01/2011-11-23-11-34-48/dvuh/tlt-240sb-380-220-4-launch/41-tlt-240sb-380-220-4-launch HTTP/1.1" 404 7983 "-" "Mozilla/5.0 (compatible; Googlebot/2.1; +http://www.google.com/bot.html)"
77.88.59.64 - - [11/Mar/2013:03:55:15 +0400] "GET / HTTP/1.1" 200 20093 "-" "Yandex/1.01.001 (compatible; Win16; I)"
66.249.76.133 - - [11/Mar/2013:04:30:36 +0400] "GET /index.php/2012-04-11-10-11-09/77-generaz HTTP/1.1" 404 7983 "-" "Mozilla/5.0 (compatible; Googlebot/2.1; +http://www.google.com/bot.html)"
66.249.76.133 - - [11/Mar/2013:04:33:53 +0400] "GET /index.php/128-2011-11-23-11-32-01/stapelya/siver-e HTTP/1.1" 404 7983 "-" "Mozilla/5.0 (compatible; Googlebot/2.1; +http://www.google.com/bot.html)"
66.249.76.133 - - [11/Mar/2013:04:46:14 +0400] "GET /index.php/127-2011-11-23-11-32-01/stapelya/siver-c HTTP/1.1" 404 7983 "-" "Mozilla/5.0 (compatible; Googlebot/2.1; +http://www.google.com/bot.html)"
66.249.76.133 - - [11/Mar/2013:04:46:36 +0400] "GET /index.php/132-2011-11-23-11-32-01/stapelya/siver-cp-1 HTTP/1.1" 404 7983 "-" "Mozilla/5.0 (compatible; Googlebot/2.1; +http://www.google.com/bot.html)"
66.249.76.133 - - [11/Mar/2013:04:51:19 +0400] "GET /index.php/153-2011-11-23-11-32-01/diskopravi/titan-558 HTTP/1.1" 404 7983 "-" "Mozilla/5.0 (compatible; Googlebot/2.1; +http://www.google.com/bot.html)"
66.249.76.133 - - [11/Mar/2013:04:57:25 +0400] "GET /index.php/143-2011-11-23-11-32-01/diskopravi/titan-5500 HTTP/1.1" 404 7983 "-" "Mozilla/5.0 (compatible; Googlebot/2.1; +http://www.google.com/bot.html)"
66.249.76.133 - - [11/Mar/2013:05:06:55 +0400] "GET /index.php/152-2011-11-23-11-32-01/diskopravi/titan-st-17 HTTP/1.1" 404 7983 "-" "Mozilla/5.0 (compatible; Googlebot/2.1; +http://www.google.com/bot.html)"
66.249.76.133 - - [11/Mar/2013:05:10:10 +0400] "GET /index.php/146-2011-11-23-11-32-01/diskopravi/titan-57-00 HTTP/1.1" 404 7983 "-" "Mozilla/5.0 (compatible; Googlebot/2.1; +http://www.google.com/bot.html)"
66.249.76.133 - - [11/Mar/2013:05:19:36 +0400] "GET /index.php/151-2011-11-23-11-32-01/diskopravi/titan-st-16 HTTP/1.1" 404 7983 "-" "Mozilla/5.0 (compatible; Googlebot/2.1; +http://www.google.com/bot.html)"
66.249.76.2 - - [11/Mar/2013:05:22:43 +0400] "GET /cache/com_zoo/images/clipper-logo_9282d1684c6f10e408a7badec41c6218.jpg HTTP/1.1" 404 7983 "-" "Googlebot-Image/1.0"
66.249.76.133 - - [11/Mar/2013:05:28:53 +0400] "GET /index.php/155-2011-11-23-11-32-01/diskopravi/titan-jumbo1 HTTP/1.1" 404 7983 "-" "Mozilla/5.0 (compatible; Googlebot/2.1; +http://www.google.com/bot.html)"
66.249.76.133 - - [11/Mar/2013:05:29:09 +0400] "GET /index.php/2011-12-06-19-41-54/item/hunter-rx-40 HTTP/1.1" 404 7983 "-" "Mozilla/5.0 (compatible; Googlebot/2.1; +http://www.google.com/bot.html)"
66.249.76.133 - - [11/Mar/2013:05:29:15 +0400] "GET /index.php/2011-11-21-15-43-43/137-rs/rs/wa140-26le02-401lz2/71-hunter-rs HTTP/1.1" 404 7983 "-" "Mozilla/5.0 (compatible; Googlebot/2.1; +http://www.google.com/bot.html)"
208.115.111.75 - - [11/Mar/2013:05:55:28 +0400] "GET /robots.txt HTTP/1.1" 404 7983 "-" "Mozilla/5.0 (compatible; Ezooms/1.0; ezooms.bot@gmail.com)"
66.249.76.133 - - [11/Mar/2013:06:00:42 +0400] "GET /index.php/2012-04-11-10-09-59/100-legkbal/sbm-260-aw HTTP/1.1" 404 7983 "-" "Mozilla/5.0 (compatible; Googlebot/2.1; +http://www.google.com/bot.html)"
66.249.76.2 - - [11/Mar/2013:06:00:46 +0400] "GET /index.php/2012-04-11-10-09-59/102-legkbal/aeat-td-bl820n HTTP/1.1" 404 7983 "-" "Mozilla/5.0 (compatible; Googlebot/2.1; +http://www.google.com/bot.html)"
66.249.76.39 - - [11/Mar/2013:06:03:52 +0400] "GET /images/siver%20a-%20richag.png HTTP/1.1" 200 64846 "-" "Googlebot-Image/1.0"
195.239.178.205 - - [11/Mar/2013:06:04:04 +0400] "GET / HTTP/1.0" 200 20093 "-" "Mozilla/5.0 (compatible; Nigma.ru/3.0; crawler@nigma.ru)"
66.249.76.133 - - [11/Mar/2013:06:04:09 +0400] "GET /index.php/2012-04-11-10-09-59/101-legkbal/aeat-td-bl520n HTTP/1.1" 404 7983 "-" "Mozilla/5.0 (compatible; Googlebot/2.1; +http://www.google.com/bot.html)"
66.249.76.133 - - [11/Mar/2013:06:17:11 +0400] "GET /index.php/2011-11-21-15-43-43/13-2011-11-23-11-35-00 HTTP/1.1" 404 7983 "-" "Mozilla/5.0 (compatible; Googlebot/2.1; +http://www.google.com/bot.html)"
66.249.76.133 - - [11/Mar/2013:06:23:26 +0400] "GET /index.php/2011-12-06-19-41-54/item/aet-t4 HTTP/1.1" 404 7983 "-" "Mozilla/5.0 (compatible; Googlebot/2.1; +http://www.google.com/bot.html)"
66.249.76.39 - - [11/Mar/2013:06:26:32 +0400] "GET /index.php/143-2011-11-23-11-32-01/diskopravi/titan-5500 HTTP/1.1" 404 7983 "-" "Mozilla/5.0 (compatible; Googlebot/2.1; +http://www.google.com/bot.html)"
66.249.76.39 - - [11/Mar/2013:06:26:36 +0400] "GET /images/850.1.jpg HTTP/1.1" 404 7983 "-" "Googlebot-Image/1.0"
66.249.76.133 - - [11/Mar/2013:06:26:42 +0400] "GET /index.php/2012-04-11-10-09-59/102-legkbal/aeat-td-bl820n HTTP/1.1" 404 7983 "-" "Mozilla/5.0 (compatible; Googlebot/2.1; +http://www.google.com/bot.html)"
66.249.76.39 - - [11/Mar/2013:06:26:48 +0400] "GET /index.php/127-2011-11-23-11-32-01/stapelya/siver-c HTTP/1.1" 404 7983 "-" "Mozilla/5.0 (compatible; Googlebot/2.1; +http://www.google.com/bot.html)"
66.249.76.39 - - [11/Mar/2013:06:26:54 +0400] "GET /index.php/128-2011-11-23-11-32-01/stapelya/siver-e HTTP/1.1" 404 7983 "-" "Mozilla/5.0 (compatible; Googlebot/2.1; +http://www.google.com/bot.html)"
66.249.76.133 - - [11/Mar/2013:06:27:00 +0400] "GET /index.php/2011-12-06-19-41-54/item/hunter-rx-40?category_id=26 HTTP/1.1" 404 7983 "-" "Mozilla/5.0 (compatible; Googlebot/2.1; +http://www.google.com/bot.html)"
66.249.76.39 - - [11/Mar/2013:06:30:24 +0400] "GET /index.php/component/content/?view=featured&start=10 HTTP/1.1" 404 7983 "-" "Mozilla/5.0 (compatible; Googlebot/2.1; +http://www.google.com/bot.html)"
66.249.76.39 - - [11/Mar/2013:06:33:28 +0400] "GET /index.php/2011-12-06-19-41-54/item/aet-t4 HTTP/1.1" 404 7983 "-" "Mozilla/5.0 (compatible; Googlebot/2.1; +http://www.google.com/bot.html)"
66.249.76.39 - - [11/Mar/2013:06:33:28 +0400] "GET /images/mo253ebmo254eb-main.jpg HTTP/1.1" 200 94880 "-" "Googlebot-Image/1.0"
66.249.76.39 - - [11/Mar/2013:06:36:43 +0400] "GET /index.php/2011-12-06-19-41-54/item/aet-t4?category_id=20 HTTP/1.1" 404 7983 "-" "Mozilla/5.0 (compatible; Googlebot/2.1; +http://www.google.com/bot.html)"
66.249.76.2 - - [11/Mar/2013:06:36:44 +0400] "GET /index.php/component/content/?view=featured&start=10 HTTP/1.1" 404 7983 "-" "Mozilla/5.0 (compatible; Googlebot/2.1; +http://www.google.com/bot.html)"
66.249.76.39 - - [11/Mar/2013:06:36:48 +0400] "GET /index.php/2012-04-11-10-09-59/102-legkbal/aeat-td-bl820n HTTP/1.1" 404 7983 "-" "Mozilla/5.0 (compatible; Googlebot/2.1; +http://www.google.com/bot.html)"
66.249.76.39 - - [11/Mar/2013:06:36:54 +0400] "GET /index.php/2011-12-06-19-41-54/item/hunter-rx-40 HTTP/1.1" 404 7983 "-" "Mozilla/5.0 (compatible; Googlebot/2.1; +http://www.google.com/bot.html)"
66.249.76.2 - - [11/Mar/2013:06:52:47 +0400] "GET /index.php/123-2011-11-23-11-32-01/stapelya HTTP/1.1" 404 7983 "-" "Mozilla/5.0 (compatible; Googlebot/2.1; +http://www.google.com/bot.html)"
66.249.76.39 - - [11/Mar/2013:06:55:58 +0400] "GET /cache/com_zoo/images/titan%20st-16_ee371090a621316258586cbe717504e7.jpg HTTP/1.1" 404 7983 "-" "Googlebot-Image/1.0"
208.115.111.75 - - [11/Mar/2013:07:06:31 +0400] "GET /index.php/2011-12-22-14-39-48 HTTP/1.1" 404 7983 "-" "Mozilla/5.0 (compatible; Ezooms/1.0; ezooms.bot@gmail.com)"
208.115.111.75 - - [11/Mar/2013:07:06:34 +0400] "GET /index.php/2012-04-11-10-09-59/111-legkbal/cemb-c-72 HTTP/1.1" 404 7983 "-" "Mozilla/5.0 (compatible; Ezooms/1.0; ezooms.bot@gmail.com)"
208.115.111.75 - - [11/Mar/2013:07:06:36 +0400] "GET /index.php/siver/item/%D0%B8%D0%B7%D0%BC%D0%B5%D1%80%D0%B8%D1%82%D0%B5%D0%BB%D1%8C%D0%BD%D0%B0%D1%8F-%D1%81%D0%B8%D1%81%D1%82%D0%B5%D0%BC%D0%B0-siver-data?category_id=5 HTTP/1.1" 404 7983 "-" "Mozilla/5.0 (compatible; Ezooms/1.0; ezooms.bot@gmail.com)"
66.249.76.39 - - [11/Mar/2013:07:11:47 +0400] "GET /images/bright_lc810_____4dad3298dee32.jpg HTTP/1.1" 404 7983 "-" "Googlebot-Image/1.0"
66.249.76.133 - - [11/Mar/2013:07:15:12 +0400] "GET /index.php/2012-04-11-10-09-59/108-legkbal/bright-cb-958b HTTP/1.1" 404 7983 "-" "Mozilla/5.0 (compatible; Googlebot/2.1; +http://www.google.com/bot.html)"
217.69.133.68 - - [11/Mar/2013:07:16:24 +0400] "GET /robots.txt HTTP/1.0" 404 7983 "-" "Mozilla/5.0 (compatible; Mail.RU_Bot/2.0; +http://go.mail.ru/help/robots)"
217.69.133.68 - - [11/Mar/2013:07:16:26 +0400] "GET /robots.txt HTTP/1.0" 404 7983 "-" "Mozilla/5.0 (compatible; Mail.RU_Bot/2.0; +http://go.mail.ru/help/robots)"
66.249.76.39 - - [11/Mar/2013:07:18:16 +0400] "GET /images/siver_e.png HTTP/1.1" 200 148375 "-" "Googlebot-Image/1.0"
66.249.76.39 - - [11/Mar/2013:07:31:04 +0400] "GET /images/Lift_up_The%20car_Siver_B.png HTTP/1.1" 200 584905 "-" "Googlebot-Image/1.0"
66.249.76.133 - - [11/Mar/2013:07:31:25 +0400] "GET /index.php/2011-12-06-20-18-46 HTTP/1.1" 404 7983 "-" "Mozilla/5.0 (compatible; Googlebot/2.1; +http://www.google.com/bot.html)"
66.249.76.39 - - [11/Mar/2013:07:41:09 +0400] "GET /cache/com_zoo/images/-----titan-55-001_b8641b1dab569e99f4402fa5ad13877c.jpg HTTP/1.1" 404 7983 "-" "Googlebot-Image/1.0"
66.249.76.39 - - [11/Mar/2013:08:00:11 +0400] "GET /images/mo700pspecification2.png HTTP/1.1" 200 19081 "-" "Googlebot-Image/1.0"
66.249.76.133 - - [11/Mar/2013:08:03:39 +0400] "GET /catalog/list/11 HTTP/1.1" 200 10749 "-" "SAMSUNG-SGH-E250/1.0 Profile/MIDP-2.0 Configuration/CLDC-1.1 UP.Browser/6.2.3.3.c.1.101 (GUI) MMP/2.0 (compatible; Googlebot-Mobile/2.1; +http://www.google.com/bot.html)"
66.249.76.39 - - [11/Mar/2013:08:06:48 +0400] "GET /images/4%20%D1%81%D1%82%D0%BE%D0%B9%D0%BA%D0%B8.jpeg HTTP/1.1" 200 31543 "-" "Googlebot-Image/1.0"
66.249.76.39 - - [11/Mar/2013:08:10:00 +0400] "GET /images/5400.jpg HTTP/1.1" 200 74020 "-" "Googlebot-Image/1.0"
66.249.76.133 - - [11/Mar/2013:08:22:25 +0400] "GET /index.php/123-2011-11-23-11-32-01/stapelya HTTP/1.1" 404 7983 "-" "Mozilla/5.0 (compatible; Googlebot/2.1; +http://www.google.com/bot.html)"
66.249.76.39 - - [11/Mar/2013:08:22:37 +0400] "GET /index.php/2012-04-11-10-09-59/108-legkbal/bright-cb-958b HTTP/1.1" 404 7983 "-" "Mozilla/5.0 (compatible; Googlebot/2.1; +http://www.google.com/bot.html)"
66.249.76.133 - - [11/Mar/2013:08:22:43 +0400] "GET /index.php/2011-11-21-15-43-43/25-2011-11-23-11-35-34/aircast---4-100-lb40/13-aircast-4-100-lb40 HTTP/1.1" 404 7983 "-" "Mozilla/5.0 (compatible; Googlebot/2.1; +http://www.google.com/bot.html)"
66.249.76.39 - - [11/Mar/2013:08:26:14 +0400] "GET /index.php/2011-11-21-15-43-43/13-2011-11-23-11-35-00 HTTP/1.1" 404 7983 "-" "Mozilla/5.0 (compatible; Googlebot/2.1; +http://www.google.com/bot.html)"
66.249.76.39 - - [11/Mar/2013:08:26:25 +0400] "GET /index.php/123-2011-11-23-11-32-01/stapelya HTTP/1.1" 404 7983 "-" "Mozilla/5.0 (compatible; Googlebot/2.1; +http://www.google.com/bot.html)"
66.249.76.39 - - [11/Mar/2013:08:35:40 +0400] "GET /index.php/25-2011-11-23-11-32-01/2011-11-23-11-35-34/aircast---4-100-lb40/13-aircast-4-100-lb40 HTTP/1.1" 404 7983 "-" "Mozilla/5.0 (compatible; Googlebot/2.1; +http://www.google.com/bot.html)"
66.249.76.39 - - [11/Mar/2013:08:35:45 +0400] "GET /images/podveska.jpg HTTP/1.1" 200 29169 "-" "Googlebot-Image/1.0"
66.249.76.2 - - [11/Mar/2013:08:35:51 +0400] "GET /index.php/2012-04-11-10-09-59/108-legkbal/bright-cb-958b HTTP/1.1" 404 7983 "-" "Mozilla/5.0 (compatible; Googlebot/2.1; +http://www.google.com/bot.html)"
66.249.76.39 - - [11/Mar/2013:08:42:20 +0400] "GET /images/Frame_with_jack_Siver_B.png HTTP/1.1" 200 569635 "-" "Googlebot-Image/1.0"
66.249.76.39 - - [11/Mar/2013:08:52:30 +0400] "GET /index.php/2011-11-21-15-43-43/25-2011-11-23-11-35-34/aircast---4-100-lb40/13-aircast-4-100-lb40 HTTP/1.1" 404 7983 "-" "Mozilla/5.0 (compatible; Googlebot/2.1; +http://www.google.com/bot.html)"
37.147.227.126 - - [11/Mar/2013:09:19:54 +0400] "GET / HTTP/1.1" 200 20093 "-" "Mozilla/5.0 (Windows NT 6.1) AppleWebKit/537.22 (KHTML, like Gecko) Chrome/25.0.1364.152 Safari/537.22"
37.147.227.126 - - [11/Mar/2013:09:19:55 +0400] "GET /css/bootstrap.min.css HTTP/1.1" 304 - "http://xn--80aaagabsufuc5b1amej.xn--p1ai/" "Mozilla/5.0 (Windows NT 6.1) AppleWebKit/537.22 (KHTML, like Gecko) Chrome/25.0.1364.152 Safari/537.22"
37.147.227.126 - - [11/Mar/2013:09:19:55 +0400] "GET /css/auto.css HTTP/1.1" 304 - "http://xn--80aaagabsufuc5b1amej.xn--p1ai/" "Mozilla/5.0 (Windows NT 6.1) AppleWebKit/537.22 (KHTML, like Gecko) Chrome/25.0.1364.152 Safari/537.22"
37.147.227.126 - - [11/Mar/2013:09:19:55 +0400] "GET /css/style.css HTTP/1.1" 304 - "http://xn--80aaagabsufuc5b1amej.xn--p1ai/" "Mozilla/5.0 (Windows NT 6.1) AppleWebKit/537.22 (KHTML, like Gecko) Chrome/25.0.1364.152 Safari/537.22"
37.147.227.126 - - [11/Mar/2013:09:19:55 +0400] "GET /css/bootstrap-responsive.min.css HTTP/1.1" 304 - "http://xn--80aaagabsufuc5b1amej.xn--p1ai/" "Mozilla/5.0 (Windows NT 6.1) AppleWebKit/537.22 (KHTML, like Gecko) Chrome/25.0.1364.152 Safari/537.22"
37.147.227.126 - - [11/Mar/2013:09:19:55 +0400] "GET /js/auto.js HTTP/1.1" 304 - "http://xn--80aaagabsufuc5b1amej.xn--p1ai/" "Mozilla/5.0 (Windows NT 6.1) AppleWebKit/537.22 (KHTML, like Gecko) Chrome/25.0.1364.152 Safari/537.22"
37.147.227.126 - - [11/Mar/2013:09:19:56 +0400] "GET /images/container_bg.png HTTP/1.1" 304 - "http://xn--80aaagabsufuc5b1amej.xn--p1ai/" "Mozilla/5.0 (Windows NT 6.1) AppleWebKit/537.22 (KHTML, like Gecko) Chrome/25.0.1364.152 Safari/537.22"
37.147.227.126 - - [11/Mar/2013:09:19:56 +0400] "GET /images/modena_mo_230mr.png HTTP/1.1" 304 - "http://xn--80aaagabsufuc5b1amej.xn--p1ai/" "Mozilla/5.0 (Windows NT 6.1) AppleWebKit/537.22 (KHTML, like Gecko) Chrome/25.0.1364.152 Safari/537.22"
37.147.227.126 - - [11/Mar/2013:09:19:56 +0400] "GET /images/slider_arrow_left.png HTTP/1.1" 304 - "http://xn--80aaagabsufuc5b1amej.xn--p1ai/" "Mozilla/5.0 (Windows NT 6.1) AppleWebKit/537.22 (KHTML, like Gecko) Chrome/25.0.1364.152 Safari/537.22"
37.147.227.126 - - [11/Mar/2013:09:19:56 +0400] "GET /images/menu_gran.png HTTP/1.1" 304 - "http://xn--80aaagabsufuc5b1amej.xn--p1ai/" "Mozilla/5.0 (Windows NT 6.1) AppleWebKit/537.22 (KHTML, like Gecko) Chrome/25.0.1364.152 Safari/537.22"
37.147.227.126 - - [11/Mar/2013:09:19:56 +0400] "GET /images/menu_logo_TK.png HTTP/1.1" 304 - "http://xn--80aaagabsufuc5b1amej.xn--p1ai/" "Mozilla/5.0 (Windows NT 6.1) AppleWebKit/537.22 (KHTML, like Gecko) Chrome/25.0.1364.152 Safari/537.22"
37.147.227.126 - - [11/Mar/2013:09:19:56 +0400] "GET /images/main_podl.jpg HTTP/1.1" 304 - "http://xn--80aaagabsufuc5b1amej.xn--p1ai/" "Mozilla/5.0 (Windows NT 6.1) AppleWebKit/537.22 (KHTML, like Gecko) Chrome/25.0.1364.152 Safari/537.22"
37.147.227.126 - - [11/Mar/2013:09:19:56 +0400] "GET /images/giuliano_s_112f.png HTTP/1.1" 304 - "http://xn--80aaagabsufuc5b1amej.xn--p1ai/" "Mozilla/5.0 (Windows NT 6.1) AppleWebKit/537.22 (KHTML, like Gecko) Chrome/25.0.1364.152 Safari/537.22"
37.147.227.126 - - [11/Mar/2013:09:19:56 +0400] "GET /images/titan_54_00_bridge.png HTTP/1.1" 304 - "http://xn--80aaagabsufuc5b1amej.xn--p1ai/" "Mozilla/5.0 (Windows NT 6.1) AppleWebKit/537.22 (KHTML, like Gecko) Chrome/25.0.1364.152 Safari/537.22"
37.147.227.126 - - [11/Mar/2013:09:19:56 +0400] "GET /images/hunter_gsp9200.png HTTP/1.1" 304 - "http://xn--80aaagabsufuc5b1amej.xn--p1ai/" "Mozilla/5.0 (Windows NT 6.1) AppleWebKit/537.22 (KHTML, like Gecko) Chrome/25.0.1364.152 Safari/537.22"
37.147.227.126 - - [11/Mar/2013:09:19:56 +0400] "GET /images/slider_arrow_right.png HTTP/1.1" 304 - "http://xn--80aaagabsufuc5b1amej.xn--p1ai/" "Mozilla/5.0 (Windows NT 6.1) AppleWebKit/537.22 (KHTML, like Gecko) Chrome/25.0.1364.152 Safari/537.22"
37.147.227.126 - - [11/Mar/2013:09:19:56 +0400] "GET /images/slider_text_podl.png HTTP/1.1" 304 - "http://xn--80aaagabsufuc5b1amej.xn--p1ai/" "Mozilla/5.0 (Windows NT 6.1) AppleWebKit/537.22 (KHTML, like Gecko) Chrome/25.0.1364.152 Safari/537.22"
37.147.227.126 - - [11/Mar/2013:09:19:56 +0400] "GET /images/siver_e.png HTTP/1.1" 304 - "http://xn--80aaagabsufuc5b1amej.xn--p1ai/" "Mozilla/5.0 (Windows NT 6.1) AppleWebKit/537.22 (KHTML, like Gecko) Chrome/25.0.1364.152 Safari/537.22"
37.147.227.126 - - [11/Mar/2013:09:19:56 +0400] "GET /images/main_center_bg.png HTTP/1.1" 304 - "http://xn--80aaagabsufuc5b1amej.xn--p1ai/" "Mozilla/5.0 (Windows NT 6.1) AppleWebKit/537.22 (KHTML, like Gecko) Chrome/25.0.1364.152 Safari/537.22"
37.147.227.126 - - [11/Mar/2013:09:19:56 +0400] "GET /images/arrow_left.png HTTP/1.1" 304 - "http://xn--80aaagabsufuc5b1amej.xn--p1ai/" "Mozilla/5.0 (Windows NT 6.1) AppleWebKit/537.22 (KHTML, like Gecko) Chrome/25.0.1364.152 Safari/537.22"
37.147.227.126 - - [11/Mar/2013:09:19:56 +0400] "GET /images/hit_prod_podl.png HTTP/1.1" 304 - "http://xn--80aaagabsufuc5b1amej.xn--p1ai/" "Mozilla/5.0 (Windows NT 6.1) AppleWebKit/537.22 (KHTML, like Gecko) Chrome/25.0.1364.152 Safari/537.22"
37.147.227.126 - - [11/Mar/2013:09:19:56 +0400] "GET /images/hit_text_podl.png HTTP/1.1" 304 - "http://xn--80aaagabsufuc5b1amej.xn--p1ai/" "Mozilla/5.0 (Windows NT 6.1) AppleWebKit/537.22 (KHTML, like Gecko) Chrome/25.0.1364.152 Safari/537.22"
37.147.227.126 - - [11/Mar/2013:09:19:56 +0400] "GET /images/4_270LB40.jpg HTTP/1.1" 304 - "http://xn--80aaagabsufuc5b1amej.xn--p1ai/" "Mozilla/5.0 (Windows NT 6.1) AppleWebKit/537.22 (KHTML, like Gecko) Chrome/25.0.1364.152 Safari/537.22"
37.147.227.126 - - [11/Mar/2013:09:19:56 +0400] "GET /images/T4.jpeg HTTP/1.1" 304 - "http://xn--80aaagabsufuc5b1amej.xn--p1ai/" "Mozilla/5.0 (Windows NT 6.1) AppleWebKit/537.22 (KHTML, like Gecko) Chrome/25.0.1364.152 Safari/537.22"
37.147.227.126 - - [11/Mar/2013:09:19:56 +0400] "GET /images/mo435.png HTTP/1.1" 304 - "http://xn--80aaagabsufuc5b1amej.xn--p1ai/" "Mozilla/5.0 (Windows NT 6.1) AppleWebKit/537.22 (KHTML, like Gecko) Chrome/25.0.1364.152 Safari/537.22"
37.147.227.126 - - [11/Mar/2013:09:19:56 +0400] "GET /images/mo5000eb.jpg HTTP/1.1" 304 - "http://xn--80aaagabsufuc5b1amej.xn--p1ai/" "Mozilla/5.0 (Windows NT 6.1) AppleWebKit/537.22 (KHTML, like Gecko) Chrome/25.0.1364.152 Safari/537.22"
37.147.227.126 - - [11/Mar/2013:09:19:56 +0400] "GET /images/IMG_3430.jpg HTTP/1.1" 304 - "http://xn--80aaagabsufuc5b1amej.xn--p1ai/" "Mozilla/5.0 (Windows NT 6.1) AppleWebKit/537.22 (KHTML, like Gecko) Chrome/25.0.1364.152 Safari/537.22"
37.147.227.126 - - [11/Mar/2013:09:19:56 +0400] "GET /images/arrow_right.png HTTP/1.1" 304 - "http://xn--80aaagabsufuc5b1amej.xn--p1ai/" "Mozilla/5.0 (Windows NT 6.1) AppleWebKit/537.22 (KHTML, like Gecko) Chrome/25.0.1364.152 Safari/537.22"
37.147.227.126 - - [11/Mar/2013:09:19:56 +0400] "GET /images/comp_logos.png HTTP/1.1" 304 - "http://xn--80aaagabsufuc5b1amej.xn--p1ai/" "Mozilla/5.0 (Windows NT 6.1) AppleWebKit/537.22 (KHTML, like Gecko) Chrome/25.0.1364.152 Safari/537.22"
37.147.227.126 - - [11/Mar/2013:09:19:56 +0400] "GET /images/1.png HTTP/1.1" 304 - "http://xn--80aaagabsufuc5b1amej.xn--p1ai/" "Mozilla/5.0 (Windows NT 6.1) AppleWebKit/537.22 (KHTML, like Gecko) Chrome/25.0.1364.152 Safari/537.22"
37.147.227.126 - - [11/Mar/2013:09:19:56 +0400] "GET /images/2.png HTTP/1.1" 304 - "http://xn--80aaagabsufuc5b1amej.xn--p1ai/" "Mozilla/5.0 (Windows NT 6.1) AppleWebKit/537.22 (KHTML, like Gecko) Chrome/25.0.1364.152 Safari/537.22"
37.147.227.126 - - [11/Mar/2013:09:19:56 +0400] "GET /images/910.jpg HTTP/1.1" 200 35963 "http://xn--80aaagabsufuc5b1amej.xn--p1ai/" "Mozilla/5.0 (Windows NT 6.1) AppleWebKit/537.22 (KHTML, like Gecko) Chrome/25.0.1364.152 Safari/537.22"
37.147.227.126 - - [11/Mar/2013:09:19:56 +0400] "GET /images/3.png HTTP/1.1" 304 - "http://xn--80aaagabsufuc5b1amej.xn--p1ai/" "Mozilla/5.0 (Windows NT 6.1) AppleWebKit/537.22 (KHTML, like Gecko) Chrome/25.0.1364.152 Safari/537.22"
37.147.227.126 - - [11/Mar/2013:09:19:56 +0400] "GET /images/main_map_left.png HTTP/1.1" 304 - "http://xn--80aaagabsufuc5b1amej.xn--p1ai/" "Mozilla/5.0 (Windows NT 6.1) AppleWebKit/537.22 (KHTML, like Gecko) Chrome/25.0.1364.152 Safari/537.22"
37.147.227.126 - - [11/Mar/2013:09:19:56 +0400] "GET /images/perc15.png HTTP/1.1" 304 - "http://xn--80aaagabsufuc5b1amej.xn--p1ai/" "Mozilla/5.0 (Windows NT 6.1) AppleWebKit/537.22 (KHTML, like Gecko) Chrome/25.0.1364.152 Safari/537.22"
37.147.227.126 - - [11/Mar/2013:09:19:56 +0400] "GET /images/foot_bg.png HTTP/1.1" 304 - "http://xn--80aaagabsufuc5b1amej.xn--p1ai/" "Mozilla/5.0 (Windows NT 6.1) AppleWebKit/537.22 (KHTML, like Gecko) Chrome/25.0.1364.152 Safari/537.22"
37.147.227.126 - - [11/Mar/2013:09:19:57 +0400] "GET /images/phone.png HTTP/1.1" 304 - "http://xn--80aaagabsufuc5b1amej.xn--p1ai/" "Mozilla/5.0 (Windows NT 6.1) AppleWebKit/537.22 (KHTML, like Gecko) Chrome/25.0.1364.152 Safari/537.22"
37.147.227.126 - - [11/Mar/2013:09:19:57 +0400] "GET /images/footer_up.png HTTP/1.1" 304 - "http://xn--80aaagabsufuc5b1amej.xn--p1ai/" "Mozilla/5.0 (Windows NT 6.1) AppleWebKit/537.22 (KHTML, like Gecko) Chrome/25.0.1364.152 Safari/537.22"
37.147.227.126 - - [11/Mar/2013:09:19:57 +0400] "GET /images/footer_arrow.png HTTP/1.1" 304 - "http://xn--80aaagabsufuc5b1amej.xn--p1ai/" "Mozilla/5.0 (Windows NT 6.1) AppleWebKit/537.22 (KHTML, like Gecko) Chrome/25.0.1364.152 Safari/537.22"
37.147.227.126 - - [11/Mar/2013:09:19:57 +0400] "GET /images/menu_current.jpg HTTP/1.1" 304 - "http://xn--80aaagabsufuc5b1amej.xn--p1ai/" "Mozilla/5.0 (Windows NT 6.1) AppleWebKit/537.22 (KHTML, like Gecko) Chrome/25.0.1364.152 Safari/537.22"
37.147.227.126 - - [11/Mar/2013:09:20:01 +0400] "GET /admin HTTP/1.1" 302 - "-" "Mozilla/5.0 (Windows NT 6.1) AppleWebKit/537.22 (KHTML, like Gecko) Chrome/25.0.1364.152 Safari/537.22"
37.147.227.126 - - [11/Mar/2013:09:20:01 +0400] "GET /admin/admin/login HTTP/1.1" 200 8210 "-" "Mozilla/5.0 (Windows NT 6.1) AppleWebKit/537.22 (KHTML, like Gecko) Chrome/25.0.1364.152 Safari/537.22"
37.147.227.126 - - [11/Mar/2013:09:20:04 +0400] "POST /admin/admin/login HTTP/1.1" 302 - "http://xn--80aaagabsufuc5b1amej.xn--p1ai/admin/admin/login" "Mozilla/5.0 (Windows NT 6.1) AppleWebKit/537.22 (KHTML, like Gecko) Chrome/25.0.1364.152 Safari/537.22"
37.147.227.126 - - [11/Mar/2013:09:20:06 +0400] "GET /admin HTTP/1.1" 200 14539 "http://xn--80aaagabsufuc5b1amej.xn--p1ai/admin/admin/login" "Mozilla/5.0 (Windows NT 6.1) AppleWebKit/537.22 (KHTML, like Gecko) Chrome/25.0.1364.152 Safari/537.22"
37.147.227.126 - - [11/Mar/2013:09:20:23 +0400] "POST /admin/edit HTTP/1.1" 200 15974 "http://xn--80aaagabsufuc5b1amej.xn--p1ai/admin" "Mozilla/5.0 (Windows NT 6.1) AppleWebKit/537.22 (KHTML, like Gecko) Chrome/25.0.1364.152 Safari/537.22"
37.147.227.126 - - [11/Mar/2013:09:20:24 +0400] "GET /images/Siver%20DE.jpg HTTP/1.1" 304 - "http://xn--80aaagabsufuc5b1amej.xn--p1ai/admin/edit" "Mozilla/5.0 (Windows NT 6.1) AppleWebKit/537.22 (KHTML, like Gecko) Chrome/25.0.1364.152 Safari/537.22"
37.147.227.126 - - [11/Mar/2013:09:20:24 +0400] "GET /ckeditor/skins/moono/editor.css?t=D08E HTTP/1.1" 304 - "http://xn--80aaagabsufuc5b1amej.xn--p1ai/admin/edit" "Mozilla/5.0 (Windows NT 6.1) AppleWebKit/537.22 (KHTML, like Gecko) Chrome/25.0.1364.152 Safari/537.22"
37.147.227.126 - - [11/Mar/2013:09:20:24 +0400] "GET /ckeditor/contents.css HTTP/1.1" 304 - "-" "Mozilla/5.0 (Windows NT 6.1) AppleWebKit/537.22 (KHTML, like Gecko) Chrome/25.0.1364.152 Safari/537.22"
37.147.227.126 - - [11/Mar/2013:09:20:24 +0400] "GET /ckeditor/skins/moono/icons.png HTTP/1.1" 304 - "http://xn--80aaagabsufuc5b1amej.xn--p1ai/admin/edit" "Mozilla/5.0 (Windows NT 6.1) AppleWebKit/537.22 (KHTML, like Gecko) Chrome/25.0.1364.152 Safari/537.22"
37.147.227.126 - - [11/Mar/2013:09:20:36 +0400] "GET /ckeditor/skins/moono/dialog.css?t=D08E HTTP/1.1" 304 - "http://xn--80aaagabsufuc5b1amej.xn--p1ai/admin/edit" "Mozilla/5.0 (Windows NT 6.1) AppleWebKit/537.22 (KHTML, like Gecko) Chrome/25.0.1364.152 Safari/537.22"
37.147.227.126 - - [11/Mar/2013:09:20:37 +0400] "GET /ckeditor/skins/moono/images/close.png HTTP/1.1" 304 - "http://xn--80aaagabsufuc5b1amej.xn--p1ai/admin/edit" "Mozilla/5.0 (Windows NT 6.1) AppleWebKit/537.22 (KHTML, like Gecko) Chrome/25.0.1364.152 Safari/537.22"
37.147.227.126 - - [11/Mar/2013:09:20:37 +0400] "GET /ckeditor/skins/moono/images/mini.png HTTP/1.1" 304 - "http://xn--80aaagabsufuc5b1amej.xn--p1ai/admin/edit" "Mozilla/5.0 (Windows NT 6.1) AppleWebKit/537.22 (KHTML, like Gecko) Chrome/25.0.1364.152 Safari/537.22"
37.147.227.126 - - [11/Mar/2013:09:21:31 +0400] "POST /ckeditor_uploader.php?CKEditor=q_text&CKEditorFuncNum=2&langCode=ru HTTP/1.1" 200 205 "-" "Mozilla/5.0 (Windows NT 6.1) AppleWebKit/537.22 (KHTML, like Gecko) Chrome/25.0.1364.152 Safari/537.22"
37.147.227.126 - - [11/Mar/2013:09:29:19 +0400] "GET / HTTP/1.1" 200 20093 "-" "Mozilla/5.0 (Windows NT 6.1) AppleWebKit/537.22 (KHTML, like Gecko) Chrome/25.0.1364.152 Safari/537.22"
37.147.227.126 - - [11/Mar/2013:09:29:25 +0400] "GET /admin HTTP/1.1" 200 14539 "-" "Mozilla/5.0 (Windows NT 6.1) AppleWebKit/537.22 (KHTML, like Gecko) Chrome/25.0.1364.152 Safari/537.22"
37.147.227.126 - - [11/Mar/2013:09:29:34 +0400] "POST /admin/edit HTTP/1.1" 200 15974 "http://xn--80aaagabsufuc5b1amej.xn--p1ai/admin" "Mozilla/5.0 (Windows NT 6.1) AppleWebKit/537.22 (KHTML, like Gecko) Chrome/25.0.1364.152 Safari/537.22"
37.147.227.126 - - [11/Mar/2013:09:29:46 +0400] "POST /ckeditor_uploader.php?CKEditor=q_text&CKEditorFuncNum=2&langCode=ru HTTP/1.1" 200 200 "-" "Mozilla/5.0 (Windows NT 6.1) AppleWebKit/537.22 (KHTML, like Gecko) Chrome/25.0.1364.152 Safari/537.22"
37.147.227.126 - - [11/Mar/2013:09:30:02 +0400] "POST /admin/edit HTTP/1.1" 302 144 "http://xn--80aaagabsufuc5b1amej.xn--p1ai/admin/edit" "Mozilla/5.0 (Windows NT 6.1) AppleWebKit/537.22 (KHTML, like Gecko) Chrome/25.0.1364.152 Safari/537.22"
37.147.227.126 - - [11/Mar/2013:09:30:03 +0400] "GET /admin HTTP/1.1" 200 14539 "http://xn--80aaagabsufuc5b1amej.xn--p1ai/admin/edit" "Mozilla/5.0 (Windows NT 6.1) AppleWebKit/537.22 (KHTML, like Gecko) Chrome/25.0.1364.152 Safari/537.22"
37.147.227.126 - - [11/Mar/2013:09:30:07 +0400] "POST /admin/edit HTTP/1.1" 200 15154 "http://xn--80aaagabsufuc5b1amej.xn--p1ai/admin" "Mozilla/5.0 (Windows NT 6.1) AppleWebKit/537.22 (KHTML, like Gecko) Chrome/25.0.1364.152 Safari/537.22"
37.147.227.126 - - [11/Mar/2013:09:30:08 +0400] "GET /images/255.jpg HTTP/1.1" 200 68115 "http://xn--80aaagabsufuc5b1amej.xn--p1ai/admin/edit" "Mozilla/5.0 (Windows NT 6.1) AppleWebKit/537.22 (KHTML, like Gecko) Chrome/25.0.1364.152 Safari/537.22"
37.147.227.126 - - [11/Mar/2013:09:30:31 +0400] "GET /admin HTTP/1.1" 200 14539 "http://xn--80aaagabsufuc5b1amej.xn--p1ai/admin/edit" "Mozilla/5.0 (Windows NT 6.1) AppleWebKit/537.22 (KHTML, like Gecko) Chrome/25.0.1364.152 Safari/537.22"
37.147.227.126 - - [11/Mar/2013:09:30:35 +0400] "POST /admin/edit HTTP/1.1" 200 15154 "http://xn--80aaagabsufuc5b1amej.xn--p1ai/admin" "Mozilla/5.0 (Windows NT 6.1) AppleWebKit/537.22 (KHTML, like Gecko) Chrome/25.0.1364.152 Safari/537.22"
37.147.227.126 - - [11/Mar/2013:09:30:48 +0400] "GET /ckeditor/skins/moono/images/arrow.png HTTP/1.1" 304 - "-" "Mozilla/5.0 (Windows NT 6.1) AppleWebKit/537.22 (KHTML, like Gecko) Chrome/25.0.1364.152 Safari/537.22"
37.147.227.126 - - [11/Mar/2013:09:33:41 +0400] "GET /ckeditor/plugins/magicline/images/icon.png HTTP/1.1" 304 - "-" "Mozilla/5.0 (Windows NT 6.1) AppleWebKit/537.22 (KHTML, like Gecko) Chrome/25.0.1364.152 Safari/537.22"
37.147.227.126 - - [11/Mar/2013:09:33:43 +0400] "GET /ckeditor/plugins/iframe/dialogs/iframe.js?t=D08E HTTP/1.1" 200 2895 "http://xn--80aaagabsufuc5b1amej.xn--p1ai/admin/edit" "Mozilla/5.0 (Windows NT 6.1) AppleWebKit/537.22 (KHTML, like Gecko) Chrome/25.0.1364.152 Safari/537.22"
37.147.227.126 - - [11/Mar/2013:09:34:29 +0400] "POST /admin/edit HTTP/1.1" 302 144 "http://xn--80aaagabsufuc5b1amej.xn--p1ai/admin/edit" "Mozilla/5.0 (Windows NT 6.1) AppleWebKit/537.22 (KHTML, like Gecko) Chrome/25.0.1364.152 Safari/537.22"
37.147.227.126 - - [11/Mar/2013:09:34:30 +0400] "GET /admin HTTP/1.1" 200 14539 "http://xn--80aaagabsufuc5b1amej.xn--p1ai/admin/edit" "Mozilla/5.0 (Windows NT 6.1) AppleWebKit/537.22 (KHTML, like Gecko) Chrome/25.0.1364.152 Safari/537.22"
37.147.227.126 - - [11/Mar/2013:09:34:36 +0400] "POST /admin/edit HTTP/1.1" 200 16353 "http://xn--80aaagabsufuc5b1amej.xn--p1ai/admin" "Mozilla/5.0 (Windows NT 6.1) AppleWebKit/537.22 (KHTML, like Gecko) Chrome/25.0.1364.152 Safari/537.22"
37.147.227.126 - - [11/Mar/2013:09:34:37 +0400] "GET /images/640.jpg HTTP/1.1" 200 21884 "http://xn--80aaagabsufuc5b1amej.xn--p1ai/admin/edit" "Mozilla/5.0 (Windows NT 6.1) AppleWebKit/537.22 (KHTML, like Gecko) Chrome/25.0.1364.152 Safari/537.22"
37.147.227.126 - - [11/Mar/2013:09:34:38 +0400] "GET / HTTP/1.1" 200 20093 "http://xn--80aaagabsufuc5b1amej.xn--p1ai/admin/edit" "Mozilla/5.0 (Windows NT 6.1) AppleWebKit/537.22 (KHTML, like Gecko) Chrome/25.0.1364.152 Safari/537.22"
37.147.227.126 - - [11/Mar/2013:09:34:47 +0400] "GET /catalog HTTP/1.1" 200 18774 "http://xn--80aaagabsufuc5b1amej.xn--p1ai/" "Mozilla/5.0 (Windows NT 6.1) AppleWebKit/537.22 (KHTML, like Gecko) Chrome/25.0.1364.152 Safari/537.22"
37.147.227.126 - - [11/Mar/2013:09:34:49 +0400] "GET /images/podveska.jpg HTTP/1.1" 304 - "http://xn--80aaagabsufuc5b1amej.xn--p1ai/catalog" "Mozilla/5.0 (Windows NT 6.1) AppleWebKit/537.22 (KHTML, like Gecko) Chrome/25.0.1364.152 Safari/537.22"
37.147.227.126 - - [11/Mar/2013:09:34:49 +0400] "GET /images/shinomontaj-%20na%20razdel.jpg HTTP/1.1" 304 - "http://xn--80aaagabsufuc5b1amej.xn--p1ai/catalog" "Mozilla/5.0 (Windows NT 6.1) AppleWebKit/537.22 (KHTML, like Gecko) Chrome/25.0.1364.152 Safari/537.22"
37.147.227.126 - - [11/Mar/2013:09:34:49 +0400] "GET /images/compr-group.jpg HTTP/1.1" 304 - "http://xn--80aaagabsufuc5b1amej.xn--p1ai/catalog" "Mozilla/5.0 (Windows NT 6.1) AppleWebKit/537.22 (KHTML, like Gecko) Chrome/25.0.1364.152 Safari/537.22"
37.147.227.126 - - [11/Mar/2013:09:34:49 +0400] "GET /images/main_center_bg_cat.png HTTP/1.1" 304 - "http://xn--80aaagabsufuc5b1amej.xn--p1ai/catalog" "Mozilla/5.0 (Windows NT 6.1) AppleWebKit/537.22 (KHTML, like Gecko) Chrome/25.0.1364.152 Safari/537.22"
37.147.227.126 - - [11/Mar/2013:09:34:49 +0400] "GET /images/%D0%B4%D0%B8%D1%81%D0%BA%D0%BE%D0%BF%D1%80%D0%B0%D0%B2%2056%2000.jpg HTTP/1.1" 304 - "http://xn--80aaagabsufuc5b1amej.xn--p1ai/catalog" "Mozilla/5.0 (Windows NT 6.1) AppleWebKit/537.22 (KHTML, like Gecko) Chrome/25.0.1364.152 Safari/537.22"
37.147.227.126 - - [11/Mar/2013:09:34:49 +0400] "GET /images/elit.jpg HTTP/1.1" 304 - "http://xn--80aaagabsufuc5b1amej.xn--p1ai/catalog" "Mozilla/5.0 (Windows NT 6.1) AppleWebKit/537.22 (KHTML, like Gecko) Chrome/25.0.1364.152 Safari/537.22"
37.147.227.126 - - [11/Mar/2013:09:34:49 +0400] "GET /images/%D0%B2%D1%83%D0%BB%D0%BA%D0%B0%D0%BD300.jpg HTTP/1.1" 304 - "http://xn--80aaagabsufuc5b1amej.xn--p1ai/catalog" "Mozilla/5.0 (Windows NT 6.1) AppleWebKit/537.22 (KHTML, like Gecko) Chrome/25.0.1364.152 Safari/537.22"
37.147.227.126 - - [11/Mar/2013:09:34:49 +0400] "GET /images/siver_de_kopiya.png HTTP/1.1" 304 - "http://xn--80aaagabsufuc5b1amej.xn--p1ai/catalog" "Mozilla/5.0 (Windows NT 6.1) AppleWebKit/537.22 (KHTML, like Gecko) Chrome/25.0.1364.152 Safari/537.22"
37.147.227.126 - - [11/Mar/2013:09:35:10 +0400] "GET /catalog/list/8 HTTP/1.1" 200 12884 "http://xn--80aaagabsufuc5b1amej.xn--p1ai/catalog" "Mozilla/5.0 (Windows NT 6.1) AppleWebKit/537.22 (KHTML, like Gecko) Chrome/25.0.1364.152 Safari/537.22"
37.147.227.126 - - [11/Mar/2013:09:35:11 +0400] "GET /images/tcx%20575%202-1%20-%20main.jpg HTTP/1.1" 304 - "http://xn--80aaagabsufuc5b1amej.xn--p1ai/catalog/list/8" "Mozilla/5.0 (Windows NT 6.1) AppleWebKit/537.22 (KHTML, like Gecko) Chrome/25.0.1364.152 Safari/537.22"
37.147.227.126 - - [11/Mar/2013:09:35:11 +0400] "GET /images/tca34-e1.jpg HTTP/1.1" 304 - "http://xn--80aaagabsufuc5b1amej.xn--p1ai/catalog/list/8" "Mozilla/5.0 (Windows NT 6.1) AppleWebKit/537.22 (KHTML, like Gecko) Chrome/25.0.1364.152 Safari/537.22"
37.147.227.126 - - [11/Mar/2013:09:35:11 +0400] "GET /images/TCA28main.jpg HTTP/1.1" 304 - "http://xn--80aaagabsufuc5b1amej.xn--p1ai/catalog/list/8" "Mozilla/5.0 (Windows NT 6.1) AppleWebKit/537.22 (KHTML, like Gecko) Chrome/25.0.1364.152 Safari/537.22"
37.147.227.126 - - [11/Mar/2013:09:35:19 +0400] "GET /catalog/product/47 HTTP/1.1" 200 14435 "http://xn--80aaagabsufuc5b1amej.xn--p1ai/catalog/list/8" "Mozilla/5.0 (Windows NT 6.1) AppleWebKit/537.22 (KHTML, like Gecko) Chrome/25.0.1364.152 Safari/537.22"
37.147.227.126 - - [11/Mar/2013:09:38:40 +0400] "GET /catalog/list/8 HTTP/1.1" 200 12884 "http://xn--80aaagabsufuc5b1amej.xn--p1ai/catalog/product/47" "Mozilla/5.0 (Windows NT 6.1) AppleWebKit/537.22 (KHTML, like Gecko) Chrome/25.0.1364.152 Safari/537.22"
37.147.227.126 - - [11/Mar/2013:09:38:56 +0400] "GET /catalog/product/47 HTTP/1.1" 200 14435 "http://xn--80aaagabsufuc5b1amej.xn--p1ai/catalog/list/8" "Mozilla/5.0 (Windows NT 6.1) AppleWebKit/537.22 (KHTML, like Gecko) Chrome/25.0.1364.152 Safari/537.22"
37.147.227.126 - - [11/Mar/2013:09:39:16 +0400] "GET /catalog/product/46 HTTP/1.1" 200 15551 "http://xn--80aaagabsufuc5b1amej.xn--p1ai/catalog/list/8" "Mozilla/5.0 (Windows NT 6.1) AppleWebKit/537.22 (KHTML, like Gecko) Chrome/25.0.1364.152 Safari/537.22"
37.147.227.126 - - [11/Mar/2013:09:39:43 +0400] "POST /admin/edit HTTP/1.1" 302 144 "http://xn--80aaagabsufuc5b1amej.xn--p1ai/admin/edit" "Mozilla/5.0 (Windows NT 6.1) AppleWebKit/537.22 (KHTML, like Gecko) Chrome/25.0.1364.152 Safari/537.22"
37.147.227.126 - - [11/Mar/2013:09:39:43 +0400] "GET /admin HTTP/1.1" 200 14539 "http://xn--80aaagabsufuc5b1amej.xn--p1ai/admin/edit" "Mozilla/5.0 (Windows NT 6.1) AppleWebKit/537.22 (KHTML, like Gecko) Chrome/25.0.1364.152 Safari/537.22"
37.147.227.126 - - [11/Mar/2013:09:39:47 +0400] "GET /catalog/product/46 HTTP/1.1" 200 15539 "http://xn--80aaagabsufuc5b1amej.xn--p1ai/catalog/list/8" "Mozilla/5.0 (Windows NT 6.1) AppleWebKit/537.22 (KHTML, like Gecko) Chrome/25.0.1364.152 Safari/537.22"
37.147.227.126 - - [11/Mar/2013:09:39:48 +0400] "GET /css/style.css HTTP/1.1" 304 - "http://xn--80aaagabsufuc5b1amej.xn--p1ai/catalog/product/46" "Mozilla/5.0 (Windows NT 6.1) AppleWebKit/537.22 (KHTML, like Gecko) Chrome/25.0.1364.152 Safari/537.22"
37.147.227.126 - - [11/Mar/2013:09:39:48 +0400] "GET /css/bootstrap-responsive.min.css HTTP/1.1" 304 - "http://xn--80aaagabsufuc5b1amej.xn--p1ai/catalog/product/46" "Mozilla/5.0 (Windows NT 6.1) AppleWebKit/537.22 (KHTML, like Gecko) Chrome/25.0.1364.152 Safari/537.22"
37.147.227.126 - - [11/Mar/2013:09:39:48 +0400] "GET /css/bootstrap.min.css HTTP/1.1" 304 - "http://xn--80aaagabsufuc5b1amej.xn--p1ai/catalog/product/46" "Mozilla/5.0 (Windows NT 6.1) AppleWebKit/537.22 (KHTML, like Gecko) Chrome/25.0.1364.152 Safari/537.22"
37.147.227.126 - - [11/Mar/2013:09:39:48 +0400] "GET /css/auto.css HTTP/1.1" 304 - "http://xn--80aaagabsufuc5b1amej.xn--p1ai/catalog/product/46" "Mozilla/5.0 (Windows NT 6.1) AppleWebKit/537.22 (KHTML, like Gecko) Chrome/25.0.1364.152 Safari/537.22"
37.147.227.126 - - [11/Mar/2013:09:39:48 +0400] "GET /images/main_podl.jpg HTTP/1.1" 304 - "http://xn--80aaagabsufuc5b1amej.xn--p1ai/catalog/product/46" "Mozilla/5.0 (Windows NT 6.1) AppleWebKit/537.22 (KHTML, like Gecko) Chrome/25.0.1364.152 Safari/537.22"
37.147.227.126 - - [11/Mar/2013:09:39:48 +0400] "GET /images/container_bg.png HTTP/1.1" 304 - "http://xn--80aaagabsufuc5b1amej.xn--p1ai/catalog/product/46" "Mozilla/5.0 (Windows NT 6.1) AppleWebKit/537.22 (KHTML, like Gecko) Chrome/25.0.1364.152 Safari/537.22"
37.147.227.126 - - [11/Mar/2013:09:39:48 +0400] "GET /images/modena_mo_230mr.png HTTP/1.1" 304 - "http://xn--80aaagabsufuc5b1amej.xn--p1ai/catalog/product/46" "Mozilla/5.0 (Windows NT 6.1) AppleWebKit/537.22 (KHTML, like Gecko) Chrome/25.0.1364.152 Safari/537.22"
37.147.227.126 - - [11/Mar/2013:09:39:48 +0400] "GET /images/menu_gran.png HTTP/1.1" 304 - "http://xn--80aaagabsufuc5b1amej.xn--p1ai/catalog/product/46" "Mozilla/5.0 (Windows NT 6.1) AppleWebKit/537.22 (KHTML, like Gecko) Chrome/25.0.1364.152 Safari/537.22"
37.147.227.126 - - [11/Mar/2013:09:39:48 +0400] "GET /images/menu_logo_TK.png HTTP/1.1" 304 - "http://xn--80aaagabsufuc5b1amej.xn--p1ai/catalog/product/46" "Mozilla/5.0 (Windows NT 6.1) AppleWebKit/537.22 (KHTML, like Gecko) Chrome/25.0.1364.152 Safari/537.22"
37.147.227.126 - - [11/Mar/2013:09:39:48 +0400] "GET /images/slider_arrow_left.png HTTP/1.1" 304 - "http://xn--80aaagabsufuc5b1amej.xn--p1ai/catalog/product/46" "Mozilla/5.0 (Windows NT 6.1) AppleWebKit/537.22 (KHTML, like Gecko) Chrome/25.0.1364.152 Safari/537.22"
37.147.227.126 - - [11/Mar/2013:09:39:48 +0400] "GET /images/giuliano_s_112f.png HTTP/1.1" 304 - "http://xn--80aaagabsufuc5b1amej.xn--p1ai/catalog/product/46" "Mozilla/5.0 (Windows NT 6.1) AppleWebKit/537.22 (KHTML, like Gecko) Chrome/25.0.1364.152 Safari/537.22"
37.147.227.126 - - [11/Mar/2013:09:39:48 +0400] "GET /images/titan_54_00_bridge.png HTTP/1.1" 304 - "http://xn--80aaagabsufuc5b1amej.xn--p1ai/catalog/product/46" "Mozilla/5.0 (Windows NT 6.1) AppleWebKit/537.22 (KHTML, like Gecko) Chrome/25.0.1364.152 Safari/537.22"
37.147.227.126 - - [11/Mar/2013:09:39:48 +0400] "GET /images/hunter_gsp9200.png HTTP/1.1" 304 - "http://xn--80aaagabsufuc5b1amej.xn--p1ai/catalog/product/46" "Mozilla/5.0 (Windows NT 6.1) AppleWebKit/537.22 (KHTML, like Gecko) Chrome/25.0.1364.152 Safari/537.22"
37.147.227.126 - - [11/Mar/2013:09:39:49 +0400] "GET /images/siver_e.png HTTP/1.1" 304 - "http://xn--80aaagabsufuc5b1amej.xn--p1ai/catalog/product/46" "Mozilla/5.0 (Windows NT 6.1) AppleWebKit/537.22 (KHTML, like Gecko) Chrome/25.0.1364.152 Safari/537.22"
37.147.227.126 - - [11/Mar/2013:09:39:49 +0400] "GET /images/slider_text_podl.png HTTP/1.1" 304 - "http://xn--80aaagabsufuc5b1amej.xn--p1ai/catalog/product/46" "Mozilla/5.0 (Windows NT 6.1) AppleWebKit/537.22 (KHTML, like Gecko) Chrome/25.0.1364.152 Safari/537.22"
37.147.227.126 - - [11/Mar/2013:09:39:49 +0400] "GET /images/main_center_bg_cat.png HTTP/1.1" 304 - "http://xn--80aaagabsufuc5b1amej.xn--p1ai/catalog/product/46" "Mozilla/5.0 (Windows NT 6.1) AppleWebKit/537.22 (KHTML, like Gecko) Chrome/25.0.1364.152 Safari/537.22"
37.147.227.126 - - [11/Mar/2013:09:39:49 +0400] "GET /images/slider_arrow_right.png HTTP/1.1" 304 - "http://xn--80aaagabsufuc5b1amej.xn--p1ai/catalog/product/46" "Mozilla/5.0 (Windows NT 6.1) AppleWebKit/537.22 (KHTML, like Gecko) Chrome/25.0.1364.152 Safari/537.22"
37.147.227.126 - - [11/Mar/2013:09:39:49 +0400] "GET /images/hit_prod_podl.png HTTP/1.1" 304 - "http://xn--80aaagabsufuc5b1amej.xn--p1ai/catalog/product/46" "Mozilla/5.0 (Windows NT 6.1) AppleWebKit/537.22 (KHTML, like Gecko) Chrome/25.0.1364.152 Safari/537.22"
37.147.227.126 - - [11/Mar/2013:09:39:49 +0400] "GET /images/640.jpg HTTP/1.1" 304 - "http://xn--80aaagabsufuc5b1amej.xn--p1ai/catalog/product/46" "Mozilla/5.0 (Windows NT 6.1) AppleWebKit/537.22 (KHTML, like Gecko) Chrome/25.0.1364.152 Safari/537.22"
37.147.227.126 - - [11/Mar/2013:09:39:49 +0400] "GET /images/shinomontaj-%20na%20razdel.jpg HTTP/1.1" 304 - "http://xn--80aaagabsufuc5b1amej.xn--p1ai/catalog/product/46" "Mozilla/5.0 (Windows NT 6.1) AppleWebKit/537.22 (KHTML, like Gecko) Chrome/25.0.1364.152 Safari/537.22"
37.147.227.126 - - [11/Mar/2013:09:39:49 +0400] "GET /images/foot_bg.png HTTP/1.1" 304 - "http://xn--80aaagabsufuc5b1amej.xn--p1ai/catalog/product/46" "Mozilla/5.0 (Windows NT 6.1) AppleWebKit/537.22 (KHTML, like Gecko) Chrome/25.0.1364.152 Safari/537.22"
37.147.227.126 - - [11/Mar/2013:09:39:49 +0400] "GET /images/footer_up.png HTTP/1.1" 304 - "http://xn--80aaagabsufuc5b1amej.xn--p1ai/catalog/product/46" "Mozilla/5.0 (Windows NT 6.1) AppleWebKit/537.22 (KHTML, like Gecko) Chrome/25.0.1364.152 Safari/537.22"
37.147.227.126 - - [11/Mar/2013:09:39:49 +0400] "GET /images/footer_arrow.png HTTP/1.1" 304 - "http://xn--80aaagabsufuc5b1amej.xn--p1ai/catalog/product/46" "Mozilla/5.0 (Windows NT 6.1) AppleWebKit/537.22 (KHTML, like Gecko) Chrome/25.0.1364.152 Safari/537.22"
37.147.227.126 - - [11/Mar/2013:09:39:49 +0400] "GET /images/menu_current.jpg HTTP/1.1" 304 - "http://xn--80aaagabsufuc5b1amej.xn--p1ai/catalog/product/46" "Mozilla/5.0 (Windows NT 6.1) AppleWebKit/537.22 (KHTML, like Gecko) Chrome/25.0.1364.152 Safari/537.22"
37.147.227.126 - - [11/Mar/2013:09:40:00 +0400] "POST /admin/edit HTTP/1.1" 200 16341 "http://xn--80aaagabsufuc5b1amej.xn--p1ai/admin" "Mozilla/5.0 (Windows NT 6.1) AppleWebKit/537.22 (KHTML, like Gecko) Chrome/25.0.1364.152 Safari/537.22"
37.147.227.126 - - [11/Mar/2013:09:40:02 +0400] "GET /catalog/list/8 HTTP/1.1" 200 12873 "http://xn--80aaagabsufuc5b1amej.xn--p1ai/catalog/product/47" "Mozilla/5.0 (Windows NT 6.1) AppleWebKit/537.22 (KHTML, like Gecko) Chrome/25.0.1364.152 Safari/537.22"
37.147.227.126 - - [11/Mar/2013:09:40:03 +0400] "GET /css/auto.css HTTP/1.1" 304 - "http://xn--80aaagabsufuc5b1amej.xn--p1ai/catalog/list/8" "Mozilla/5.0 (Windows NT 6.1) AppleWebKit/537.22 (KHTML, like Gecko) Chrome/25.0.1364.152 Safari/537.22"
37.147.227.126 - - [11/Mar/2013:09:40:03 +0400] "GET /css/bootstrap-responsive.min.css HTTP/1.1" 304 - "http://xn--80aaagabsufuc5b1amej.xn--p1ai/catalog/list/8" "Mozilla/5.0 (Windows NT 6.1) AppleWebKit/537.22 (KHTML, like Gecko) Chrome/25.0.1364.152 Safari/537.22"
37.147.227.126 - - [11/Mar/2013:09:40:03 +0400] "GET /css/style.css HTTP/1.1" 304 - "http://xn--80aaagabsufuc5b1amej.xn--p1ai/catalog/list/8" "Mozilla/5.0 (Windows NT 6.1) AppleWebKit/537.22 (KHTML, like Gecko) Chrome/25.0.1364.152 Safari/537.22"
37.147.227.126 - - [11/Mar/2013:09:40:03 +0400] "GET /css/bootstrap.min.css HTTP/1.1" 304 - "http://xn--80aaagabsufuc5b1amej.xn--p1ai/catalog/list/8" "Mozilla/5.0 (Windows NT 6.1) AppleWebKit/537.22 (KHTML, like Gecko) Chrome/25.0.1364.152 Safari/537.22"
37.147.227.126 - - [11/Mar/2013:09:40:03 +0400] "GET /images/modena_mo_230mr.png HTTP/1.1" 304 - "http://xn--80aaagabsufuc5b1amej.xn--p1ai/catalog/list/8" "Mozilla/5.0 (Windows NT 6.1) AppleWebKit/537.22 (KHTML, like Gecko) Chrome/25.0.1364.152 Safari/537.22"
37.147.227.126 - - [11/Mar/2013:09:40:03 +0400] "GET /images/giuliano_s_112f.png HTTP/1.1" 304 - "http://xn--80aaagabsufuc5b1amej.xn--p1ai/catalog/list/8" "Mozilla/5.0 (Windows NT 6.1) AppleWebKit/537.22 (KHTML, like Gecko) Chrome/25.0.1364.152 Safari/537.22"
37.147.227.126 - - [11/Mar/2013:09:40:03 +0400] "GET /images/titan_54_00_bridge.png HTTP/1.1" 304 - "http://xn--80aaagabsufuc5b1amej.xn--p1ai/catalog/list/8" "Mozilla/5.0 (Windows NT 6.1) AppleWebKit/537.22 (KHTML, like Gecko) Chrome/25.0.1364.152 Safari/537.22"
37.147.227.126 - - [11/Mar/2013:09:40:03 +0400] "GET /images/hunter_gsp9200.png HTTP/1.1" 304 - "http://xn--80aaagabsufuc5b1amej.xn--p1ai/catalog/list/8" "Mozilla/5.0 (Windows NT 6.1) AppleWebKit/537.22 (KHTML, like Gecko) Chrome/25.0.1364.152 Safari/537.22"
37.147.227.126 - - [11/Mar/2013:09:40:03 +0400] "GET /images/shinomontaj-%20na%20razdel.jpg HTTP/1.1" 304 - "http://xn--80aaagabsufuc5b1amej.xn--p1ai/catalog/list/8" "Mozilla/5.0 (Windows NT 6.1) AppleWebKit/537.22 (KHTML, like Gecko) Chrome/25.0.1364.152 Safari/537.22"
37.147.227.126 - - [11/Mar/2013:09:40:03 +0400] "GET /images/siver_e.png HTTP/1.1" 304 - "http://xn--80aaagabsufuc5b1amej.xn--p1ai/catalog/list/8" "Mozilla/5.0 (Windows NT 6.1) AppleWebKit/537.22 (KHTML, like Gecko) Chrome/25.0.1364.152 Safari/537.22"
37.147.227.126 - - [11/Mar/2013:09:40:03 +0400] "GET /images/tcx%20575%202-1%20-%20main.jpg HTTP/1.1" 304 - "http://xn--80aaagabsufuc5b1amej.xn--p1ai/catalog/list/8" "Mozilla/5.0 (Windows NT 6.1) AppleWebKit/537.22 (KHTML, like Gecko) Chrome/25.0.1364.152 Safari/537.22"
37.147.227.126 - - [11/Mar/2013:09:40:03 +0400] "GET /images/TCA28main.jpg HTTP/1.1" 304 - "http://xn--80aaagabsufuc5b1amej.xn--p1ai/catalog/list/8" "Mozilla/5.0 (Windows NT 6.1) AppleWebKit/537.22 (KHTML, like Gecko) Chrome/25.0.1364.152 Safari/537.22"
37.147.227.126 - - [11/Mar/2013:09:40:03 +0400] "GET /images/tca34-e1.jpg HTTP/1.1" 304 - "http://xn--80aaagabsufuc5b1amej.xn--p1ai/catalog/list/8" "Mozilla/5.0 (Windows NT 6.1) AppleWebKit/537.22 (KHTML, like Gecko) Chrome/25.0.1364.152 Safari/537.22"
37.147.227.126 - - [11/Mar/2013:09:40:03 +0400] "GET /images/640.jpg HTTP/1.1" 304 - "http://xn--80aaagabsufuc5b1amej.xn--p1ai/catalog/list/8" "Mozilla/5.0 (Windows NT 6.1) AppleWebKit/537.22 (KHTML, like Gecko) Chrome/25.0.1364.152 Safari/537.22"
37.147.227.126 - - [11/Mar/2013:09:40:03 +0400] "GET /images/255.jpg HTTP/1.1" 304 - "http://xn--80aaagabsufuc5b1amej.xn--p1ai/catalog/list/8" "Mozilla/5.0 (Windows NT 6.1) AppleWebKit/537.22 (KHTML, like Gecko) Chrome/25.0.1364.152 Safari/537.22"
37.147.227.126 - - [11/Mar/2013:09:40:03 +0400] "GET /images/910.jpg HTTP/1.1" 304 - "http://xn--80aaagabsufuc5b1amej.xn--p1ai/catalog/list/8" "Mozilla/5.0 (Windows NT 6.1) AppleWebKit/537.22 (KHTML, like Gecko) Chrome/25.0.1364.152 Safari/537.22"
37.147.227.126 - - [11/Mar/2013:09:40:04 +0400] "GET /images/main_podl.jpg HTTP/1.1" 304 - "http://xn--80aaagabsufuc5b1amej.xn--p1ai/catalog/list/8" "Mozilla/5.0 (Windows NT 6.1) AppleWebKit/537.22 (KHTML, like Gecko) Chrome/25.0.1364.152 Safari/537.22"
