208.115.113.91 - - [06/Mar/2013:01:16:03 +0400] "GET /index.php/diskopravi/item/titan-558 HTTP/1.1" 404 7983 "-" "Mozilla/5.0 (compatible; Ezooms/1.0; ezooms.bot@gmail.com)"
208.115.111.75 - - [06/Mar/2013:01:52:13 +0400] "GET /robots.txt HTTP/1.1" 404 7983 "-" "Mozilla/5.0 (compatible; Ezooms/1.0; ezooms.bot@gmail.com)"
208.115.111.75 - - [06/Mar/2013:01:52:13 +0400] "GET /robots.txt HTTP/1.1" 404 7983 "-" "Mozilla/5.0 (compatible; Ezooms/1.0; ezooms.bot@gmail.com)"
66.249.78.107 - - [06/Mar/2013:02:09:10 +0400] "GET /images/%D0%B4%D0%B8%D1%81%D0%BA%D0%BE%D0%BF%D1%80%D0%B0%D0%B2%2056%2000.jpg HTTP/1.1" 200 129877 "-" "Googlebot-Image/1.0"
193.169.234.5 - - [06/Mar/2013:02:53:43 +0400] "GET /robots.txt HTTP/1.1" 404 7983 "" "Mozilla/5.0 (compatible; openstat.ru/Bot)"
193.169.234.5 - - [06/Mar/2013:02:58:12 +0400] "GET /index.php/2012-04-11-10-09-59 HTTP/1.1" 404 7983 "" "Mozilla/5.0 (compatible; openstat.ru/Bot)"
208.115.111.75 - - [06/Mar/2013:03:03:36 +0400] "GET /index.php/siver/item/%D0%BF%D0%BE%D1%80%D1%8F%D0%B4%D0%BE%D0%BA-%D1%80%D0%B0%D0%B1%D0%BE%D1%82%D1%8B-%D1%81-%D1%81%D0%B8%D1%81%D1%82%D0%B5%D0%BC%D0%BE%D0%B9-siver-data?category_id=5 HTTP/1.1" 404 7983 "-" "Mozilla/5.0 (compatible; Ezooms/1.0; ezooms.bot@gmail.com)"
208.115.111.75 - - [06/Mar/2013:03:03:39 +0400] "GET /index.php/diskopravi/item/titan-st-16?category_id=33 HTTP/1.1" 404 7983 "-" "Mozilla/5.0 (compatible; Ezooms/1.0; ezooms.bot@gmail.com)"
66.249.78.81 - - [06/Mar/2013:03:44:45 +0400] "GET /robots.txt HTTP/1.1" 404 7983 "-" "Mozilla/5.0 (compatible; Googlebot/2.1; +http://www.google.com/bot.html)"
66.249.78.81 - - [06/Mar/2013:03:44:46 +0400] "GET /images/f6105-1.jpg HTTP/1.1" 404 7983 "-" "Googlebot-Image/1.0"
208.115.113.91 - - [06/Mar/2013:03:57:54 +0400] "GET /robots.txt HTTP/1.1" 404 7983 "-" "Mozilla/5.0 (compatible; Ezooms/1.0; ezooms.bot@gmail.com)"
66.249.78.107 - - [06/Mar/2013:04:57:54 +0400] "GET /robots.txt HTTP/1.1" 404 7983 "-" "Mozilla/5.0 (compatible; Googlebot/2.1; +http://www.google.com/bot.html)"
66.249.78.107 - - [06/Mar/2013:04:57:55 +0400] "GET /images/press3.jpg HTTP/1.1" 404 7983 "-" "Googlebot-Image/1.0"
37.140.141.12 - - [06/Mar/2013:05:02:45 +0400] "GET /index.php/component/content/article/159-2011-11-23-11-32-01/2011-12-14-13-38-50/clipper-bal/132-clipper-bal HTTP/1.1" 404 7983 "-" "Mozilla/5.0 (compatible; YandexBot/3.0; +http://yandex.com/bots)"
66.249.78.107 - - [06/Mar/2013:05:06:25 +0400] "GET /images/launch%205.jpeg HTTP/1.1" 404 7983 "-" "Googlebot-Image/1.0"
208.115.113.91 - - [06/Mar/2013:05:14:37 +0400] "GET /index.php/diskopravi/item/titan-st-16?category_id=33 HTTP/1.1" 404 7983 "-" "Mozilla/5.0 (compatible; Ezooms/1.0; ezooms.bot@gmail.com)"
66.249.78.107 - - [06/Mar/2013:05:17:08 +0400] "GET /images/stoik1.jpg HTTP/1.1" 404 7983 "-" "Googlebot-Image/1.0"
66.249.78.107 - - [06/Mar/2013:05:33:25 +0400] "GET /images/telej1.jpg HTTP/1.1" 404 7983 "-" "Googlebot-Image/1.0"
66.249.78.107 - - [06/Mar/2013:05:42:11 +0400] "GET /images/890it.jpg HTTP/1.1" 404 7983 "-" "Googlebot-Image/1.0"
66.249.78.107 - - [06/Mar/2013:05:51:28 +0400] "GET /images/flexbimec_3327___4cfccae8456c1.jpg HTTP/1.1" 404 7983 "-" "Googlebot-Image/1.0"
208.115.111.75 - - [06/Mar/2013:05:53:08 +0400] "GET /robots.txt HTTP/1.1" 404 7983 "-" "Mozilla/5.0 (compatible; Ezooms/1.0; ezooms.bot@gmail.com)"
66.249.78.107 - - [06/Mar/2013:06:01:32 +0400] "GET /images/tddb-088n-aet1.jpg HTTP/1.1" 404 7983 "-" "Googlebot-Image/1.0"
195.239.178.205 - - [06/Mar/2013:06:01:44 +0400] "GET / HTTP/1.0" 200 19485 "-" "Mozilla/5.0 (compatible; Nigma.ru/3.0; crawler@nigma.ru)"
66.249.78.107 - - [06/Mar/2013:06:10:11 +0400] "GET /images/verst1.jpg HTTP/1.1" 404 7983 "-" "Googlebot-Image/1.0"
66.249.78.107 - - [06/Mar/2013:06:17:44 +0400] "GET /images/sicam855sbm.jpg HTTP/1.1" 404 7983 "-" "Googlebot-Image/1.0"
66.249.78.107 - - [06/Mar/2013:06:27:06 +0400] "GET /images/2.png HTTP/1.1" 200 30504 "-" "Googlebot-Image/1.0"
66.249.78.107 - - [06/Mar/2013:06:33:35 +0400] "GET /index.php/2011-12-06-20-18-46 HTTP/1.1" 404 7983 "-" "Mozilla/5.0 (compatible; Googlebot/2.1; +http://www.google.com/bot.html)"
66.249.78.107 - - [06/Mar/2013:06:34:29 +0400] "GET /images/bright_lc810_____4dad3298dee32.jpg HTTP/1.1" 404 7983 "-" "Googlebot-Image/1.0"
66.249.78.107 - - [06/Mar/2013:06:43:15 +0400] "GET /images/bright_cb_956b_s_4bfce4e93ef8d.jpg HTTP/1.1" 404 7983 "-" "Googlebot-Image/1.0"
37.140.141.12 - - [06/Mar/2013:06:50:00 +0400] "GET /index.php/2011-12-06-19-41-54 HTTP/1.1" 404 7983 "-" "Mozilla/5.0 (compatible; YandexBot/3.0; +http://yandex.com/bots)"
66.249.78.107 - - [06/Mar/2013:06:51:49 +0400] "GET /images/giuliano_s_222___4a66ebd78cddb.jpg HTTP/1.1" 404 7983 "-" "Googlebot-Image/1.0"
66.249.75.107 - - [06/Mar/2013:07:02:16 +0400] "GET /images/td_bl822n_ae_t___4e1b3729d3970_150x150.jpg HTTP/1.1" 404 7983 "-" "Googlebot-Image/1.0"
208.115.111.75 - - [06/Mar/2013:07:04:50 +0400] "GET /index.php/diskopravi/item/titan-57-00 HTTP/1.1" 404 7983 "-" "Mozilla/5.0 (compatible; Ezooms/1.0; ezooms.bot@gmail.com)"
66.249.78.2 - - [06/Mar/2013:07:05:33 +0400] "GET /robots.txt HTTP/1.1" 404 7983 "-" "Mozilla/5.0 (compatible; Googlebot/2.1; +http://www.google.com/bot.html)"
66.249.78.2 - - [06/Mar/2013:07:05:33 +0400] "GET /index.php/2011-12-06-20-18-46 HTTP/1.1" 404 7983 "-" "Mozilla/5.0 (compatible; Googlebot/2.1; +http://www.google.com/bot.html)"
66.249.78.107 - - [06/Mar/2013:07:11:13 +0400] "GET /cache/com_zoo/images/m-launch-tech-launch-x-631-must-run-1_0caeaf0f7e251d2100a4fb4702201ca7.jpg HTTP/1.1" 404 7983 "-" "Googlebot-Image/1.0"
66.249.75.107 - - [06/Mar/2013:07:18:16 +0400] "GET /cache/com_zoo/images/gl1_357bd047c1294d1ce12ade218bdc4373.png HTTP/1.1" 404 7983 "-" "Googlebot-Image/1.0"
66.249.78.107 - - [06/Mar/2013:07:28:14 +0400] "GET /images/siver_el_s.png HTTP/1.1" 404 7983 "-" "Googlebot-Image/1.0"
66.249.78.81 - - [06/Mar/2013:07:31:38 +0400] "GET /robots.txt HTTP/1.1" 404 7983 "-" "Mozilla/5.0 (compatible; Googlebot/2.1; +http://www.google.com/bot.html)"
66.249.78.81 - - [06/Mar/2013:07:31:38 +0400] "GET /index.php/2011-12-06-20-18-46 HTTP/1.1" 404 7983 "-" "Mozilla/5.0 (compatible; Googlebot/2.1; +http://www.google.com/bot.html)"
66.249.78.107 - - [06/Mar/2013:07:37:54 +0400] "GET /images/bright_cb_958b_s_4e2d30ca92902.jpg HTTP/1.1" 404 7983 "-" "Googlebot-Image/1.0"
66.249.78.107 - - [06/Mar/2013:07:44:09 +0400] "GET /images/siver_hv_small.jpg HTTP/1.1" 404 7983 "-" "Googlebot-Image/1.0"
66.249.78.107 - - [06/Mar/2013:07:53:23 +0400] "GET /cache/com_zoo/images/hunter%20logo_9951527d03fa3586be05143ad702d62c.jpg HTTP/1.1" 404 7983 "-" "Googlebot-Image/1.0"
208.115.113.91 - - [06/Mar/2013:07:58:24 +0400] "GET /robots.txt HTTP/1.1" 404 7983 "-" "Mozilla/5.0 (compatible; Ezooms/1.0; ezooms.bot@gmail.com)"
66.249.78.107 - - [06/Mar/2013:08:02:29 +0400] "GET /images/resize_png.png HTTP/1.1" 404 7983 "-" "Googlebot-Image/1.0"
66.249.78.107 - - [06/Mar/2013:08:10:27 +0400] "GET /images/dst448bn.jpg HTTP/1.1" 404 7983 "-" "Googlebot-Image/1.0"
66.249.78.107 - - [06/Mar/2013:08:21:05 +0400] "GET /images/cemb_c_72_4a66e88de97e9.jpg HTTP/1.1" 404 7983 "-" "Googlebot-Image/1.0"
66.249.78.107 - - [06/Mar/2013:08:30:29 +0400] "GET /images/cemb____10_evo_4a66e7e291eb7.jpg HTTP/1.1" 404 7983 "-" "Googlebot-Image/1.0"
66.249.78.107 - - [06/Mar/2013:08:38:27 +0400] "GET /cache/com_zoo/images/siver_b_new_m_27f766cd0622ad98ef306fa8fc0c27bc.png HTTP/1.1" 404 7983 "-" "Googlebot-Image/1.0"
66.249.78.107 - - [06/Mar/2013:08:45:14 +0400] "GET /images/dst920b.jpg HTTP/1.1" 404 7983 "-" "Googlebot-Image/1.0"
66.249.78.107 - - [06/Mar/2013:08:54:43 +0400] "GET /images/hunter_dsp92001_4a66ed9eb53db.jpg HTTP/1.1" 404 7983 "-" "Googlebot-Image/1.0"
66.249.75.107 - - [06/Mar/2013:09:02:47 +0400] "GET /images/hunter_gsp9600___4c9b1aa7b297b.jpg HTTP/1.1" 404 7983 "-" "Googlebot-Image/1.0"
66.249.78.107 - - [06/Mar/2013:09:04:32 +0400] "GET /index.php/component/content/?view=featured HTTP/1.1" 404 7983 "-" "Mozilla/5.0 (compatible; Googlebot/2.1; +http://www.google.com/bot.html)"
66.249.78.107 - - [06/Mar/2013:09:11:18 +0400] "GET /images/siver_de_kopiya.png HTTP/1.1" 200 336001 "-" "Googlebot-Image/1.0"
208.115.113.91 - - [06/Mar/2013:09:15:14 +0400] "GET /index.php/2011-12-06-20-32-49 HTTP/1.1" 404 7983 "-" "Mozilla/5.0 (compatible; Ezooms/1.0; ezooms.bot@gmail.com)"
93.178.107.69 - - [06/Mar/2013:09:17:19 +0400] "GET /css/bootstrap.min.css HTTP/1.1" 304 - "http://xn--80aaagabsufuc5b1amej.xn--p1ai/" "Mozilla/5.0 (X11; Linux x86_64) AppleWebKit/537.17 (KHTML, like Gecko) Chrome/24.0.1312.70 Safari/537.17"
93.178.107.69 - - [06/Mar/2013:09:17:19 +0400] "GET /css/style.css HTTP/1.1" 304 - "http://xn--80aaagabsufuc5b1amej.xn--p1ai/" "Mozilla/5.0 (X11; Linux x86_64) AppleWebKit/537.17 (KHTML, like Gecko) Chrome/24.0.1312.70 Safari/537.17"
93.178.107.69 - - [06/Mar/2013:09:17:19 +0400] "GET /css/bootstrap-responsive.min.css HTTP/1.1" 304 - "http://xn--80aaagabsufuc5b1amej.xn--p1ai/" "Mozilla/5.0 (X11; Linux x86_64) AppleWebKit/537.17 (KHTML, like Gecko) Chrome/24.0.1312.70 Safari/537.17"
93.178.107.69 - - [06/Mar/2013:09:17:19 +0400] "GET /css/auto.css HTTP/1.1" 200 10660 "http://xn--80aaagabsufuc5b1amej.xn--p1ai/" "Mozilla/5.0 (X11; Linux x86_64) AppleWebKit/537.17 (KHTML, like Gecko) Chrome/24.0.1312.70 Safari/537.17"
93.178.107.69 - - [06/Mar/2013:09:17:19 +0400] "GET /ckeditor/ckeditor.js HTTP/1.1" 304 - "http://xn--80aaagabsufuc5b1amej.xn--p1ai/" "Mozilla/5.0 (X11; Linux x86_64) AppleWebKit/537.17 (KHTML, like Gecko) Chrome/24.0.1312.70 Safari/537.17"
93.178.107.69 - - [06/Mar/2013:09:17:18 +0400] "GET / HTTP/1.1" 200 19485 "-" "Mozilla/5.0 (X11; Linux x86_64) AppleWebKit/537.17 (KHTML, like Gecko) Chrome/24.0.1312.70 Safari/537.17"
93.178.107.69 - - [06/Mar/2013:09:17:19 +0400] "GET /js/jquery.min.js HTTP/1.1" 304 - "http://xn--80aaagabsufuc5b1amej.xn--p1ai/" "Mozilla/5.0 (X11; Linux x86_64) AppleWebKit/537.17 (KHTML, like Gecko) Chrome/24.0.1312.70 Safari/537.17"
93.178.107.69 - - [06/Mar/2013:09:17:19 +0400] "GET /js/bootstrap.min.js HTTP/1.1" 304 - "http://xn--80aaagabsufuc5b1amej.xn--p1ai/" "Mozilla/5.0 (X11; Linux x86_64) AppleWebKit/537.17 (KHTML, like Gecko) Chrome/24.0.1312.70 Safari/537.17"
93.178.107.69 - - [06/Mar/2013:09:17:19 +0400] "GET /js/auto.js HTTP/1.1" 200 2956 "http://xn--80aaagabsufuc5b1amej.xn--p1ai/" "Mozilla/5.0 (X11; Linux x86_64) AppleWebKit/537.17 (KHTML, like Gecko) Chrome/24.0.1312.70 Safari/537.17"
93.178.107.69 - - [06/Mar/2013:09:17:19 +0400] "GET /images/menu_gran.png HTTP/1.1" 304 - "http://xn--80aaagabsufuc5b1amej.xn--p1ai/" "Mozilla/5.0 (X11; Linux x86_64) AppleWebKit/537.17 (KHTML, like Gecko) Chrome/24.0.1312.70 Safari/537.17"
93.178.107.69 - - [06/Mar/2013:09:17:19 +0400] "GET /images/main_podl.jpg HTTP/1.1" 304 - "http://xn--80aaagabsufuc5b1amej.xn--p1ai/" "Mozilla/5.0 (X11; Linux x86_64) AppleWebKit/537.17 (KHTML, like Gecko) Chrome/24.0.1312.70 Safari/537.17"
93.178.107.69 - - [06/Mar/2013:09:17:19 +0400] "GET /images/slider_arrow_left.png HTTP/1.1" 304 - "http://xn--80aaagabsufuc5b1amej.xn--p1ai/" "Mozilla/5.0 (X11; Linux x86_64) AppleWebKit/537.17 (KHTML, like Gecko) Chrome/24.0.1312.70 Safari/537.17"
93.178.107.69 - - [06/Mar/2013:09:17:19 +0400] "GET /images/container_bg.png HTTP/1.1" 304 - "http://xn--80aaagabsufuc5b1amej.xn--p1ai/" "Mozilla/5.0 (X11; Linux x86_64) AppleWebKit/537.17 (KHTML, like Gecko) Chrome/24.0.1312.70 Safari/537.17"
93.178.107.69 - - [06/Mar/2013:09:17:19 +0400] "GET /images/modena_mo_230mr.png HTTP/1.1" 304 - "http://xn--80aaagabsufuc5b1amej.xn--p1ai/" "Mozilla/5.0 (X11; Linux x86_64) AppleWebKit/537.17 (KHTML, like Gecko) Chrome/24.0.1312.70 Safari/537.17"
93.178.107.69 - - [06/Mar/2013:09:17:19 +0400] "GET /images/menu_logo_TK.png HTTP/1.1" 304 - "http://xn--80aaagabsufuc5b1amej.xn--p1ai/" "Mozilla/5.0 (X11; Linux x86_64) AppleWebKit/537.17 (KHTML, like Gecko) Chrome/24.0.1312.70 Safari/537.17"
93.178.107.69 - - [06/Mar/2013:09:17:19 +0400] "GET /images/titan_54_00_bridge.png HTTP/1.1" 304 - "http://xn--80aaagabsufuc5b1amej.xn--p1ai/" "Mozilla/5.0 (X11; Linux x86_64) AppleWebKit/537.17 (KHTML, like Gecko) Chrome/24.0.1312.70 Safari/537.17"
93.178.107.69 - - [06/Mar/2013:09:17:19 +0400] "GET /images/giuliano_s_112f.png HTTP/1.1" 304 - "http://xn--80aaagabsufuc5b1amej.xn--p1ai/" "Mozilla/5.0 (X11; Linux x86_64) AppleWebKit/537.17 (KHTML, like Gecko) Chrome/24.0.1312.70 Safari/537.17"
93.178.107.69 - - [06/Mar/2013:09:17:19 +0400] "GET /images/siver_e.png HTTP/1.1" 304 - "http://xn--80aaagabsufuc5b1amej.xn--p1ai/" "Mozilla/5.0 (X11; Linux x86_64) AppleWebKit/537.17 (KHTML, like Gecko) Chrome/24.0.1312.70 Safari/537.17"
93.178.107.69 - - [06/Mar/2013:09:17:19 +0400] "GET /images/slider_text_podl.png HTTP/1.1" 304 - "http://xn--80aaagabsufuc5b1amej.xn--p1ai/" "Mozilla/5.0 (X11; Linux x86_64) AppleWebKit/537.17 (KHTML, like Gecko) Chrome/24.0.1312.70 Safari/537.17"
93.178.107.69 - - [06/Mar/2013:09:17:19 +0400] "GET /images/slider_arrow_right.png HTTP/1.1" 304 - "http://xn--80aaagabsufuc5b1amej.xn--p1ai/" "Mozilla/5.0 (X11; Linux x86_64) AppleWebKit/537.17 (KHTML, like Gecko) Chrome/24.0.1312.70 Safari/537.17"
93.178.107.69 - - [06/Mar/2013:09:17:19 +0400] "GET /images/hunter_gsp9200.png HTTP/1.1" 304 - "http://xn--80aaagabsufuc5b1amej.xn--p1ai/" "Mozilla/5.0 (X11; Linux x86_64) AppleWebKit/537.17 (KHTML, like Gecko) Chrome/24.0.1312.70 Safari/537.17"
93.178.107.69 - - [06/Mar/2013:09:17:19 +0400] "GET /images/main_center_bg.png HTTP/1.1" 304 - "http://xn--80aaagabsufuc5b1amej.xn--p1ai/" "Mozilla/5.0 (X11; Linux x86_64) AppleWebKit/537.17 (KHTML, like Gecko) Chrome/24.0.1312.70 Safari/537.17"
93.178.107.69 - - [06/Mar/2013:09:17:19 +0400] "GET /images/arrow_left.png HTTP/1.1" 304 - "http://xn--80aaagabsufuc5b1amej.xn--p1ai/" "Mozilla/5.0 (X11; Linux x86_64) AppleWebKit/537.17 (KHTML, like Gecko) Chrome/24.0.1312.70 Safari/537.17"
93.178.107.69 - - [06/Mar/2013:09:17:19 +0400] "GET /images/hit_prod_podl.png HTTP/1.1" 304 - "http://xn--80aaagabsufuc5b1amej.xn--p1ai/" "Mozilla/5.0 (X11; Linux x86_64) AppleWebKit/537.17 (KHTML, like Gecko) Chrome/24.0.1312.70 Safari/537.17"
93.178.107.69 - - [06/Mar/2013:09:17:19 +0400] "GET /images/hit_text_podl.png HTTP/1.1" 304 - "http://xn--80aaagabsufuc5b1amej.xn--p1ai/" "Mozilla/5.0 (X11; Linux x86_64) AppleWebKit/537.17 (KHTML, like Gecko) Chrome/24.0.1312.70 Safari/537.17"
93.178.107.69 - - [06/Mar/2013:09:17:19 +0400] "GET /images/4_270LB40.jpg HTTP/1.1" 304 - "http://xn--80aaagabsufuc5b1amej.xn--p1ai/" "Mozilla/5.0 (X11; Linux x86_64) AppleWebKit/537.17 (KHTML, like Gecko) Chrome/24.0.1312.70 Safari/537.17"
93.178.107.69 - - [06/Mar/2013:09:17:19 +0400] "GET /images/T4.jpeg HTTP/1.1" 304 - "http://xn--80aaagabsufuc5b1amej.xn--p1ai/" "Mozilla/5.0 (X11; Linux x86_64) AppleWebKit/537.17 (KHTML, like Gecko) Chrome/24.0.1312.70 Safari/537.17"
93.178.107.69 - - [06/Mar/2013:09:17:19 +0400] "GET /images/arrow_right.png HTTP/1.1" 304 - "http://xn--80aaagabsufuc5b1amej.xn--p1ai/" "Mozilla/5.0 (X11; Linux x86_64) AppleWebKit/537.17 (KHTML, like Gecko) Chrome/24.0.1312.70 Safari/537.17"
93.178.107.69 - - [06/Mar/2013:09:17:19 +0400] "GET /images/comp_logos.png HTTP/1.1" 304 - "http://xn--80aaagabsufuc5b1amej.xn--p1ai/" "Mozilla/5.0 (X11; Linux x86_64) AppleWebKit/537.17 (KHTML, like Gecko) Chrome/24.0.1312.70 Safari/537.17"
93.178.107.69 - - [06/Mar/2013:09:17:20 +0400] "GET /images/1.png HTTP/1.1" 304 - "http://xn--80aaagabsufuc5b1amej.xn--p1ai/" "Mozilla/5.0 (X11; Linux x86_64) AppleWebKit/537.17 (KHTML, like Gecko) Chrome/24.0.1312.70 Safari/537.17"
93.178.107.69 - - [06/Mar/2013:09:17:20 +0400] "GET /images/2.png HTTP/1.1" 304 - "http://xn--80aaagabsufuc5b1amej.xn--p1ai/" "Mozilla/5.0 (X11; Linux x86_64) AppleWebKit/537.17 (KHTML, like Gecko) Chrome/24.0.1312.70 Safari/537.17"
93.178.107.69 - - [06/Mar/2013:09:17:20 +0400] "GET /images/main_map_left.png HTTP/1.1" 304 - "http://xn--80aaagabsufuc5b1amej.xn--p1ai/" "Mozilla/5.0 (X11; Linux x86_64) AppleWebKit/537.17 (KHTML, like Gecko) Chrome/24.0.1312.70 Safari/537.17"
93.178.107.69 - - [06/Mar/2013:09:17:20 +0400] "GET /images/3.png HTTP/1.1" 304 - "http://xn--80aaagabsufuc5b1amej.xn--p1ai/" "Mozilla/5.0 (X11; Linux x86_64) AppleWebKit/537.17 (KHTML, like Gecko) Chrome/24.0.1312.70 Safari/537.17"
93.178.107.69 - - [06/Mar/2013:09:17:20 +0400] "GET /images/phone.png HTTP/1.1" 304 - "http://xn--80aaagabsufuc5b1amej.xn--p1ai/" "Mozilla/5.0 (X11; Linux x86_64) AppleWebKit/537.17 (KHTML, like Gecko) Chrome/24.0.1312.70 Safari/537.17"
93.178.107.69 - - [06/Mar/2013:09:17:20 +0400] "GET /images/perc15.png HTTP/1.1" 304 - "http://xn--80aaagabsufuc5b1amej.xn--p1ai/" "Mozilla/5.0 (X11; Linux x86_64) AppleWebKit/537.17 (KHTML, like Gecko) Chrome/24.0.1312.70 Safari/537.17"
93.178.107.69 - - [06/Mar/2013:09:17:20 +0400] "GET /images/footer_up.png HTTP/1.1" 304 - "http://xn--80aaagabsufuc5b1amej.xn--p1ai/" "Mozilla/5.0 (X11; Linux x86_64) AppleWebKit/537.17 (KHTML, like Gecko) Chrome/24.0.1312.70 Safari/537.17"
93.178.107.69 - - [06/Mar/2013:09:17:20 +0400] "GET /images/foot_bg.png HTTP/1.1" 304 - "http://xn--80aaagabsufuc5b1amej.xn--p1ai/" "Mozilla/5.0 (X11; Linux x86_64) AppleWebKit/537.17 (KHTML, like Gecko) Chrome/24.0.1312.70 Safari/537.17"
93.178.107.69 - - [06/Mar/2013:09:17:20 +0400] "GET /images/footer_arrow.png HTTP/1.1" 304 - "http://xn--80aaagabsufuc5b1amej.xn--p1ai/" "Mozilla/5.0 (X11; Linux x86_64) AppleWebKit/537.17 (KHTML, like Gecko) Chrome/24.0.1312.70 Safari/537.17"
93.178.107.69 - - [06/Mar/2013:09:17:20 +0400] "GET /images/menu_current.jpg HTTP/1.1" 304 - "http://xn--80aaagabsufuc5b1amej.xn--p1ai/" "Mozilla/5.0 (X11; Linux x86_64) AppleWebKit/537.17 (KHTML, like Gecko) Chrome/24.0.1312.70 Safari/537.17"
93.178.107.69 - - [06/Mar/2013:09:17:19 +0400] "GET /images/mo5000eb.jpg HTTP/1.1" 200 109905 "http://xn--80aaagabsufuc5b1amej.xn--p1ai/" "Mozilla/5.0 (X11; Linux x86_64) AppleWebKit/537.17 (KHTML, like Gecko) Chrome/24.0.1312.70 Safari/537.17"
93.178.107.69 - - [06/Mar/2013:09:17:19 +0400] "GET /images/mo435.png HTTP/1.1" 200 334116 "http://xn--80aaagabsufuc5b1amej.xn--p1ai/" "Mozilla/5.0 (X11; Linux x86_64) AppleWebKit/537.17 (KHTML, like Gecko) Chrome/24.0.1312.70 Safari/537.17"
93.178.107.69 - - [06/Mar/2013:09:17:23 +0400] "GET /catalog/product/6 HTTP/1.1" 200 11244 "http://xn--80aaagabsufuc5b1amej.xn--p1ai/" "Mozilla/5.0 (X11; Linux x86_64) AppleWebKit/537.17 (KHTML, like Gecko) Chrome/24.0.1312.70 Safari/537.17"
93.178.107.69 - - [06/Mar/2013:09:17:24 +0400] "GET /images/main_center_bg_cat.png HTTP/1.1" 304 - "http://xn--80aaagabsufuc5b1amej.xn--p1ai/catalog/product/6" "Mozilla/5.0 (X11; Linux x86_64) AppleWebKit/537.17 (KHTML, like Gecko) Chrome/24.0.1312.70 Safari/537.17"
93.178.107.69 - - [06/Mar/2013:09:17:30 +0400] "GET /catalog/product/33 HTTP/1.1" 200 12794 "http://xn--80aaagabsufuc5b1amej.xn--p1ai/" "Mozilla/5.0 (X11; Linux x86_64) AppleWebKit/537.17 (KHTML, like Gecko) Chrome/24.0.1312.70 Safari/537.17"
66.249.78.107 - - [06/Mar/2013:09:36:44 +0400] "GET /index.php/2011-12-22-14-39-48 HTTP/1.1" 404 7983 "-" "SAMSUNG-SGH-E250/1.0 Profile/MIDP-2.0 Configuration/CLDC-1.1 UP.Browser/6.2.3.3.c.1.101 (GUI) MMP/2.0 (compatible; Googlebot-Mobile/2.1; +http://www.google.com/bot.html)"
66.249.78.107 - - [06/Mar/2013:09:37:29 +0400] "GET /cache/com_zoo/images/siver_data_consol_4445b407e08c074174daef60f627ae80.png HTTP/1.1" 404 7983 "-" "Googlebot-Image/1.0"
66.249.78.107 - - [06/Mar/2013:09:46:26 +0400] "GET /images/mo230mrmo240mrspecification2.png HTTP/1.1" 404 7983 "-" "Googlebot-Image/1.0"
208.115.111.75 - - [06/Mar/2013:09:52:31 +0400] "GET /robots.txt HTTP/1.1" 404 7983 "-" "Mozilla/5.0 (compatible; Ezooms/1.0; ezooms.bot@gmail.com)"
66.249.78.107 - - [06/Mar/2013:09:54:54 +0400] "GET /images/mo5015ecfspecification2.png HTTP/1.1" 404 7983 "-" "Googlebot-Image/1.0"
66.249.78.107 - - [06/Mar/2013:10:03:35 +0400] "GET /images/mo4seriesspecification.png HTTP/1.1" 404 7983 "-" "Googlebot-Image/1.0"
66.249.78.107 - - [06/Mar/2013:10:12:18 +0400] "GET /images/pit%20with%20comments2.png HTTP/1.1" 404 7983 "-" "Googlebot-Image/1.0"
93.178.107.69 - - [06/Mar/2013:10:12:50 +0400] "GET / HTTP/1.1" 200 19485 "-" "Mozilla/5.0 (X11; Linux x86_64) AppleWebKit/537.17 (KHTML, like Gecko) Chrome/24.0.1312.70 Safari/537.17"
93.178.107.69 - - [06/Mar/2013:10:12:53 +0400] "GET /catalog HTTP/1.1" 200 19022 "http://xn--80aaagabsufuc5b1amej.xn--p1ai/" "Mozilla/5.0 (X11; Linux x86_64) AppleWebKit/537.17 (KHTML, like Gecko) Chrome/24.0.1312.70 Safari/537.17"
93.178.107.69 - - [06/Mar/2013:10:12:53 +0400] "GET /images/compr-group.jpg HTTP/1.1" 304 - "http://xn--80aaagabsufuc5b1amej.xn--p1ai/catalog" "Mozilla/5.0 (X11; Linux x86_64) AppleWebKit/537.17 (KHTML, like Gecko) Chrome/24.0.1312.70 Safari/537.17"
93.178.107.69 - - [06/Mar/2013:10:12:53 +0400] "GET /images/siver_de_kopiya.png HTTP/1.1" 304 - "http://xn--80aaagabsufuc5b1amej.xn--p1ai/catalog" "Mozilla/5.0 (X11; Linux x86_64) AppleWebKit/537.17 (KHTML, like Gecko) Chrome/24.0.1312.70 Safari/537.17"
93.178.107.69 - - [06/Mar/2013:10:12:53 +0400] "GET /images/%D0%B2%D1%83%D0%BB%D0%BA%D0%B0%D0%BD300.jpg HTTP/1.1" 304 - "http://xn--80aaagabsufuc5b1amej.xn--p1ai/catalog" "Mozilla/5.0 (X11; Linux x86_64) AppleWebKit/537.17 (KHTML, like Gecko) Chrome/24.0.1312.70 Safari/537.17"
93.178.107.69 - - [06/Mar/2013:10:12:53 +0400] "GET /images/%D0%B4%D0%B8%D1%81%D0%BA%D0%BE%D0%BF%D1%80%D0%B0%D0%B2%2056%2000.jpg HTTP/1.1" 304 - "http://xn--80aaagabsufuc5b1amej.xn--p1ai/catalog" "Mozilla/5.0 (X11; Linux x86_64) AppleWebKit/537.17 (KHTML, like Gecko) Chrome/24.0.1312.70 Safari/537.17"
93.178.107.69 - - [06/Mar/2013:10:12:53 +0400] "GET /images/podveska.jpg HTTP/1.1" 200 29169 "http://xn--80aaagabsufuc5b1amej.xn--p1ai/catalog" "Mozilla/5.0 (X11; Linux x86_64) AppleWebKit/537.17 (KHTML, like Gecko) Chrome/24.0.1312.70 Safari/537.17"
93.178.107.69 - - [06/Mar/2013:10:12:53 +0400] "GET /images/elit.jpg HTTP/1.1" 200 74194 "http://xn--80aaagabsufuc5b1amej.xn--p1ai/catalog" "Mozilla/5.0 (X11; Linux x86_64) AppleWebKit/537.17 (KHTML, like Gecko) Chrome/24.0.1312.70 Safari/537.17"
93.178.107.69 - - [06/Mar/2013:10:12:53 +0400] "GET /images/shinomontaj-%20na%20razdel.jpg HTTP/1.1" 200 137909 "http://xn--80aaagabsufuc5b1amej.xn--p1ai/catalog" "Mozilla/5.0 (X11; Linux x86_64) AppleWebKit/537.17 (KHTML, like Gecko) Chrome/24.0.1312.70 Safari/537.17"
93.178.107.69 - - [06/Mar/2013:10:12:56 +0400] "GET /catalog/list/17 HTTP/1.1" 200 13812 "http://xn--80aaagabsufuc5b1amej.xn--p1ai/catalog" "Mozilla/5.0 (X11; Linux x86_64) AppleWebKit/537.17 (KHTML, like Gecko) Chrome/24.0.1312.70 Safari/537.17"
93.178.107.69 - - [06/Mar/2013:10:12:57 +0400] "GET /images/1400.jpg HTTP/1.1" 200 58111 "http://xn--80aaagabsufuc5b1amej.xn--p1ai/catalog/list/17" "Mozilla/5.0 (X11; Linux x86_64) AppleWebKit/537.17 (KHTML, like Gecko) Chrome/24.0.1312.70 Safari/537.17"
93.178.107.69 - - [06/Mar/2013:10:12:57 +0400] "GET /images/5800%201.jpg HTTP/1.1" 200 53099 "http://xn--80aaagabsufuc5b1amej.xn--p1ai/catalog/list/17" "Mozilla/5.0 (X11; Linux x86_64) AppleWebKit/537.17 (KHTML, like Gecko) Chrome/24.0.1312.70 Safari/537.17"
93.178.107.69 - - [06/Mar/2013:10:12:57 +0400] "GET /images/konig%201500.jpg HTTP/1.1" 200 25584 "http://xn--80aaagabsufuc5b1amej.xn--p1ai/catalog/list/17" "Mozilla/5.0 (X11; Linux x86_64) AppleWebKit/537.17 (KHTML, like Gecko) Chrome/24.0.1312.70 Safari/537.17"
93.178.107.69 - - [06/Mar/2013:10:12:57 +0400] "GET /images/5400.jpg HTTP/1.1" 200 74020 "http://xn--80aaagabsufuc5b1amej.xn--p1ai/catalog/list/17" "Mozilla/5.0 (X11; Linux x86_64) AppleWebKit/537.17 (KHTML, like Gecko) Chrome/24.0.1312.70 Safari/537.17"
93.178.107.69 - - [06/Mar/2013:10:12:57 +0400] "GET /images/2300.jpg HTTP/1.1" 200 63596 "http://xn--80aaagabsufuc5b1amej.xn--p1ai/catalog/list/17" "Mozilla/5.0 (X11; Linux x86_64) AppleWebKit/537.17 (KHTML, like Gecko) Chrome/24.0.1312.70 Safari/537.17"
93.178.107.69 - - [06/Mar/2013:10:12:57 +0400] "GET /images/5500.jpg HTTP/1.1" 200 115186 "http://xn--80aaagabsufuc5b1amej.xn--p1ai/catalog/list/17" "Mozilla/5.0 (X11; Linux x86_64) AppleWebKit/537.17 (KHTML, like Gecko) Chrome/24.0.1312.70 Safari/537.17"
93.178.107.69 - - [06/Mar/2013:10:12:57 +0400] "GET /images/5700.jpg HTTP/1.1" 200 88933 "http://xn--80aaagabsufuc5b1amej.xn--p1ai/catalog/list/17" "Mozilla/5.0 (X11; Linux x86_64) AppleWebKit/537.17 (KHTML, like Gecko) Chrome/24.0.1312.70 Safari/537.17"
93.178.107.69 - - [06/Mar/2013:10:13:02 +0400] "GET /catalog/product/10 HTTP/1.1" 200 13317 "http://xn--80aaagabsufuc5b1amej.xn--p1ai/catalog/list/17" "Mozilla/5.0 (X11; Linux x86_64) AppleWebKit/537.17 (KHTML, like Gecko) Chrome/24.0.1312.70 Safari/537.17"
66.249.75.107 - - [06/Mar/2013:10:17:28 +0400] "GET /index.php/2011-12-06-20-32-49 HTTP/1.1" 404 7983 "-" "DoCoMo/2.0 N905i(c100;TB;W24H16) (compatible; Googlebot-Mobile/2.1; +http://www.google.com/bot.html)"
83.149.8.249 - - [06/Mar/2013:10:20:44 +0400] "GET / HTTP/1.1" 200 19485 "http://www.avto25.ru/services/avtoshop/oborud_service/pyatigorsk/" "Opera/9.80 (Windows NT 5.1; U; ru) Presto/2.9.168 Version/11.50"
83.149.8.249 - - [06/Mar/2013:10:20:45 +0400] "GET /css/style.css HTTP/1.1" 200 996 "http://xn--80aaagabsufuc5b1amej.xn--p1ai/" "Opera/9.80 (Windows NT 5.1; U; ru) Presto/2.9.168 Version/11.50"
83.149.8.249 - - [06/Mar/2013:10:20:45 +0400] "GET /css/auto.css HTTP/1.1" 200 10660 "http://xn--80aaagabsufuc5b1amej.xn--p1ai/" "Opera/9.80 (Windows NT 5.1; U; ru) Presto/2.9.168 Version/11.50"
83.149.8.249 - - [06/Mar/2013:10:20:45 +0400] "GET /css/bootstrap-responsive.min.css HTTP/1.1" 200 16520 "http://xn--80aaagabsufuc5b1amej.xn--p1ai/" "Opera/9.80 (Windows NT 5.1; U; ru) Presto/2.9.168 Version/11.50"
83.149.8.249 - - [06/Mar/2013:10:20:45 +0400] "GET /images/favicon.ico HTTP/1.1" 200 1150 "http://xn--80aaagabsufuc5b1amej.xn--p1ai/" "Opera/9.80 (Windows NT 5.1; U; ru) Presto/2.9.168 Version/11.50"
83.149.8.249 - - [06/Mar/2013:10:20:45 +0400] "GET /ckeditor/ckeditor.js HTTP/1.1" 200 454073 "http://xn--80aaagabsufuc5b1amej.xn--p1ai/" "Opera/9.80 (Windows NT 5.1; U; ru) Presto/2.9.168 Version/11.50"
83.149.8.249 - - [06/Mar/2013:10:20:45 +0400] "GET /css/bootstrap.min.css HTTP/1.1" 200 101265 "http://xn--80aaagabsufuc5b1amej.xn--p1ai/" "Opera/9.80 (Windows NT 5.1; U; ru) Presto/2.9.168 Version/11.50"
83.149.8.249 - - [06/Mar/2013:10:20:45 +0400] "GET /ckeditor/ckeditor.js HTTP/1.1" 200 454073 "http://xn--80aaagabsufuc5b1amej.xn--p1ai/" "Opera/9.80 (Windows NT 5.1; U; ru) Presto/2.9.168 Version/11.50"
83.149.8.249 - - [06/Mar/2013:10:20:50 +0400] "GET /js/jquery.min.js HTTP/1.1" 200 93636 "http://xn--80aaagabsufuc5b1amej.xn--p1ai/" "Opera/9.80 (Windows NT 5.1; U; ru) Presto/2.9.168 Version/11.50"
83.149.8.249 - - [06/Mar/2013:10:20:51 +0400] "GET /js/auto.js HTTP/1.1" 200 2956 "http://xn--80aaagabsufuc5b1amej.xn--p1ai/" "Opera/9.80 (Windows NT 5.1; U; ru) Presto/2.9.168 Version/11.50"
83.149.8.249 - - [06/Mar/2013:10:20:51 +0400] "GET /js/bootstrap.min.js HTTP/1.1" 200 25743 "http://xn--80aaagabsufuc5b1amej.xn--p1ai/" "Opera/9.80 (Windows NT 5.1; U; ru) Presto/2.9.168 Version/11.50"
83.149.8.249 - - [06/Mar/2013:10:20:51 +0400] "GET /images/menu_logo_TK.png HTTP/1.1" 200 1922 "http://xn--80aaagabsufuc5b1amej.xn--p1ai/" "Opera/9.80 (Windows NT 5.1; U; ru) Presto/2.9.168 Version/11.50"
83.149.8.249 - - [06/Mar/2013:10:20:51 +0400] "GET /images/slider_arrow_left.png HTTP/1.1" 200 1743 "http://xn--80aaagabsufuc5b1amej.xn--p1ai/" "Opera/9.80 (Windows NT 5.1; U; ru) Presto/2.9.168 Version/11.50"
83.149.8.249 - - [06/Mar/2013:10:20:51 +0400] "GET /images/menu_gran.png HTTP/1.1" 200 279 "http://xn--80aaagabsufuc5b1amej.xn--p1ai/" "Opera/9.80 (Windows NT 5.1; U; ru) Presto/2.9.168 Version/11.50"
83.149.8.249 - - [06/Mar/2013:10:20:51 +0400] "GET /images/slider_text_podl.png HTTP/1.1" 200 10296 "http://xn--80aaagabsufuc5b1amej.xn--p1ai/" "Opera/9.80 (Windows NT 5.1; U; ru) Presto/2.9.168 Version/11.50"
83.149.8.249 - - [06/Mar/2013:10:20:52 +0400] "GET /images/hit_prod_podl.png HTTP/1.1" 200 1490 "http://xn--80aaagabsufuc5b1amej.xn--p1ai/" "Opera/9.80 (Windows NT 5.1; U; ru) Presto/2.9.168 Version/11.50"
83.149.8.249 - - [06/Mar/2013:10:20:52 +0400] "GET /images/hit_text_podl.png HTTP/1.1" 200 243 "http://xn--80aaagabsufuc5b1amej.xn--p1ai/" "Opera/9.80 (Windows NT 5.1; U; ru) Presto/2.9.168 Version/11.50"
83.149.8.249 - - [06/Mar/2013:10:20:52 +0400] "GET /images/phone.png HTTP/1.1" 200 21582 "http://xn--80aaagabsufuc5b1amej.xn--p1ai/" "Opera/9.80 (Windows NT 5.1; U; ru) Presto/2.9.168 Version/11.50"
83.149.8.249 - - [06/Mar/2013:10:20:51 +0400] "GET /images/modena_mo_230mr.png HTTP/1.1" 200 117372 "http://xn--80aaagabsufuc5b1amej.xn--p1ai/" "Opera/9.80 (Windows NT 5.1; U; ru) Presto/2.9.168 Version/11.50"
83.149.8.249 - - [06/Mar/2013:10:20:52 +0400] "GET /images/4_270LB40.jpg HTTP/1.1" 200 53265 "http://xn--80aaagabsufuc5b1amej.xn--p1ai/" "Opera/9.80 (Windows NT 5.1; U; ru) Presto/2.9.168 Version/11.50"
83.149.8.249 - - [06/Mar/2013:10:20:52 +0400] "GET /images/main_podl.jpg HTTP/1.1" 200 9218 "http://xn--80aaagabsufuc5b1amej.xn--p1ai/" "Opera/9.80 (Windows NT 5.1; U; ru) Presto/2.9.168 Version/11.50"
83.149.8.249 - - [06/Mar/2013:10:20:52 +0400] "GET /images/main_center_bg.png HTTP/1.1" 200 13191 "http://xn--80aaagabsufuc5b1amej.xn--p1ai/" "Opera/9.80 (Windows NT 5.1; U; ru) Presto/2.9.168 Version/11.50"
83.149.8.249 - - [06/Mar/2013:10:20:52 +0400] "GET /images/3.png HTTP/1.1" 200 27421 "http://xn--80aaagabsufuc5b1amej.xn--p1ai/" "Opera/9.80 (Windows NT 5.1; U; ru) Presto/2.9.168 Version/11.50"
83.149.8.249 - - [06/Mar/2013:10:20:52 +0400] "GET /images/footer_arrow.png HTTP/1.1" 200 256 "http://xn--80aaagabsufuc5b1amej.xn--p1ai/" "Opera/9.80 (Windows NT 5.1; U; ru) Presto/2.9.168 Version/11.50"
83.149.8.249 - - [06/Mar/2013:10:20:54 +0400] "GET /images/arrow_left.png HTTP/1.1" 200 951 "http://xn--80aaagabsufuc5b1amej.xn--p1ai/" "Opera/9.80 (Windows NT 5.1; U; ru) Presto/2.9.168 Version/11.50"
83.149.8.249 - - [06/Mar/2013:10:20:52 +0400] "GET /images/main_map_left.png HTTP/1.1" 200 54824 "http://xn--80aaagabsufuc5b1amej.xn--p1ai/" "Opera/9.80 (Windows NT 5.1; U; ru) Presto/2.9.168 Version/11.50"
83.149.8.249 - - [06/Mar/2013:10:20:52 +0400] "GET /images/1.png HTTP/1.1" 200 26696 "http://xn--80aaagabsufuc5b1amej.xn--p1ai/" "Opera/9.80 (Windows NT 5.1; U; ru) Presto/2.9.168 Version/11.50"
83.149.8.249 - - [06/Mar/2013:10:20:54 +0400] "GET /images/foot_bg.png HTTP/1.1" 200 15921 "http://xn--80aaagabsufuc5b1amej.xn--p1ai/" "Opera/9.80 (Windows NT 5.1; U; ru) Presto/2.9.168 Version/11.50"
83.149.8.249 - - [06/Mar/2013:10:20:52 +0400] "GET /images/comp_logos.png HTTP/1.1" 200 52444 "http://xn--80aaagabsufuc5b1amej.xn--p1ai/" "Opera/9.80 (Windows NT 5.1; U; ru) Presto/2.9.168 Version/11.50"
83.149.8.249 - - [06/Mar/2013:10:20:54 +0400] "GET /images/perc15.png HTTP/1.1" 200 12218 "http://xn--80aaagabsufuc5b1amej.xn--p1ai/" "Opera/9.80 (Windows NT 5.1; U; ru) Presto/2.9.168 Version/11.50"
83.149.8.249 - - [06/Mar/2013:10:20:52 +0400] "GET /images/titan_54_00_bridge.png HTTP/1.1" 200 144079 "http://xn--80aaagabsufuc5b1amej.xn--p1ai/" "Opera/9.80 (Windows NT 5.1; U; ru) Presto/2.9.168 Version/11.50"
83.149.8.249 - - [06/Mar/2013:10:20:54 +0400] "GET /images/giuliano_s_112f.png HTTP/1.1" 200 80289 "http://xn--80aaagabsufuc5b1amej.xn--p1ai/" "Opera/9.80 (Windows NT 5.1; U; ru) Presto/2.9.168 Version/11.50"
83.149.8.249 - - [06/Mar/2013:10:20:59 +0400] "GET /images/T4.jpeg HTTP/1.1" 200 10505 "http://xn--80aaagabsufuc5b1amej.xn--p1ai/" "Opera/9.80 (Windows NT 5.1; U; ru) Presto/2.9.168 Version/11.50"
83.149.8.249 - - [06/Mar/2013:10:20:59 +0400] "GET /images/menu_current.jpg HTTP/1.1" 200 11503 "http://xn--80aaagabsufuc5b1amej.xn--p1ai/" "Opera/9.80 (Windows NT 5.1; U; ru) Presto/2.9.168 Version/11.50"
83.149.8.249 - - [06/Mar/2013:10:20:55 +0400] "GET /images/mo435.png HTTP/1.1" 200 334116 "http://xn--80aaagabsufuc5b1amej.xn--p1ai/" "Opera/9.80 (Windows NT 5.1; U; ru) Presto/2.9.168 Version/11.50"
83.149.8.249 - - [06/Mar/2013:10:20:54 +0400] "GET /images/hunter_gsp9200.png HTTP/1.1" 200 95787 "http://xn--80aaagabsufuc5b1amej.xn--p1ai/" "Opera/9.80 (Windows NT 5.1; U; ru) Presto/2.9.168 Version/11.50"
83.149.8.249 - - [06/Mar/2013:10:20:54 +0400] "GET /images/siver_e.png HTTP/1.1" 200 148375 "http://xn--80aaagabsufuc5b1amej.xn--p1ai/" "Opera/9.80 (Windows NT 5.1; U; ru) Presto/2.9.168 Version/11.50"
83.149.8.249 - - [06/Mar/2013:10:20:59 +0400] "GET /images/arrow_right.png HTTP/1.1" 200 932 "http://xn--80aaagabsufuc5b1amej.xn--p1ai/" "Opera/9.80 (Windows NT 5.1; U; ru) Presto/2.9.168 Version/11.50"
83.149.8.249 - - [06/Mar/2013:10:20:59 +0400] "GET /images/mo5000eb.jpg HTTP/1.1" 200 109905 "http://xn--80aaagabsufuc5b1amej.xn--p1ai/" "Opera/9.80 (Windows NT 5.1; U; ru) Presto/2.9.168 Version/11.50"
83.149.8.249 - - [06/Mar/2013:10:21:02 +0400] "GET /images/footer_up.png HTTP/1.1" 200 2221 "http://xn--80aaagabsufuc5b1amej.xn--p1ai/" "Opera/9.80 (Windows NT 5.1; U; ru) Presto/2.9.168 Version/11.50"
83.149.8.249 - - [06/Mar/2013:10:20:59 +0400] "GET /images/mo435.png HTTP/1.1" 200 334116 "http://xn--80aaagabsufuc5b1amej.xn--p1ai/" "Opera/9.80 (Windows NT 5.1; U; ru) Presto/2.9.168 Version/11.50"
83.149.8.249 - - [06/Mar/2013:10:21:05 +0400] "GET /images/2.png HTTP/1.1" 200 30504 "http://xn--80aaagabsufuc5b1amej.xn--p1ai/" "Opera/9.80 (Windows NT 5.1; U; ru) Presto/2.9.168 Version/11.50"
66.249.78.107 - - [06/Mar/2013:10:21:41 +0400] "GET /images/mo242cfsepcification.png HTTP/1.1" 404 7983 "-" "Googlebot-Image/1.0"
83.149.8.249 - - [06/Mar/2013:10:20:51 +0400] "GET /images/container_bg.png HTTP/1.1" 200 424962 "http://xn--80aaagabsufuc5b1amej.xn--p1ai/" "Opera/9.80 (Windows NT 5.1; U; ru) Presto/2.9.168 Version/11.50"
62.76.42.220 - - [06/Mar/2013:10:32:26 +0400] "GET /index.php/component/content/?view=featured&start=25 HTTP/1.1" 404 7983 "-" "Mozilla/5.0 (Windows NT 5.1; rv:15.0) Gecko/20100101 Firefox/15.0.1"
66.249.78.107 - - [06/Mar/2013:10:38:32 +0400] "GET /images/siver_cp-1e02m.png HTTP/1.1" 404 7983 "-" "Googlebot-Image/1.0"
208.115.111.75 - - [06/Mar/2013:10:39:57 +0400] "GET /index.php/diskopravi/item/titan-54-00?category_id=33 HTTP/1.1" 404 7983 "-" "Mozilla/5.0 (compatible; Ezooms/1.0; ezooms.bot@gmail.com)"
77.39.39.161 - - [06/Mar/2013:10:42:27 +0400] "GET /index.php/2012-04-11-10-11-09/86-jelmeb/shkaf HTTP/1.1" 404 7983 "-" "Opera/9.80 (Windows NT 6.1; MRA 6.0 (build 5972)) Presto/2.12.388 Version/12.14"
77.39.39.161 - - [06/Mar/2013:10:42:28 +0400] "GET /ckeditor/ckeditor.js HTTP/1.1" 304 - "http://xn--80aaagabsufuc5b1amej.xn--p1ai/index.php/2012-04-11-10-11-09/86-jelmeb/shkaf" "Opera/9.80 (Windows NT 6.1; MRA 6.0 (build 5972)) Presto/2.12.388 Version/12.14"
66.249.78.107 - - [06/Mar/2013:10:47:44 +0400] "GET /cache/com_zoo/images/turn_tables_siver_20-2531-1-s_s_237f7929d7d5f439226daaf7a1aee3e2.jpg HTTP/1.1" 404 7983 "-" "Googlebot-Image/1.0"
77.39.39.161 - - [06/Mar/2013:10:52:46 +0400] "GET /index.php/2012-04-11-10-11-09/86-jelmeb/shkaf HTTP/1.1" 404 7983 "-" "Opera/9.80 (Windows NT 6.1; MRA 6.0 (build 5972)) Presto/2.12.388 Version/12.14"
77.39.39.161 - - [06/Mar/2013:10:52:46 +0400] "GET /ckeditor/ckeditor.js HTTP/1.1" 304 - "http://xn--80aaagabsufuc5b1amej.xn--p1ai/index.php/2012-04-11-10-11-09/86-jelmeb/shkaf" "Opera/9.80 (Windows NT 6.1; MRA 6.0 (build 5972)) Presto/2.12.388 Version/12.14"
66.249.75.107 - - [06/Mar/2013:10:56:54 +0400] "GET /images/-----titan-558.jpg HTTP/1.1" 404 7983 "-" "Googlebot-Image/1.0"
66.249.78.107 - - [06/Mar/2013:11:07:27 +0400] "GET /images/ukazka2.png HTTP/1.1" 404 7983 "-" "Googlebot-Image/1.0"
66.249.78.107 - - [06/Mar/2013:11:10:40 +0400] "GET / HTTP/1.1" 200 19485 "-" "SAMSUNG-SGH-E250/1.0 Profile/MIDP-2.0 Configuration/CLDC-1.1 UP.Browser/6.2.3.3.c.1.101 (GUI) MMP/2.0 (compatible; Googlebot-Mobile/2.1; +http://www.google.com/bot.html)"
37.140.141.12 - - [06/Mar/2013:11:12:52 +0400] "GET /robots.txt HTTP/1.1" 404 7983 "-" "Mozilla/5.0 (compatible; YandexBot/3.0; +http://yandex.com/bots)"
37.140.141.12 - - [06/Mar/2013:11:12:54 +0400] "GET /catalog/list/12 HTTP/1.1" 200 10164 "-" "Mozilla/5.0 (compatible; YandexBot/3.0; +http://yandex.com/bots)"
66.249.78.107 - - [06/Mar/2013:11:13:22 +0400] "GET /images/mo230mrmo240mr.png HTTP/1.1" 404 7983 "-" "Googlebot-Image/1.0"
37.140.141.12 - - [06/Mar/2013:11:13:50 +0400] "GET /catalog/list/16 HTTP/1.1" 200 10151 "-" "Mozilla/5.0 (compatible; YandexBot/3.0; +http://yandex.com/bots)"
37.147.225.147 - - [06/Mar/2013:11:14:42 +0400] "GET / HTTP/1.1" 200 19485 "-" "Mozilla/5.0 (Windows NT 6.1) AppleWebKit/537.22 (KHTML, like Gecko) Chrome/25.0.1364.152 Safari/537.22"
37.147.225.147 - - [06/Mar/2013:11:14:43 +0400] "GET /css/bootstrap.min.css HTTP/1.1" 304 - "http://xn--80aaagabsufuc5b1amej.xn--p1ai/" "Mozilla/5.0 (Windows NT 6.1) AppleWebKit/537.22 (KHTML, like Gecko) Chrome/25.0.1364.152 Safari/537.22"
37.147.225.147 - - [06/Mar/2013:11:14:43 +0400] "GET /css/style.css HTTP/1.1" 304 - "http://xn--80aaagabsufuc5b1amej.xn--p1ai/" "Mozilla/5.0 (Windows NT 6.1) AppleWebKit/537.22 (KHTML, like Gecko) Chrome/25.0.1364.152 Safari/537.22"
37.147.225.147 - - [06/Mar/2013:11:14:43 +0400] "GET /css/bootstrap-responsive.min.css HTTP/1.1" 304 - "http://xn--80aaagabsufuc5b1amej.xn--p1ai/" "Mozilla/5.0 (Windows NT 6.1) AppleWebKit/537.22 (KHTML, like Gecko) Chrome/25.0.1364.152 Safari/537.22"
37.147.225.147 - - [06/Mar/2013:11:14:43 +0400] "GET /css/auto.css HTTP/1.1" 200 10660 "http://xn--80aaagabsufuc5b1amej.xn--p1ai/" "Mozilla/5.0 (Windows NT 6.1) AppleWebKit/537.22 (KHTML, like Gecko) Chrome/25.0.1364.152 Safari/537.22"
37.147.225.147 - - [06/Mar/2013:11:14:43 +0400] "GET /ckeditor/ckeditor.js HTTP/1.1" 304 - "http://xn--80aaagabsufuc5b1amej.xn--p1ai/" "Mozilla/5.0 (Windows NT 6.1) AppleWebKit/537.22 (KHTML, like Gecko) Chrome/25.0.1364.152 Safari/537.22"
37.147.225.147 - - [06/Mar/2013:11:14:43 +0400] "GET /js/jquery.min.js HTTP/1.1" 304 - "http://xn--80aaagabsufuc5b1amej.xn--p1ai/" "Mozilla/5.0 (Windows NT 6.1) AppleWebKit/537.22 (KHTML, like Gecko) Chrome/25.0.1364.152 Safari/537.22"
37.147.225.147 - - [06/Mar/2013:11:14:43 +0400] "GET /js/auto.js HTTP/1.1" 200 2956 "http://xn--80aaagabsufuc5b1amej.xn--p1ai/" "Mozilla/5.0 (Windows NT 6.1) AppleWebKit/537.22 (KHTML, like Gecko) Chrome/25.0.1364.152 Safari/537.22"
37.147.225.147 - - [06/Mar/2013:11:14:43 +0400] "GET /js/bootstrap.min.js HTTP/1.1" 304 - "http://xn--80aaagabsufuc5b1amej.xn--p1ai/" "Mozilla/5.0 (Windows NT 6.1) AppleWebKit/537.22 (KHTML, like Gecko) Chrome/25.0.1364.152 Safari/537.22"
37.147.225.147 - - [06/Mar/2013:11:14:44 +0400] "GET /images/container_bg.png HTTP/1.1" 304 - "http://xn--80aaagabsufuc5b1amej.xn--p1ai/" "Mozilla/5.0 (Windows NT 6.1) AppleWebKit/537.22 (KHTML, like Gecko) Chrome/25.0.1364.152 Safari/537.22"
37.147.225.147 - - [06/Mar/2013:11:14:44 +0400] "GET /images/main_podl.jpg HTTP/1.1" 304 - "http://xn--80aaagabsufuc5b1amej.xn--p1ai/" "Mozilla/5.0 (Windows NT 6.1) AppleWebKit/537.22 (KHTML, like Gecko) Chrome/25.0.1364.152 Safari/537.22"
37.147.225.147 - - [06/Mar/2013:11:14:44 +0400] "GET /images/menu_logo_TK.png HTTP/1.1" 304 - "http://xn--80aaagabsufuc5b1amej.xn--p1ai/" "Mozilla/5.0 (Windows NT 6.1) AppleWebKit/537.22 (KHTML, like Gecko) Chrome/25.0.1364.152 Safari/537.22"
37.147.225.147 - - [06/Mar/2013:11:14:44 +0400] "GET /images/menu_gran.png HTTP/1.1" 304 - "http://xn--80aaagabsufuc5b1amej.xn--p1ai/" "Mozilla/5.0 (Windows NT 6.1) AppleWebKit/537.22 (KHTML, like Gecko) Chrome/25.0.1364.152 Safari/537.22"
37.147.225.147 - - [06/Mar/2013:11:14:44 +0400] "GET /images/slider_arrow_left.png HTTP/1.1" 304 - "http://xn--80aaagabsufuc5b1amej.xn--p1ai/" "Mozilla/5.0 (Windows NT 6.1) AppleWebKit/537.22 (KHTML, like Gecko) Chrome/25.0.1364.152 Safari/537.22"
37.147.225.147 - - [06/Mar/2013:11:14:44 +0400] "GET /images/modena_mo_230mr.png HTTP/1.1" 304 - "http://xn--80aaagabsufuc5b1amej.xn--p1ai/" "Mozilla/5.0 (Windows NT 6.1) AppleWebKit/537.22 (KHTML, like Gecko) Chrome/25.0.1364.152 Safari/537.22"
37.147.225.147 - - [06/Mar/2013:11:14:44 +0400] "GET /images/giuliano_s_112f.png HTTP/1.1" 304 - "http://xn--80aaagabsufuc5b1amej.xn--p1ai/" "Mozilla/5.0 (Windows NT 6.1) AppleWebKit/537.22 (KHTML, like Gecko) Chrome/25.0.1364.152 Safari/537.22"
37.147.225.147 - - [06/Mar/2013:11:14:44 +0400] "GET /images/titan_54_00_bridge.png HTTP/1.1" 304 - "http://xn--80aaagabsufuc5b1amej.xn--p1ai/" "Mozilla/5.0 (Windows NT 6.1) AppleWebKit/537.22 (KHTML, like Gecko) Chrome/25.0.1364.152 Safari/537.22"
37.147.225.147 - - [06/Mar/2013:11:14:44 +0400] "GET /images/hunter_gsp9200.png HTTP/1.1" 304 - "http://xn--80aaagabsufuc5b1amej.xn--p1ai/" "Mozilla/5.0 (Windows NT 6.1) AppleWebKit/537.22 (KHTML, like Gecko) Chrome/25.0.1364.152 Safari/537.22"
37.147.225.147 - - [06/Mar/2013:11:14:44 +0400] "GET /images/slider_text_podl.png HTTP/1.1" 304 - "http://xn--80aaagabsufuc5b1amej.xn--p1ai/" "Mozilla/5.0 (Windows NT 6.1) AppleWebKit/537.22 (KHTML, like Gecko) Chrome/25.0.1364.152 Safari/537.22"
37.147.225.147 - - [06/Mar/2013:11:14:44 +0400] "GET /images/siver_e.png HTTP/1.1" 304 - "http://xn--80aaagabsufuc5b1amej.xn--p1ai/" "Mozilla/5.0 (Windows NT 6.1) AppleWebKit/537.22 (KHTML, like Gecko) Chrome/25.0.1364.152 Safari/537.22"
37.147.225.147 - - [06/Mar/2013:11:14:44 +0400] "GET /images/slider_arrow_right.png HTTP/1.1" 304 - "http://xn--80aaagabsufuc5b1amej.xn--p1ai/" "Mozilla/5.0 (Windows NT 6.1) AppleWebKit/537.22 (KHTML, like Gecko) Chrome/25.0.1364.152 Safari/537.22"
37.147.225.147 - - [06/Mar/2013:11:14:44 +0400] "GET /images/main_center_bg.png HTTP/1.1" 304 - "http://xn--80aaagabsufuc5b1amej.xn--p1ai/" "Mozilla/5.0 (Windows NT 6.1) AppleWebKit/537.22 (KHTML, like Gecko) Chrome/25.0.1364.152 Safari/537.22"
37.147.225.147 - - [06/Mar/2013:11:14:44 +0400] "GET /images/hit_prod_podl.png HTTP/1.1" 304 - "http://xn--80aaagabsufuc5b1amej.xn--p1ai/" "Mozilla/5.0 (Windows NT 6.1) AppleWebKit/537.22 (KHTML, like Gecko) Chrome/25.0.1364.152 Safari/537.22"
37.147.225.147 - - [06/Mar/2013:11:14:44 +0400] "GET /images/arrow_left.png HTTP/1.1" 304 - "http://xn--80aaagabsufuc5b1amej.xn--p1ai/" "Mozilla/5.0 (Windows NT 6.1) AppleWebKit/537.22 (KHTML, like Gecko) Chrome/25.0.1364.152 Safari/537.22"
37.147.225.147 - - [06/Mar/2013:11:14:44 +0400] "GET /images/hit_text_podl.png HTTP/1.1" 304 - "http://xn--80aaagabsufuc5b1amej.xn--p1ai/" "Mozilla/5.0 (Windows NT 6.1) AppleWebKit/537.22 (KHTML, like Gecko) Chrome/25.0.1364.152 Safari/537.22"
37.147.225.147 - - [06/Mar/2013:11:14:44 +0400] "GET /images/4_270LB40.jpg HTTP/1.1" 304 - "http://xn--80aaagabsufuc5b1amej.xn--p1ai/" "Mozilla/5.0 (Windows NT 6.1) AppleWebKit/537.22 (KHTML, like Gecko) Chrome/25.0.1364.152 Safari/537.22"
37.147.225.147 - - [06/Mar/2013:11:14:44 +0400] "GET /images/mo5000eb.jpg HTTP/1.1" 304 - "http://xn--80aaagabsufuc5b1amej.xn--p1ai/" "Mozilla/5.0 (Windows NT 6.1) AppleWebKit/537.22 (KHTML, like Gecko) Chrome/25.0.1364.152 Safari/537.22"
37.147.225.147 - - [06/Mar/2013:11:14:44 +0400] "GET /images/mo435.png HTTP/1.1" 304 - "http://xn--80aaagabsufuc5b1amej.xn--p1ai/" "Mozilla/5.0 (Windows NT 6.1) AppleWebKit/537.22 (KHTML, like Gecko) Chrome/25.0.1364.152 Safari/537.22"
37.147.225.147 - - [06/Mar/2013:11:14:44 +0400] "GET /images/arrow_right.png HTTP/1.1" 304 - "http://xn--80aaagabsufuc5b1amej.xn--p1ai/" "Mozilla/5.0 (Windows NT 6.1) AppleWebKit/537.22 (KHTML, like Gecko) Chrome/25.0.1364.152 Safari/537.22"
37.147.225.147 - - [06/Mar/2013:11:14:44 +0400] "GET /images/T4.jpeg HTTP/1.1" 304 - "http://xn--80aaagabsufuc5b1amej.xn--p1ai/" "Mozilla/5.0 (Windows NT 6.1) AppleWebKit/537.22 (KHTML, like Gecko) Chrome/25.0.1364.152 Safari/537.22"
37.147.225.147 - - [06/Mar/2013:11:14:44 +0400] "GET /images/comp_logos.png HTTP/1.1" 304 - "http://xn--80aaagabsufuc5b1amej.xn--p1ai/" "Mozilla/5.0 (Windows NT 6.1) AppleWebKit/537.22 (KHTML, like Gecko) Chrome/25.0.1364.152 Safari/537.22"
37.147.225.147 - - [06/Mar/2013:11:14:44 +0400] "GET /images/1.png HTTP/1.1" 304 - "http://xn--80aaagabsufuc5b1amej.xn--p1ai/" "Mozilla/5.0 (Windows NT 6.1) AppleWebKit/537.22 (KHTML, like Gecko) Chrome/25.0.1364.152 Safari/537.22"
37.147.225.147 - - [06/Mar/2013:11:14:44 +0400] "GET /images/2.png HTTP/1.1" 304 - "http://xn--80aaagabsufuc5b1amej.xn--p1ai/" "Mozilla/5.0 (Windows NT 6.1) AppleWebKit/537.22 (KHTML, like Gecko) Chrome/25.0.1364.152 Safari/537.22"
37.147.225.147 - - [06/Mar/2013:11:14:45 +0400] "GET /images/3.png HTTP/1.1" 304 - "http://xn--80aaagabsufuc5b1amej.xn--p1ai/" "Mozilla/5.0 (Windows NT 6.1) AppleWebKit/537.22 (KHTML, like Gecko) Chrome/25.0.1364.152 Safari/537.22"
37.147.225.147 - - [06/Mar/2013:11:14:45 +0400] "GET /images/main_map_left.png HTTP/1.1" 304 - "http://xn--80aaagabsufuc5b1amej.xn--p1ai/" "Mozilla/5.0 (Windows NT 6.1) AppleWebKit/537.22 (KHTML, like Gecko) Chrome/25.0.1364.152 Safari/537.22"
37.147.225.147 - - [06/Mar/2013:11:14:45 +0400] "GET /images/phone.png HTTP/1.1" 304 - "http://xn--80aaagabsufuc5b1amej.xn--p1ai/" "Mozilla/5.0 (Windows NT 6.1) AppleWebKit/537.22 (KHTML, like Gecko) Chrome/25.0.1364.152 Safari/537.22"
37.147.225.147 - - [06/Mar/2013:11:14:45 +0400] "GET /images/foot_bg.png HTTP/1.1" 304 - "http://xn--80aaagabsufuc5b1amej.xn--p1ai/" "Mozilla/5.0 (Windows NT 6.1) AppleWebKit/537.22 (KHTML, like Gecko) Chrome/25.0.1364.152 Safari/537.22"
37.147.225.147 - - [06/Mar/2013:11:14:45 +0400] "GET /images/perc15.png HTTP/1.1" 304 - "http://xn--80aaagabsufuc5b1amej.xn--p1ai/" "Mozilla/5.0 (Windows NT 6.1) AppleWebKit/537.22 (KHTML, like Gecko) Chrome/25.0.1364.152 Safari/537.22"
37.147.225.147 - - [06/Mar/2013:11:14:45 +0400] "GET /images/footer_up.png HTTP/1.1" 304 - "http://xn--80aaagabsufuc5b1amej.xn--p1ai/" "Mozilla/5.0 (Windows NT 6.1) AppleWebKit/537.22 (KHTML, like Gecko) Chrome/25.0.1364.152 Safari/537.22"
37.147.225.147 - - [06/Mar/2013:11:14:45 +0400] "GET /images/footer_arrow.png HTTP/1.1" 304 - "http://xn--80aaagabsufuc5b1amej.xn--p1ai/" "Mozilla/5.0 (Windows NT 6.1) AppleWebKit/537.22 (KHTML, like Gecko) Chrome/25.0.1364.152 Safari/537.22"
37.147.225.147 - - [06/Mar/2013:11:14:45 +0400] "GET /images/menu_current.jpg HTTP/1.1" 304 - "http://xn--80aaagabsufuc5b1amej.xn--p1ai/" "Mozilla/5.0 (Windows NT 6.1) AppleWebKit/537.22 (KHTML, like Gecko) Chrome/25.0.1364.152 Safari/537.22"
37.147.225.147 - - [06/Mar/2013:11:15:13 +0400] "GET /admin HTTP/1.1" 302 - "-" "Mozilla/5.0 (Windows NT 6.1) AppleWebKit/537.22 (KHTML, like Gecko) Chrome/25.0.1364.152 Safari/537.22"
37.147.225.147 - - [06/Mar/2013:11:15:13 +0400] "GET /admin/admin/login HTTP/1.1" 200 8210 "-" "Mozilla/5.0 (Windows NT 6.1) AppleWebKit/537.22 (KHTML, like Gecko) Chrome/25.0.1364.152 Safari/537.22"
37.140.141.12 - - [06/Mar/2013:11:15:55 +0400] "GET /catalog/list/8 HTTP/1.1" 200 11384 "-" "Mozilla/5.0 (compatible; YandexBot/3.0; +http://yandex.com/bots)"
37.140.141.12 - - [06/Mar/2013:11:18:49 +0400] "GET /catalog/list/11 HTTP/1.1" 200 10749 "-" "Mozilla/5.0 (compatible; YandexBot/3.0; +http://yandex.com/bots)"
66.249.78.107 - - [06/Mar/2013:11:30:54 +0400] "GET /images/img_2346_.jpg HTTP/1.1" 404 7983 "-" "Googlebot-Image/1.0"
37.147.225.147 - - [06/Mar/2013:11:36:43 +0400] "POST /admin/admin/login HTTP/1.1" 302 - "http://xn--80aaagabsufuc5b1amej.xn--p1ai/admin/admin/login" "Mozilla/5.0 (Windows NT 6.1) AppleWebKit/537.22 (KHTML, like Gecko) Chrome/25.0.1364.152 Safari/537.22"
37.147.225.147 - - [06/Mar/2013:11:36:45 +0400] "GET /admin HTTP/1.1" 200 13837 "http://xn--80aaagabsufuc5b1amej.xn--p1ai/admin/admin/login" "Mozilla/5.0 (Windows NT 6.1) AppleWebKit/537.22 (KHTML, like Gecko) Chrome/25.0.1364.152 Safari/537.22"
37.147.225.147 - - [06/Mar/2013:11:39:18 +0400] "POST /admin/edit HTTP/1.1" 200 10907 "http://xn--80aaagabsufuc5b1amej.xn--p1ai/admin" "Mozilla/5.0 (Windows NT 6.1) AppleWebKit/537.22 (KHTML, like Gecko) Chrome/25.0.1364.152 Safari/537.22"
37.147.225.147 - - [06/Mar/2013:11:39:19 +0400] "GET /ckeditor/config.js?t=D08E HTTP/1.1" 304 - "http://xn--80aaagabsufuc5b1amej.xn--p1ai/admin/edit" "Mozilla/5.0 (Windows NT 6.1) AppleWebKit/537.22 (KHTML, like Gecko) Chrome/25.0.1364.152 Safari/537.22"
37.147.225.147 - - [06/Mar/2013:11:39:19 +0400] "GET /ckeditor/skins/moono/editor.css?t=D08E HTTP/1.1" 304 - "http://xn--80aaagabsufuc5b1amej.xn--p1ai/admin/edit" "Mozilla/5.0 (Windows NT 6.1) AppleWebKit/537.22 (KHTML, like Gecko) Chrome/25.0.1364.152 Safari/537.22"
37.147.225.147 - - [06/Mar/2013:11:39:19 +0400] "GET /ckeditor/lang/ru.js?t=D08E HTTP/1.1" 304 - "http://xn--80aaagabsufuc5b1amej.xn--p1ai/admin/edit" "Mozilla/5.0 (Windows NT 6.1) AppleWebKit/537.22 (KHTML, like Gecko) Chrome/25.0.1364.152 Safari/537.22"
37.147.225.147 - - [06/Mar/2013:11:39:19 +0400] "GET /ckeditor/contents.css HTTP/1.1" 304 - "-" "Mozilla/5.0 (Windows NT 6.1) AppleWebKit/537.22 (KHTML, like Gecko) Chrome/25.0.1364.152 Safari/537.22"
37.147.225.147 - - [06/Mar/2013:11:39:19 +0400] "GET /ckeditor/skins/moono/icons.png HTTP/1.1" 304 - "http://xn--80aaagabsufuc5b1amej.xn--p1ai/admin/edit" "Mozilla/5.0 (Windows NT 6.1) AppleWebKit/537.22 (KHTML, like Gecko) Chrome/25.0.1364.152 Safari/537.22"
37.147.225.147 - - [06/Mar/2013:11:39:18 +0400] "GET /images/siver_de_kopiya.png HTTP/1.1" 200 336001 "http://xn--80aaagabsufuc5b1amej.xn--p1ai/admin/edit" "Mozilla/5.0 (Windows NT 6.1) AppleWebKit/537.22 (KHTML, like Gecko) Chrome/25.0.1364.152 Safari/537.22"
37.147.225.147 - - [06/Mar/2013:11:39:19 +0400] "GET /ckeditor/styles.js?t=D08E HTTP/1.1" 304 - "http://xn--80aaagabsufuc5b1amej.xn--p1ai/admin/edit" "Mozilla/5.0 (Windows NT 6.1) AppleWebKit/537.22 (KHTML, like Gecko) Chrome/25.0.1364.152 Safari/537.22"
66.249.78.107 - - [06/Mar/2013:11:41:29 +0400] "GET /images/hunter_gsp9700_4a66f0e540270.jpg HTTP/1.1" 404 7983 "-" "Googlebot-Image/1.0"
66.249.78.107 - - [06/Mar/2013:11:49:30 +0400] "GET /cache/com_zoo/images/siver%20_82ed100a590fc3e59b84a37352451cdb.png HTTP/1.1" 404 7983 "-" "Googlebot-Image/1.0"
