66.249.78.107 - - [07/Mar/2013:00:55:40 +0400] "GET /images/tlt245.jpg HTTP/1.1" 404 7983 "-" "Googlebot-Image/1.0"
66.249.78.107 - - [07/Mar/2013:01:06:14 +0400] "GET /images/td%20tst27xm-trommelberg%20germany%20%20%20%20.jpg HTTP/1.1" 404 7983 "-" "Googlebot-Image/1.0"
208.115.113.91 - - [07/Mar/2013:01:15:51 +0400] "GET /index.php/home HTTP/1.1" 404 7983 "-" "Mozilla/5.0 (compatible; Ezooms/1.0; ezooms.bot@gmail.com)"
66.249.78.107 - - [07/Mar/2013:01:16:48 +0400] "GET /images/comp_standard.jpg HTTP/1.1" 404 7983 "-" "Googlebot-Image/1.0"
217.69.133.68 - - [07/Mar/2013:01:17:31 +0400] "GET /index.php/diskopravi/153-titan-558 HTTP/1.0" 404 7983 "-" "Mozilla/5.0 (compatible; Mail.RU_Bot/2.0; +http://go.mail.ru/help/robots)"
77.88.59.64 - - [07/Mar/2013:01:25:50 +0400] "GET / HTTP/1.1" 200 19485 "-" "Yandex/1.01.001 (compatible; Win16; I)"
66.249.78.107 - - [07/Mar/2013:01:27:41 +0400] "GET /images/tech0108.jpg HTTP/1.1" 404 7983 "-" "Googlebot-Image/1.0"
66.249.78.107 - - [07/Mar/2013:01:29:12 +0400] "GET /index.php/component/content/?view=featured&start=25 HTTP/1.1" 404 7983 "-" "Mozilla/5.0 (compatible; Googlebot/2.1; +http://www.google.com/bot.html)"
66.249.78.107 - - [07/Mar/2013:01:39:04 +0400] "GET /images/titan-alu-22.jpg HTTP/1.1" 404 7983 "-" "Googlebot-Image/1.0"
208.115.111.75 - - [07/Mar/2013:01:54:31 +0400] "GET /robots.txt HTTP/1.1" 404 7983 "-" "Mozilla/5.0 (compatible; Ezooms/1.0; ezooms.bot@gmail.com)"
208.115.111.75 - - [07/Mar/2013:01:54:31 +0400] "GET /robots.txt HTTP/1.1" 404 7983 "-" "Mozilla/5.0 (compatible; Ezooms/1.0; ezooms.bot@gmail.com)"
66.249.78.107 - - [07/Mar/2013:02:17:10 +0400] "GET /index.php/component/content/?view=featured&start=5 HTTP/1.1" 404 7983 "-" "Mozilla/5.0 (compatible; Googlebot/2.1; +http://www.google.com/bot.html)"
66.249.78.107 - - [07/Mar/2013:02:26:35 +0400] "GET /images/1400.jpg HTTP/1.1" 200 58111 "-" "Googlebot-Image/1.0"
66.249.78.107 - - [07/Mar/2013:02:35:22 +0400] "GET /index.php/2012-04-11-10-09-59/111-legkbal/cemb-c-72 HTTP/1.1" 404 7983 "-" "Mozilla/5.0 (compatible; Googlebot/2.1; +http://www.google.com/bot.html)"
66.249.78.107 - - [07/Mar/2013:02:49:26 +0400] "GET /images/modena%20exclusive1.jpg HTTP/1.1" 404 7983 "-" "Mozilla/5.0 (compatible; Googlebot/2.1; +http://www.google.com/bot.html)"
66.249.78.81 - - [07/Mar/2013:02:49:27 +0400] "GET /robots.txt HTTP/1.1" 404 7983 "-" "Mozilla/5.0 (compatible; Googlebot/2.1; +http://www.google.com/bot.html)"
66.249.78.81 - - [07/Mar/2013:02:49:27 +0400] "GET /index.php/2011-11-21-15-43-43/31-2011-11-23-11-35-00/----titan-5400/20-titan-1400-junior HTTP/1.1" 404 7983 "-" "Mozilla/5.0 (compatible; Googlebot/2.1; +http://www.google.com/bot.html)"
66.249.75.107 - - [07/Mar/2013:02:49:29 +0400] "GET /images/banners/slider/slide4.jpg HTTP/1.1" 404 7983 "-" "Mozilla/5.0 (compatible; Googlebot/2.1; +http://www.google.com/bot.html)"
66.249.78.107 - - [07/Mar/2013:02:49:32 +0400] "GET /images/t4%20-best.jpg HTTP/1.1" 404 7983 "-" "Mozilla/5.0 (compatible; Googlebot/2.1; +http://www.google.com/bot.html)"
66.249.75.107 - - [07/Mar/2013:02:49:35 +0400] "GET /index.php/41-2011-11-23-11-32-01/2011-12-14-13-55-44/acm-3000/28-acm-3000 HTTP/1.1" 404 7983 "-" "Mozilla/5.0 (compatible; Googlebot/2.1; +http://www.google.com/bot.html)"
66.249.78.107 - - [07/Mar/2013:02:49:38 +0400] "GET /js/bootstrap.min.js HTTP/1.1" 200 25743 "http://xn--80aaagabsufuc5b1amej.xn--p1ai/" "Mozilla/5.0 (compatible; Googlebot/2.1; +http://www.google.com/bot.html)"
66.249.78.81 - - [07/Mar/2013:02:49:42 +0400] "GET /index.php/2012-04-11-10-09-59/61-legkbal/hunter-gsp9200-lcd/47-hunter-gsp9200-lcd HTTP/1.1" 404 7983 "-" "Mozilla/5.0 (compatible; Googlebot/2.1; +http://www.google.com/bot.html)"
66.249.75.107 - - [07/Mar/2013:02:49:45 +0400] "GET /css/bootstrap-responsive.min.css HTTP/1.1" 200 16520 "http://xn--80aaagabsufuc5b1amej.xn--p1ai/" "Mozilla/5.0 (compatible; Googlebot/2.1; +http://www.google.com/bot.html)"
66.249.78.81 - - [07/Mar/2013:02:49:51 +0400] "GET /index.php/component/content/?view=featured&start=5 HTTP/1.1" 404 7983 "-" "Mozilla/5.0 (compatible; Googlebot/2.1; +http://www.google.com/bot.html)"
66.249.78.107 - - [07/Mar/2013:02:49:54 +0400] "GET /js/jquery.min.js HTTP/1.1" 200 93636 "http://xn--80aaagabsufuc5b1amej.xn--p1ai/" "Mozilla/5.0 (compatible; Googlebot/2.1; +http://www.google.com/bot.html)"
66.249.78.2 - - [07/Mar/2013:02:52:49 +0400] "GET /robots.txt HTTP/1.1" 404 7983 "-" "Mozilla/5.0 (compatible; Googlebot/2.1; +http://www.google.com/bot.html)"
66.249.75.2 - - [07/Mar/2013:02:52:49 +0400] "GET /index.php/2012-04-11-10-09-59/111-legkbal/cemb-c-72 HTTP/1.1" 404 7983 "-" "Mozilla/5.0 (compatible; Googlebot/2.1; +http://www.google.com/bot.html)"
66.249.78.107 - - [07/Mar/2013:02:52:50 +0400] "GET /ckeditor/ckeditor.js HTTP/1.1" 200 454073 "http://xn--80aaagabsufuc5b1amej.xn--p1ai/" "Mozilla/5.0 (compatible; Googlebot/2.1; +http://www.google.com/bot.html)"
66.249.78.107 - - [07/Mar/2013:02:52:52 +0400] "GET /css/auto.css HTTP/1.1" 200 10660 "http://xn--80aaagabsufuc5b1amej.xn--p1ai/" "Mozilla/5.0 (compatible; Googlebot/2.1; +http://www.google.com/bot.html)"
66.249.78.107 - - [07/Mar/2013:02:52:55 +0400] "GET /css/style.css HTTP/1.1" 200 996 "http://xn--80aaagabsufuc5b1amej.xn--p1ai/" "Mozilla/5.0 (compatible; Googlebot/2.1; +http://www.google.com/bot.html)"
66.249.78.107 - - [07/Mar/2013:02:52:58 +0400] "GET /images/modena_mo_230mr.png HTTP/1.1" 200 117372 "http://xn--80aaagabsufuc5b1amej.xn--p1ai/" "Mozilla/5.0 (compatible; Googlebot/2.1; +http://www.google.com/bot.html)"
66.249.78.107 - - [07/Mar/2013:02:53:02 +0400] "GET /images/arrow_right.png HTTP/1.1" 200 932 "http://xn--80aaagabsufuc5b1amej.xn--p1ai/" "Mozilla/5.0 (compatible; Googlebot/2.1; +http://www.google.com/bot.html)"
66.249.78.107 - - [07/Mar/2013:02:53:05 +0400] "GET /images/siver_e.png HTTP/1.1" 200 148375 "http://xn--80aaagabsufuc5b1amej.xn--p1ai/" "Mozilla/5.0 (compatible; Googlebot/2.1; +http://www.google.com/bot.html)"
66.249.78.107 - - [07/Mar/2013:02:53:08 +0400] "GET /images/titan_54_00_bridge.png HTTP/1.1" 200 144079 "http://xn--80aaagabsufuc5b1amej.xn--p1ai/" "Mozilla/5.0 (compatible; Googlebot/2.1; +http://www.google.com/bot.html)"
66.249.75.107 - - [07/Mar/2013:02:53:11 +0400] "GET /images/mo435.png HTTP/1.1" 200 334116 "http://xn--80aaagabsufuc5b1amej.xn--p1ai/" "Mozilla/5.0 (compatible; Googlebot/2.1; +http://www.google.com/bot.html)"
66.249.78.107 - - [07/Mar/2013:02:53:14 +0400] "GET /images/mo5000eb.jpg HTTP/1.1" 200 109905 "http://xn--80aaagabsufuc5b1amej.xn--p1ai/" "Mozilla/5.0 (compatible; Googlebot/2.1; +http://www.google.com/bot.html)"
66.249.75.2 - - [07/Mar/2013:02:53:17 +0400] "GET /index.php/component/content/?view=featured&start=25 HTTP/1.1" 404 7983 "-" "Mozilla/5.0 (compatible; Googlebot/2.1; +http://www.google.com/bot.html)"
66.249.78.107 - - [07/Mar/2013:02:53:20 +0400] "GET /images/T4.jpeg HTTP/1.1" 200 10505 "http://xn--80aaagabsufuc5b1amej.xn--p1ai/" "Mozilla/5.0 (compatible; Googlebot/2.1; +http://www.google.com/bot.html)"
66.249.78.107 - - [07/Mar/2013:02:53:23 +0400] "GET /images/giuliano_s_112f.png HTTP/1.1" 200 80289 "http://xn--80aaagabsufuc5b1amej.xn--p1ai/" "Mozilla/5.0 (compatible; Googlebot/2.1; +http://www.google.com/bot.html)"
66.249.75.107 - - [07/Mar/2013:02:53:26 +0400] "GET /images/arrow_left.png HTTP/1.1" 200 951 "http://xn--80aaagabsufuc5b1amej.xn--p1ai/" "Mozilla/5.0 (compatible; Googlebot/2.1; +http://www.google.com/bot.html)"
66.249.78.107 - - [07/Mar/2013:02:53:29 +0400] "GET /images/hunter_gsp9200.png HTTP/1.1" 200 95787 "http://xn--80aaagabsufuc5b1amej.xn--p1ai/" "Mozilla/5.0 (compatible; Googlebot/2.1; +http://www.google.com/bot.html)"
66.249.78.2 - - [07/Mar/2013:02:56:38 +0400] "GET /index.php/component/content/?view=featured&start=5 HTTP/1.1" 404 7983 "-" "Mozilla/5.0 (compatible; Googlebot/2.1; +http://www.google.com/bot.html)"
66.249.78.2 - - [07/Mar/2013:02:56:42 +0400] "GET /index.php/2012-04-11-10-09-59/61-legkbal/hunter-gsp9200-lcd/47-hunter-gsp9200-lcd HTTP/1.1" 404 7983 "-" "Mozilla/5.0 (compatible; Googlebot/2.1; +http://www.google.com/bot.html)"
208.115.111.75 - - [07/Mar/2013:03:02:56 +0400] "GET /index.php/2012-01-20-16-51-42/item/launch-%D0%BA%D0%B4%D1%81-5%D0%BA?category_id=4 HTTP/1.1" 404 7983 "-" "Mozilla/5.0 (compatible; Ezooms/1.0; ezooms.bot@gmail.com)"
208.115.111.75 - - [07/Mar/2013:03:02:58 +0400] "GET /index.php/2012-04-11-10-09-59/68-legkbal HTTP/1.1" 404 7983 "-" "Mozilla/5.0 (compatible; Ezooms/1.0; ezooms.bot@gmail.com)"
208.115.111.75 - - [07/Mar/2013:03:03:03 +0400] "GET /index.php/discount HTTP/1.1" 404 7983 "-" "Mozilla/5.0 (compatible; Ezooms/1.0; ezooms.bot@gmail.com)"
208.115.111.75 - - [07/Mar/2013:03:03:06 +0400] "GET /index.php/siver/item/siver-a?category_id=5 HTTP/1.1" 404 7983 "-" "Mozilla/5.0 (compatible; Ezooms/1.0; ezooms.bot@gmail.com)"
66.249.78.81 - - [07/Mar/2013:03:08:07 +0400] "GET /index.php/component/content/?view=featured&start=25 HTTP/1.1" 404 7983 "-" "Mozilla/5.0 (compatible; Googlebot/2.1; +http://www.google.com/bot.html)"
66.249.78.81 - - [07/Mar/2013:03:08:14 +0400] "GET /index.php/2012-04-11-10-09-59/111-legkbal/cemb-c-72 HTTP/1.1" 404 7983 "-" "Mozilla/5.0 (compatible; Googlebot/2.1; +http://www.google.com/bot.html)"
66.249.78.81 - - [07/Mar/2013:03:08:18 +0400] "GET /index.php/2011-11-21-15-43-43/41-2011-12-14-13-55-44/acm-3000/28-acm-3000 HTTP/1.1" 404 7983 "-" "Mozilla/5.0 (compatible; Googlebot/2.1; +http://www.google.com/bot.html)"
10.0.1.53 - - [07/Mar/2013:03:15:03 +0400] "GET / HTTP/1.1" 200 19485 "-" "Mozilla/5.0 (Windows; N; ; ru-RU) AppleWebKit/527+ (KHTML, like Gecko, Safari/419.3) Qt/4.5.3"
10.0.1.53 - - [07/Mar/2013:03:15:04 +0400] "GET /css/auto.css HTTP/1.1" 200 10660 "http://avtoserviskafe8.1gb.ru/" "Mozilla/5.0 (Windows; N; ; ru-RU) AppleWebKit/527+ (KHTML, like Gecko, Safari/419.3) Qt/4.5.3"
10.0.1.53 - - [07/Mar/2013:03:15:04 +0400] "GET /css/bootstrap.min.css HTTP/1.1" 200 101265 "http://avtoserviskafe8.1gb.ru/" "Mozilla/5.0 (Windows; N; ; ru-RU) AppleWebKit/527+ (KHTML, like Gecko, Safari/419.3) Qt/4.5.3"
10.0.1.53 - - [07/Mar/2013:03:15:04 +0400] "GET /css/style.css HTTP/1.1" 200 996 "http://avtoserviskafe8.1gb.ru/" "Mozilla/5.0 (Windows; N; ; ru-RU) AppleWebKit/527+ (KHTML, like Gecko, Safari/419.3) Qt/4.5.3"
10.0.1.53 - - [07/Mar/2013:03:15:04 +0400] "GET /css/bootstrap-responsive.min.css HTTP/1.1" 200 16520 "http://avtoserviskafe8.1gb.ru/" "Mozilla/5.0 (Windows; N; ; ru-RU) AppleWebKit/527+ (KHTML, like Gecko, Safari/419.3) Qt/4.5.3"
10.0.1.53 - - [07/Mar/2013:03:15:04 +0400] "GET /js/jquery.min.js HTTP/1.1" 200 93636 "http://avtoserviskafe8.1gb.ru/" "Mozilla/5.0 (Windows; N; ; ru-RU) AppleWebKit/527+ (KHTML, like Gecko, Safari/419.3) Qt/4.5.3"
10.0.1.53 - - [07/Mar/2013:03:15:04 +0400] "GET /ckeditor/ckeditor.js HTTP/1.1" 200 454073 "http://avtoserviskafe8.1gb.ru/" "Mozilla/5.0 (Windows; N; ; ru-RU) AppleWebKit/527+ (KHTML, like Gecko, Safari/419.3) Qt/4.5.3"
10.0.1.53 - - [07/Mar/2013:03:15:04 +0400] "GET /js/auto.js HTTP/1.1" 200 2956 "http://avtoserviskafe8.1gb.ru/" "Mozilla/5.0 (Windows; N; ; ru-RU) AppleWebKit/527+ (KHTML, like Gecko, Safari/419.3) Qt/4.5.3"
10.0.1.53 - - [07/Mar/2013:03:15:04 +0400] "GET /js/bootstrap.min.js HTTP/1.1" 200 25743 "http://avtoserviskafe8.1gb.ru/" "Mozilla/5.0 (Windows; N; ; ru-RU) AppleWebKit/527+ (KHTML, like Gecko, Safari/419.3) Qt/4.5.3"
10.0.1.53 - - [07/Mar/2013:03:15:05 +0400] "GET /images/main_podl.jpg HTTP/1.1" 200 9218 "http://avtoserviskafe8.1gb.ru/" "Mozilla/5.0 (Windows; N; ; ru-RU) AppleWebKit/527+ (KHTML, like Gecko, Safari/419.3) Qt/4.5.3"
10.0.1.53 - - [07/Mar/2013:03:15:05 +0400] "GET /images/menu_logo_TK.png HTTP/1.1" 200 1922 "http://avtoserviskafe8.1gb.ru/" "Mozilla/5.0 (Windows; N; ; ru-RU) AppleWebKit/527+ (KHTML, like Gecko, Safari/419.3) Qt/4.5.3"
10.0.1.53 - - [07/Mar/2013:03:15:05 +0400] "GET /images/container_bg.png HTTP/1.1" 200 424962 "http://avtoserviskafe8.1gb.ru/" "Mozilla/5.0 (Windows; N; ; ru-RU) AppleWebKit/527+ (KHTML, like Gecko, Safari/419.3) Qt/4.5.3"
10.0.1.53 - - [07/Mar/2013:03:15:05 +0400] "GET /images/menu_gran.png HTTP/1.1" 200 279 "http://avtoserviskafe8.1gb.ru/" "Mozilla/5.0 (Windows; N; ; ru-RU) AppleWebKit/527+ (KHTML, like Gecko, Safari/419.3) Qt/4.5.3"
10.0.1.53 - - [07/Mar/2013:03:15:05 +0400] "GET /images/slider_arrow_left.png HTTP/1.1" 200 1743 "http://avtoserviskafe8.1gb.ru/" "Mozilla/5.0 (Windows; N; ; ru-RU) AppleWebKit/527+ (KHTML, like Gecko, Safari/419.3) Qt/4.5.3"
10.0.1.53 - - [07/Mar/2013:03:15:05 +0400] "GET /images/modena_mo_230mr.png HTTP/1.1" 200 117372 "http://avtoserviskafe8.1gb.ru/" "Mozilla/5.0 (Windows; N; ; ru-RU) AppleWebKit/527+ (KHTML, like Gecko, Safari/419.3) Qt/4.5.3"
10.0.1.53 - - [07/Mar/2013:03:15:05 +0400] "GET /images/giuliano_s_112f.png HTTP/1.1" 200 80289 "http://avtoserviskafe8.1gb.ru/" "Mozilla/5.0 (Windows; N; ; ru-RU) AppleWebKit/527+ (KHTML, like Gecko, Safari/419.3) Qt/4.5.3"
10.0.1.53 - - [07/Mar/2013:03:15:05 +0400] "GET /images/titan_54_00_bridge.png HTTP/1.1" 200 144079 "http://avtoserviskafe8.1gb.ru/" "Mozilla/5.0 (Windows; N; ; ru-RU) AppleWebKit/527+ (KHTML, like Gecko, Safari/419.3) Qt/4.5.3"
10.0.1.53 - - [07/Mar/2013:03:15:05 +0400] "GET /images/hunter_gsp9200.png HTTP/1.1" 200 95787 "http://avtoserviskafe8.1gb.ru/" "Mozilla/5.0 (Windows; N; ; ru-RU) AppleWebKit/527+ (KHTML, like Gecko, Safari/419.3) Qt/4.5.3"
10.0.1.53 - - [07/Mar/2013:03:15:05 +0400] "GET /images/siver_e.png HTTP/1.1" 200 148375 "http://avtoserviskafe8.1gb.ru/" "Mozilla/5.0 (Windows; N; ; ru-RU) AppleWebKit/527+ (KHTML, like Gecko, Safari/419.3) Qt/4.5.3"
10.0.1.53 - - [07/Mar/2013:03:15:05 +0400] "GET /images/slider_text_podl.png HTTP/1.1" 200 10296 "http://avtoserviskafe8.1gb.ru/" "Mozilla/5.0 (Windows; N; ; ru-RU) AppleWebKit/527+ (KHTML, like Gecko, Safari/419.3) Qt/4.5.3"
10.0.1.53 - - [07/Mar/2013:03:15:05 +0400] "GET /images/slider_arrow_right.png HTTP/1.1" 200 1748 "http://avtoserviskafe8.1gb.ru/" "Mozilla/5.0 (Windows; N; ; ru-RU) AppleWebKit/527+ (KHTML, like Gecko, Safari/419.3) Qt/4.5.3"
10.0.1.53 - - [07/Mar/2013:03:15:05 +0400] "GET /images/main_center_bg.png HTTP/1.1" 200 13191 "http://avtoserviskafe8.1gb.ru/" "Mozilla/5.0 (Windows; N; ; ru-RU) AppleWebKit/527+ (KHTML, like Gecko, Safari/419.3) Qt/4.5.3"
10.0.1.53 - - [07/Mar/2013:03:15:05 +0400] "GET /images/arrow_left.png HTTP/1.1" 200 951 "http://avtoserviskafe8.1gb.ru/" "Mozilla/5.0 (Windows; N; ; ru-RU) AppleWebKit/527+ (KHTML, like Gecko, Safari/419.3) Qt/4.5.3"
10.0.1.53 - - [07/Mar/2013:03:15:05 +0400] "GET /images/hit_prod_podl.png HTTP/1.1" 200 1490 "http://avtoserviskafe8.1gb.ru/" "Mozilla/5.0 (Windows; N; ; ru-RU) AppleWebKit/527+ (KHTML, like Gecko, Safari/419.3) Qt/4.5.3"
10.0.1.53 - - [07/Mar/2013:03:15:05 +0400] "GET /images/hit_text_podl.png HTTP/1.1" 200 243 "http://avtoserviskafe8.1gb.ru/" "Mozilla/5.0 (Windows; N; ; ru-RU) AppleWebKit/527+ (KHTML, like Gecko, Safari/419.3) Qt/4.5.3"
10.0.1.53 - - [07/Mar/2013:03:15:05 +0400] "GET /images/T4.jpeg HTTP/1.1" 200 10505 "http://avtoserviskafe8.1gb.ru/" "Mozilla/5.0 (Windows; N; ; ru-RU) AppleWebKit/527+ (KHTML, like Gecko, Safari/419.3) Qt/4.5.3"
10.0.1.53 - - [07/Mar/2013:03:15:05 +0400] "GET /images/4_270LB40.jpg HTTP/1.1" 200 53265 "http://avtoserviskafe8.1gb.ru/" "Mozilla/5.0 (Windows; N; ; ru-RU) AppleWebKit/527+ (KHTML, like Gecko, Safari/419.3) Qt/4.5.3"
10.0.1.53 - - [07/Mar/2013:03:15:05 +0400] "GET /images/mo5000eb.jpg HTTP/1.1" 200 109905 "http://avtoserviskafe8.1gb.ru/" "Mozilla/5.0 (Windows; N; ; ru-RU) AppleWebKit/527+ (KHTML, like Gecko, Safari/419.3) Qt/4.5.3"
10.0.1.53 - - [07/Mar/2013:03:15:05 +0400] "GET /images/mo435.png HTTP/1.1" 200 334116 "http://avtoserviskafe8.1gb.ru/" "Mozilla/5.0 (Windows; N; ; ru-RU) AppleWebKit/527+ (KHTML, like Gecko, Safari/419.3) Qt/4.5.3"
10.0.1.53 - - [07/Mar/2013:03:15:05 +0400] "GET /images/arrow_right.png HTTP/1.1" 200 932 "http://avtoserviskafe8.1gb.ru/" "Mozilla/5.0 (Windows; N; ; ru-RU) AppleWebKit/527+ (KHTML, like Gecko, Safari/419.3) Qt/4.5.3"
10.0.1.53 - - [07/Mar/2013:03:15:05 +0400] "GET /images/1.png HTTP/1.1" 200 26696 "http://avtoserviskafe8.1gb.ru/" "Mozilla/5.0 (Windows; N; ; ru-RU) AppleWebKit/527+ (KHTML, like Gecko, Safari/419.3) Qt/4.5.3"
10.0.1.53 - - [07/Mar/2013:03:15:05 +0400] "GET /images/comp_logos.png HTTP/1.1" 200 52444 "http://avtoserviskafe8.1gb.ru/" "Mozilla/5.0 (Windows; N; ; ru-RU) AppleWebKit/527+ (KHTML, like Gecko, Safari/419.3) Qt/4.5.3"
10.0.1.53 - - [07/Mar/2013:03:15:05 +0400] "GET /images/2.png HTTP/1.1" 200 30504 "http://avtoserviskafe8.1gb.ru/" "Mozilla/5.0 (Windows; N; ; ru-RU) AppleWebKit/527+ (KHTML, like Gecko, Safari/419.3) Qt/4.5.3"
10.0.1.53 - - [07/Mar/2013:03:15:05 +0400] "GET /images/3.png HTTP/1.1" 200 27421 "http://avtoserviskafe8.1gb.ru/" "Mozilla/5.0 (Windows; N; ; ru-RU) AppleWebKit/527+ (KHTML, like Gecko, Safari/419.3) Qt/4.5.3"
10.0.1.53 - - [07/Mar/2013:03:15:05 +0400] "GET /images/main_map_left.png HTTP/1.1" 200 54824 "http://avtoserviskafe8.1gb.ru/" "Mozilla/5.0 (Windows; N; ; ru-RU) AppleWebKit/527+ (KHTML, like Gecko, Safari/419.3) Qt/4.5.3"
10.0.1.53 - - [07/Mar/2013:03:15:05 +0400] "GET /images/phone.png HTTP/1.1" 200 21582 "http://avtoserviskafe8.1gb.ru/" "Mozilla/5.0 (Windows; N; ; ru-RU) AppleWebKit/527+ (KHTML, like Gecko, Safari/419.3) Qt/4.5.3"
10.0.1.53 - - [07/Mar/2013:03:15:05 +0400] "GET /images/perc15.png HTTP/1.1" 200 12218 "http://avtoserviskafe8.1gb.ru/" "Mozilla/5.0 (Windows; N; ; ru-RU) AppleWebKit/527+ (KHTML, like Gecko, Safari/419.3) Qt/4.5.3"
10.0.1.53 - - [07/Mar/2013:03:15:05 +0400] "GET /images/foot_bg.png HTTP/1.1" 200 15921 "http://avtoserviskafe8.1gb.ru/" "Mozilla/5.0 (Windows; N; ; ru-RU) AppleWebKit/527+ (KHTML, like Gecko, Safari/419.3) Qt/4.5.3"
10.0.1.53 - - [07/Mar/2013:03:15:05 +0400] "GET /images/footer_arrow.png HTTP/1.1" 200 256 "http://avtoserviskafe8.1gb.ru/" "Mozilla/5.0 (Windows; N; ; ru-RU) AppleWebKit/527+ (KHTML, like Gecko, Safari/419.3) Qt/4.5.3"
10.0.1.53 - - [07/Mar/2013:03:15:05 +0400] "GET /images/footer_up.png HTTP/1.1" 200 2221 "http://avtoserviskafe8.1gb.ru/" "Mozilla/5.0 (Windows; N; ; ru-RU) AppleWebKit/527+ (KHTML, like Gecko, Safari/419.3) Qt/4.5.3"
193.169.234.5 - - [07/Mar/2013:03:20:15 +0400] "GET / HTTP/1.1" 200 19485 "" "Mozilla/5.0 (compatible; statdom.ru/Bot; +http://statdom.ru/bot.html)"
193.169.234.5 - - [07/Mar/2013:03:20:20 +0400] "GET /favicon.ico HTTP/1.1" 404 7983 "" "Mozilla/5.0 (compatible; statdom.ru/Bot; +http://statdom.ru/bot.html)"
193.169.234.5 - - [07/Mar/2013:03:20:20 +0400] "GET /images/favicon.ico HTTP/1.1" 200 1150 "" "Mozilla/5.0 (compatible; statdom.ru/Bot; +http://statdom.ru/bot.html)"
66.249.78.107 - - [07/Mar/2013:03:22:46 +0400] "GET /js/auto.js HTTP/1.1" 200 2956 "-" "Mozilla/5.0 (compatible; Googlebot/2.1; +http://www.google.com/bot.html)"
66.249.78.107 - - [07/Mar/2013:03:25:47 +0400] "GET /css/bootstrap.min.css HTTP/1.1" 200 101265 "-" "Mozilla/5.0 (compatible; Googlebot/2.1; +http://www.google.com/bot.html)"
37.140.141.12 - - [07/Mar/2013:03:49:17 +0400] "GET /robots.txt HTTP/1.1" 404 7983 "-" "Mozilla/5.0 (compatible; YandexBot/3.0; +http://yandex.com/bots)"
37.140.141.12 - - [07/Mar/2013:03:49:17 +0400] "GET /robots.txt HTTP/1.1" 404 7983 "-" "Mozilla/5.0 (compatible; YandexBot/3.0; +http://yandex.com/bots)"
37.140.141.12 - - [07/Mar/2013:03:49:19 +0400] "GET / HTTP/1.1" 200 19485 "-" "Mozilla/5.0 (compatible; YandexBot/3.0; MirrorDetector; +http://yandex.com/bots)"
37.140.141.12 - - [07/Mar/2013:03:49:19 +0400] "GET / HTTP/1.1" 200 19485 "-" "Mozilla/5.0 (compatible; YandexBot/3.0; MirrorDetector; +http://yandex.com/bots)"
37.140.141.12 - - [07/Mar/2013:03:49:23 +0400] "GET / HTTP/1.1" 200 19485 "-" "Mozilla/5.0 (compatible; YandexBot/3.0; MirrorDetector; +http://yandex.com/bots)"
37.140.141.12 - - [07/Mar/2013:03:49:24 +0400] "GET / HTTP/1.1" 200 19485 "-" "Mozilla/5.0 (compatible; YandexBot/3.0; MirrorDetector; +http://yandex.com/bots)"
208.115.113.91 - - [07/Mar/2013:03:54:27 +0400] "GET /robots.txt HTTP/1.1" 404 7983 "-" "Mozilla/5.0 (compatible; Ezooms/1.0; ezooms.bot@gmail.com)"
208.115.113.91 - - [07/Mar/2013:03:54:28 +0400] "GET /robots.txt HTTP/1.1" 404 7983 "-" "Mozilla/5.0 (compatible; Ezooms/1.0; ezooms.bot@gmail.com)"
66.249.78.107 - - [07/Mar/2013:04:36:10 +0400] "GET /index.php/150-2011-11-23-11-32-01/diskopravi/titan-junior HTTP/1.1" 404 7983 "-" "Mozilla/5.0 (compatible; Googlebot/2.1; +http://www.google.com/bot.html)"
66.249.78.107 - - [07/Mar/2013:04:39:58 +0400] "GET /templates/as002032-free/slider/images/slide4.jpg HTTP/1.1" 404 7983 "-" "Googlebot-Image/1.0"
66.249.78.107 - - [07/Mar/2013:04:46:32 +0400] "GET /images/i%203.jpg HTTP/1.1" 404 7983 "-" "Googlebot-Image/1.0"
66.249.78.107 - - [07/Mar/2013:04:52:50 +0400] "GET /cache/com_zoo/images/hunter_pa130_dsp_4ecf6045bd33a_28d12b847179adb6e860499b5984e19b.jpg HTTP/1.1" 404 7983 "-" "Googlebot-Image/1.0"
66.249.78.107 - - [07/Mar/2013:05:01:09 +0400] "GET /images/giuliano_s_109_b_4c077972bada3.jpg HTTP/1.1" 404 7983 "-" "Googlebot-Image/1.0"
66.249.78.107 - - [07/Mar/2013:05:13:19 +0400] "GET /robots.txt HTTP/1.1" 404 7983 "-" "Mozilla/5.0 (compatible; Googlebot/2.1; +http://www.google.com/bot.html)"
66.249.75.107 - - [07/Mar/2013:05:13:19 +0400] "GET /images/mo242cf.png HTTP/1.1" 404 7983 "-" "Googlebot-Image/1.0"
208.115.113.91 - - [07/Mar/2013:05:13:56 +0400] "GET /index.php/2011-12-06-19-41-54/item/aet-t4 HTTP/1.1" 404 7983 "-" "Mozilla/5.0 (compatible; Ezooms/1.0; ezooms.bot@gmail.com)"
208.115.113.91 - - [07/Mar/2013:05:14:10 +0400] "GET /index.php/11-2011-11-23-11-32-01/2011-12-14-13-38-50 HTTP/1.1" 404 7983 "-" "Mozilla/5.0 (compatible; Ezooms/1.0; ezooms.bot@gmail.com)"
208.115.113.91 - - [07/Mar/2013:05:14:12 +0400] "GET /index.php/2011-12-06-20-32-49 HTTP/1.1" 404 7983 "-" "Mozilla/5.0 (compatible; Ezooms/1.0; ezooms.bot@gmail.com)"
66.249.78.107 - - [07/Mar/2013:05:23:48 +0400] "GET /images/1.png HTTP/1.1" 200 26696 "-" "Googlebot-Image/1.0"
66.249.75.107 - - [07/Mar/2013:05:29:55 +0400] "GET /index.php/siver/item/%D0%BF%D0%BE%D1%80%D1%8F%D0%B4%D0%BE%D0%BA-%D1%80%D0%B0%D0%B1%D0%BE%D1%82%D1%8B-%D1%81-%D1%81%D0%B8%D1%81%D1%82%D0%B5%D0%BC%D0%BE%D0%B9-siver-data HTTP/1.1" 404 7983 "-" "Mozilla/5.0 (compatible; Googlebot/2.1; +http://www.google.com/bot.html)"
66.249.78.107 - - [07/Mar/2013:05:32:32 +0400] "GET /images/mo4seriesspecification1.png HTTP/1.1" 404 7983 "-" "Googlebot-Image/1.0"
66.249.78.107 - - [07/Mar/2013:05:42:28 +0400] "GET /images/sicam040.jpg HTTP/1.1" 404 7983 "-" "Googlebot-Image/1.0"
66.249.78.107 - - [07/Mar/2013:05:44:58 +0400] "GET /index.php/2011-12-06-19-41-54 HTTP/1.1" 404 7983 "-" "Mozilla/5.0 (compatible; Googlebot/2.1; +http://www.google.com/bot.html)"
208.115.111.75 - - [07/Mar/2013:05:51:13 +0400] "GET /robots.txt HTTP/1.1" 404 7983 "-" "Mozilla/5.0 (compatible; Ezooms/1.0; ezooms.bot@gmail.com)"
66.249.78.107 - - [07/Mar/2013:05:52:50 +0400] "GET /images/tddb-088-aet.jpg HTTP/1.1" 404 7983 "-" "Googlebot-Image/1.0"
195.239.178.205 - - [07/Mar/2013:05:59:58 +0400] "GET / HTTP/1.0" 200 19485 "-" "Mozilla/5.0 (compatible; Nigma.ru/3.0; crawler@nigma.ru)"
66.249.78.107 - - [07/Mar/2013:06:04:18 +0400] "GET /images/mo242cfsepcification2.png HTTP/1.1" 404 7983 "-" "Googlebot-Image/1.0"
66.249.78.107 - - [07/Mar/2013:06:16:20 +0400] "GET /images/siver_e_3.png HTTP/1.1" 404 7983 "-" "Googlebot-Image/1.0"
66.249.78.107 - - [07/Mar/2013:06:25:31 +0400] "GET /images/screen1_m.jpg HTTP/1.1" 404 7983 "-" "Googlebot-Image/1.0"
66.249.78.107 - - [07/Mar/2013:06:34:36 +0400] "GET /images/dst910b.gif HTTP/1.1" 404 7983 "-" "Googlebot-Image/1.0"
66.249.78.107 - - [07/Mar/2013:06:47:00 +0400] "GET /images/bright_dst_910b__4ca05390c4b9d.jpg HTTP/1.1" 404 7983 "-" "Googlebot-Image/1.0"
66.249.78.107 - - [07/Mar/2013:06:56:27 +0400] "GET /images/sicam26tcs.jpg HTTP/1.1" 404 7983 "-" "Googlebot-Image/1.0"
208.115.111.75 - - [07/Mar/2013:07:04:22 +0400] "GET /index.php/166-2011-11-23-11-32-01/2011-11-23-11-34-48/mdn/mdn2st/mo-5015ecf HTTP/1.1" 404 7983 "-" "Mozilla/5.0 (compatible; Ezooms/1.0; ezooms.bot@gmail.com)"
66.249.75.107 - - [07/Mar/2013:07:05:50 +0400] "GET /images/wupy.png HTTP/1.1" 404 7983 "-" "Googlebot-Image/1.0"
66.249.75.107 - - [07/Mar/2013:07:15:46 +0400] "GET /cache/com_zoo/images/siver_e_1_f585f90c21d8727f159e2627e63c4ba2.png HTTP/1.1" 404 7983 "-" "Googlebot-Image/1.0"
66.249.78.107 - - [07/Mar/2013:07:26:08 +0400] "GET /images/screen2.jpg HTTP/1.1" 404 7983 "-" "Googlebot-Image/1.0"
66.249.78.107 - - [07/Mar/2013:07:49:18 +0400] "GET /images/screen3.jpg HTTP/1.1" 404 7983 "-" "Googlebot-Image/1.0"
66.249.78.107 - - [07/Mar/2013:07:58:35 +0400] "GET /images/885it.jpg HTTP/1.1" 404 7983 "-" "Googlebot-Image/1.0"
208.115.113.91 - - [07/Mar/2013:07:59:20 +0400] "GET /robots.txt HTTP/1.1" 404 7983 "-" "Mozilla/5.0 (compatible; Ezooms/1.0; ezooms.bot@gmail.com)"
66.249.78.107 - - [07/Mar/2013:08:08:22 +0400] "GET /index.php/2012-04-11-10-09-59/69-gruzbal HTTP/1.1" 404 7983 "-" "Mozilla/5.0 (compatible; Googlebot/2.1; +http://www.google.com/bot.html)"
66.249.75.107 - - [07/Mar/2013:08:10:43 +0400] "GET /index.php/2011-12-06-19-41-54/category/2stoiki HTTP/1.1" 404 7983 "-" "Mozilla/5.0 (compatible; Googlebot/2.1; +http://www.google.com/bot.html)"
66.249.78.107 - - [07/Mar/2013:08:11:59 +0400] "GET /index.php/2011-12-06-19-41-54/item/modena-mo-4 HTTP/1.1" 404 7983 "-" "Mozilla/5.0 (compatible; Googlebot/2.1; +http://www.google.com/bot.html)"
66.249.78.107 - - [07/Mar/2013:08:12:10 +0400] "GET /shared/materiali_clipper.xls HTTP/1.1" 404 7983 "-" "Mozilla/5.0 (compatible; Googlebot/2.1; +http://www.google.com/bot.html)"
66.249.78.107 - - [07/Mar/2013:08:13:53 +0400] "GET /index.php/2012-04-11-10-09-59/110-legkbal/bright-cb-968b HTTP/1.1" 404 7983 "-" "Mozilla/5.0 (compatible; Googlebot/2.1; +http://www.google.com/bot.html)"
66.249.78.107 - - [07/Mar/2013:08:18:01 +0400] "GET /cache/com_zoo/images/siver%20a_48239d83aaeddfec1b533c2b755d8a02.png HTTP/1.1" 404 7983 "-" "Googlebot-Image/1.0"
66.249.78.107 - - [07/Mar/2013:08:28:24 +0400] "GET /cache/com_zoo/images/siver_cp-1e02m_aa1fa92a9caa32ba2943d8b950a71afa.png HTTP/1.1" 404 7983 "-" "Googlebot-Image/1.0"
208.115.113.91 - - [07/Mar/2013:08:33:07 +0400] "GET /index.php/2011-12-06-19-41-54/item/modena?category_id=31 HTTP/1.1" 404 7983 "-" "Mozilla/5.0 (compatible; Ezooms/1.0; ezooms.bot@gmail.com)"
66.249.78.107 - - [07/Mar/2013:08:39:19 +0400] "GET /images/kolonna_siver_h_small.jpg HTTP/1.1" 404 7983 "-" "Googlebot-Image/1.0"
66.249.78.107 - - [07/Mar/2013:08:51:48 +0400] "GET /index.php/2012-01-20-16-51-42 HTTP/1.1" 404 7983 "-" "SAMSUNG-SGH-E250/1.0 Profile/MIDP-2.0 Configuration/CLDC-1.1 UP.Browser/6.2.3.3.c.1.101 (GUI) MMP/2.0 (compatible; Googlebot-Mobile/2.1; +http://www.google.com/bot.html)"
66.249.78.107 - - [07/Mar/2013:09:11:31 +0400] "GET /images/tech_man.jpg HTTP/1.1" 404 7983 "-" "Googlebot-Image/1.0"
37.140.141.12 - - [07/Mar/2013:11:12:13 +0400] "GET /catalog/list/12 HTTP/1.1" 200 10786 "-" "Mozilla/5.0 (compatible; YandexBot/3.0; +http://yandex.com/bots)"
37.140.141.12 - - [07/Mar/2013:11:12:45 +0400] "GET /catalog/list/11 HTTP/1.1" 200 10749 "-" "Mozilla/5.0 (compatible; YandexBot/3.0; +http://yandex.com/bots)"
37.140.141.12 - - [07/Mar/2013:11:14:02 +0400] "GET /catalog/list/16 HTTP/1.1" 200 10151 "-" "Mozilla/5.0 (compatible; YandexBot/3.0; +http://yandex.com/bots)"
37.140.141.12 - - [07/Mar/2013:11:14:48 +0400] "GET /catalog/list/8 HTTP/1.1" 200 11384 "-" "Mozilla/5.0 (compatible; YandexBot/3.0; +http://yandex.com/bots)"
66.249.78.107 - - [07/Mar/2013:11:15:18 +0400] "GET /robots.txt HTTP/1.1" 404 7983 "-" "Mozilla/5.0 (compatible; Googlebot/2.1; +http://www.google.com/bot.html)"
66.249.75.107 - - [07/Mar/2013:11:15:18 +0400] "GET /index.php/2011-12-14-13-33-12 HTTP/1.1" 404 7983 "-" "DoCoMo/2.0 N905i(c100;TB;W24H16) (compatible; Googlebot-Mobile/2.1; +http://www.google.com/bot.html)"
208.115.113.91 - - [07/Mar/2013:11:57:24 +0400] "GET /robots.txt HTTP/1.1" 404 7983 "-" "Mozilla/5.0 (compatible; Ezooms/1.0; ezooms.bot@gmail.com)"
66.249.78.2 - - [07/Mar/2013:12:03:24 +0400] "GET /robots.txt HTTP/1.1" 404 7983 "-" "Mozilla/5.0 (compatible; Googlebot/2.1; +http://www.google.com/bot.html)"
66.249.78.2 - - [07/Mar/2013:12:03:24 +0400] "GET /index.php/2012-04-18-16-34-04/90-pre2112134 HTTP/1.1" 404 7983 "-" "Mozilla/5.0 (compatible; Googlebot/2.1; +http://www.google.com/bot.html)"
217.69.133.68 - - [07/Mar/2013:12:22:31 +0400] "GET /index.php/2011-12-06-20-32-49/62-shinlegk/hunter-tcx525-24 HTTP/1.0" 404 7983 "-" "Mozilla/5.0 (compatible; Mail.RU_Bot/2.0; +http://go.mail.ru/help/robots)"
208.115.113.91 - - [07/Mar/2013:13:15:31 +0400] "GET /index.php/2011-12-06-19-41-54/item/modena-mo-4?category_id=31 HTTP/1.1" 404 7983 "-" "Mozilla/5.0 (compatible; Ezooms/1.0; ezooms.bot@gmail.com)"
208.115.111.75 - - [07/Mar/2013:13:52:05 +0400] "GET /robots.txt HTTP/1.1" 404 7983 "-" "Mozilla/5.0 (compatible; Ezooms/1.0; ezooms.bot@gmail.com)"
66.249.78.107 - - [07/Mar/2013:14:17:28 +0400] "GET /cache/com_zoo/images/m-launch-tech-launch-x-631-must-run-1_0caeaf0f7e251d2100a4fb4702201ca7.jpg HTTP/1.1" 404 7983 "-" "Googlebot-Image/1.0"
188.112.225.151 - - [07/Mar/2013:14:23:49 +0400] "GET /index.php/2011-12-06-19-41-54/item/aet-f6106 HTTP/1.1" 404 7983 "http://yandex.ru/yandsearch?text=AE%26T%20F6106&lr=39" "Mozilla/5.0 (Windows NT 6.1; rv:19.0) Gecko/20100101 Firefox/19.0"
188.112.225.151 - - [07/Mar/2013:14:23:50 +0400] "GET /css/style.css HTTP/1.1" 200 996 "http://xn--80aaagabsufuc5b1amej.xn--p1ai/index.php/2011-12-06-19-41-54/item/aet-f6106" "Mozilla/5.0 (Windows NT 6.1; rv:19.0) Gecko/20100101 Firefox/19.0"
188.112.225.151 - - [07/Mar/2013:14:23:50 +0400] "GET /css/bootstrap-responsive.min.css HTTP/1.1" 200 16520 "http://xn--80aaagabsufuc5b1amej.xn--p1ai/index.php/2011-12-06-19-41-54/item/aet-f6106" "Mozilla/5.0 (Windows NT 6.1; rv:19.0) Gecko/20100101 Firefox/19.0"
188.112.225.151 - - [07/Mar/2013:14:23:50 +0400] "GET /js/auto.js HTTP/1.1" 200 2956 "http://xn--80aaagabsufuc5b1amej.xn--p1ai/index.php/2011-12-06-19-41-54/item/aet-f6106" "Mozilla/5.0 (Windows NT 6.1; rv:19.0) Gecko/20100101 Firefox/19.0"
188.112.225.151 - - [07/Mar/2013:14:23:50 +0400] "GET /js/bootstrap.min.js HTTP/1.1" 200 25743 "http://xn--80aaagabsufuc5b1amej.xn--p1ai/index.php/2011-12-06-19-41-54/item/aet-f6106" "Mozilla/5.0 (Windows NT 6.1; rv:19.0) Gecko/20100101 Firefox/19.0"
188.112.225.151 - - [07/Mar/2013:14:23:50 +0400] "GET /images/favicon.ico HTTP/1.1" 200 1150 "-" "Mozilla/5.0 (Windows NT 6.1; rv:19.0) Gecko/20100101 Firefox/19.0"
188.112.225.151 - - [07/Mar/2013:14:23:50 +0400] "GET /css/bootstrap.min.css HTTP/1.1" 200 101265 "http://xn--80aaagabsufuc5b1amej.xn--p1ai/index.php/2011-12-06-19-41-54/item/aet-f6106" "Mozilla/5.0 (Windows NT 6.1; rv:19.0) Gecko/20100101 Firefox/19.0"
188.112.225.151 - - [07/Mar/2013:14:23:50 +0400] "GET /css/auto.css HTTP/1.1" 200 10660 "http://xn--80aaagabsufuc5b1amej.xn--p1ai/index.php/2011-12-06-19-41-54/item/aet-f6106" "Mozilla/5.0 (Windows NT 6.1; rv:19.0) Gecko/20100101 Firefox/19.0"
188.112.225.151 - - [07/Mar/2013:14:23:50 +0400] "GET /js/jquery.min.js HTTP/1.1" 200 93636 "http://xn--80aaagabsufuc5b1amej.xn--p1ai/index.php/2011-12-06-19-41-54/item/aet-f6106" "Mozilla/5.0 (Windows NT 6.1; rv:19.0) Gecko/20100101 Firefox/19.0"
188.112.225.151 - - [07/Mar/2013:14:23:50 +0400] "GET /images/giuliano_s_112f.png HTTP/1.1" 200 80289 "http://xn--80aaagabsufuc5b1amej.xn--p1ai/index.php/2011-12-06-19-41-54/item/aet-f6106" "Mozilla/5.0 (Windows NT 6.1; rv:19.0) Gecko/20100101 Firefox/19.0"
188.112.225.151 - - [07/Mar/2013:14:23:50 +0400] "GET /images/hunter_gsp9200.png HTTP/1.1" 200 95787 "http://xn--80aaagabsufuc5b1amej.xn--p1ai/index.php/2011-12-06-19-41-54/item/aet-f6106" "Mozilla/5.0 (Windows NT 6.1; rv:19.0) Gecko/20100101 Firefox/19.0"
188.112.225.151 - - [07/Mar/2013:14:23:50 +0400] "GET /images/modena_mo_230mr.png HTTP/1.1" 200 117372 "http://xn--80aaagabsufuc5b1amej.xn--p1ai/index.php/2011-12-06-19-41-54/item/aet-f6106" "Mozilla/5.0 (Windows NT 6.1; rv:19.0) Gecko/20100101 Firefox/19.0"
188.112.225.151 - - [07/Mar/2013:14:23:50 +0400] "GET /images/titan_54_00_bridge.png HTTP/1.1" 200 144079 "http://xn--80aaagabsufuc5b1amej.xn--p1ai/index.php/2011-12-06-19-41-54/item/aet-f6106" "Mozilla/5.0 (Windows NT 6.1; rv:19.0) Gecko/20100101 Firefox/19.0"
188.112.225.151 - - [07/Mar/2013:14:23:50 +0400] "GET /ckeditor/ckeditor.js HTTP/1.1" 200 454073 "http://xn--80aaagabsufuc5b1amej.xn--p1ai/index.php/2011-12-06-19-41-54/item/aet-f6106" "Mozilla/5.0 (Windows NT 6.1; rv:19.0) Gecko/20100101 Firefox/19.0"
188.112.225.151 - - [07/Mar/2013:14:23:50 +0400] "GET /images/siver_e.png HTTP/1.1" 200 148375 "http://xn--80aaagabsufuc5b1amej.xn--p1ai/index.php/2011-12-06-19-41-54/item/aet-f6106" "Mozilla/5.0 (Windows NT 6.1; rv:19.0) Gecko/20100101 Firefox/19.0"
188.112.225.151 - - [07/Mar/2013:14:23:53 +0400] "GET /images/menu_logo_TK.png HTTP/1.1" 200 1922 "http://xn--80aaagabsufuc5b1amej.xn--p1ai/css/auto.css" "Mozilla/5.0 (Windows NT 6.1; rv:19.0) Gecko/20100101 Firefox/19.0"
188.112.225.151 - - [07/Mar/2013:14:23:53 +0400] "GET /images/main_podl.jpg HTTP/1.1" 200 9218 "http://xn--80aaagabsufuc5b1amej.xn--p1ai/css/auto.css" "Mozilla/5.0 (Windows NT 6.1; rv:19.0) Gecko/20100101 Firefox/19.0"
188.112.225.151 - - [07/Mar/2013:14:23:53 +0400] "GET /images/menu_gran.png HTTP/1.1" 200 279 "http://xn--80aaagabsufuc5b1amej.xn--p1ai/css/auto.css" "Mozilla/5.0 (Windows NT 6.1; rv:19.0) Gecko/20100101 Firefox/19.0"
188.112.225.151 - - [07/Mar/2013:14:23:53 +0400] "GET /images/slider_arrow_left.png HTTP/1.1" 200 1743 "http://xn--80aaagabsufuc5b1amej.xn--p1ai/css/auto.css" "Mozilla/5.0 (Windows NT 6.1; rv:19.0) Gecko/20100101 Firefox/19.0"
188.112.225.151 - - [07/Mar/2013:14:23:53 +0400] "GET /images/slider_text_podl.png HTTP/1.1" 200 10296 "http://xn--80aaagabsufuc5b1amej.xn--p1ai/css/auto.css" "Mozilla/5.0 (Windows NT 6.1; rv:19.0) Gecko/20100101 Firefox/19.0"
188.112.225.151 - - [07/Mar/2013:14:23:53 +0400] "GET /images/slider_arrow_right.png HTTP/1.1" 200 1748 "http://xn--80aaagabsufuc5b1amej.xn--p1ai/css/auto.css" "Mozilla/5.0 (Windows NT 6.1; rv:19.0) Gecko/20100101 Firefox/19.0"
188.112.225.151 - - [07/Mar/2013:14:23:53 +0400] "GET /images/foot_bg.png HTTP/1.1" 200 15921 "http://xn--80aaagabsufuc5b1amej.xn--p1ai/css/auto.css" "Mozilla/5.0 (Windows NT 6.1; rv:19.0) Gecko/20100101 Firefox/19.0"
188.112.225.151 - - [07/Mar/2013:14:23:53 +0400] "GET /images/footer_up.png HTTP/1.1" 200 2221 "http://xn--80aaagabsufuc5b1amej.xn--p1ai/css/auto.css" "Mozilla/5.0 (Windows NT 6.1; rv:19.0) Gecko/20100101 Firefox/19.0"
188.112.225.151 - - [07/Mar/2013:14:23:53 +0400] "GET /images/footer_arrow.png HTTP/1.1" 200 256 "http://xn--80aaagabsufuc5b1amej.xn--p1ai/css/auto.css" "Mozilla/5.0 (Windows NT 6.1; rv:19.0) Gecko/20100101 Firefox/19.0"
188.112.225.151 - - [07/Mar/2013:14:23:53 +0400] "GET /images/container_bg.png HTTP/1.1" 200 424962 "http://xn--80aaagabsufuc5b1amej.xn--p1ai/css/auto.css" "Mozilla/5.0 (Windows NT 6.1; rv:19.0) Gecko/20100101 Firefox/19.0"
66.249.78.107 - - [07/Mar/2013:14:44:03 +0400] "GET /index.php/2011-12-22-14-39-48 HTTP/1.1" 404 7983 "-" "Mozilla/5.0 (compatible; Googlebot/2.1; +http://www.google.com/bot.html)"
188.112.225.151 - - [07/Mar/2013:14:49:48 +0400] "GET /images/menu_current.jpg HTTP/1.1" 200 11503 "http://xn--80aaagabsufuc5b1amej.xn--p1ai/css/auto.css" "Mozilla/5.0 (Windows NT 6.1; rv:19.0) Gecko/20100101 Firefox/19.0"
37.140.141.12 - - [07/Mar/2013:15:00:12 +0400] "GET /index.php/2011-12-06-19-41-54/item/aet-f6106 HTTP/1.1" 404 7983 "-" "Mozilla/5.0 (compatible; YandexBot/3.0; +http://yandex.com/bots)"
208.115.111.75 - - [07/Mar/2013:15:04:30 +0400] "GET /index.php/161-2011-11-23-11-32-01/2011-11-23-11-34-48/mdn/mdn2st HTTP/1.1" 404 7983 "-" "Mozilla/5.0 (compatible; Ezooms/1.0; ezooms.bot@gmail.com)"
66.249.78.81 - - [07/Mar/2013:15:24:41 +0400] "GET /robots.txt HTTP/1.1" 404 7983 "-" "Mozilla/5.0 (compatible; Googlebot/2.1; +http://www.google.com/bot.html)"
66.249.78.81 - - [07/Mar/2013:15:24:42 +0400] "GET /index.php/27-2011-11-23-11-32-01/2011-11-23-11-35-34/aircast---4-500-w11516 HTTP/1.1" 404 7983 "-" "Mozilla/5.0 (compatible; Googlebot/2.1; +http://www.google.com/bot.html)"
66.249.78.2 - - [07/Mar/2013:15:54:08 +0400] "GET /index.php/2012-04-18-16-34-04/139-td61210-ae-t HTTP/1.1" 404 7983 "-" "Mozilla/5.0 (compatible; Googlebot/2.1; +http://www.google.com/bot.html)"
208.115.113.91 - - [07/Mar/2013:15:55:46 +0400] "GET /robots.txt HTTP/1.1" 404 7983 "-" "Mozilla/5.0 (compatible; Ezooms/1.0; ezooms.bot@gmail.com)"
66.249.78.2 - - [07/Mar/2013:15:57:18 +0400] "GET /index.php/73-2011-11-23-11-32-01/2011-11-23-11-34-08/shinlegk HTTP/1.1" 404 7983 "-" "Mozilla/5.0 (compatible; Googlebot/2.1; +http://www.google.com/bot.html)"
66.249.78.107 - - [07/Mar/2013:15:57:30 +0400] "GET /index.php/home HTTP/1.1" 404 7983 "-" "Mozilla/5.0 (compatible; Googlebot/2.1; +http://www.google.com/bot.html)"
66.249.75.2 - - [07/Mar/2013:15:57:36 +0400] "GET /index.php/117-2011-11-23-11-32-01/2011-11-23-11-34-08/shinlegk/giuliano-s-110 HTTP/1.1" 404 7983 "-" "Mozilla/5.0 (compatible; Googlebot/2.1; +http://www.google.com/bot.html)"
66.249.78.2 - - [07/Mar/2013:15:57:47 +0400] "GET /index.php/120-2011-11-23-11-32-01/2011-11-23-11-34-08/shinlegk/giuliano-s-109 HTTP/1.1" 404 7983 "-" "Mozilla/5.0 (compatible; Googlebot/2.1; +http://www.google.com/bot.html)"
66.249.78.2 - - [07/Mar/2013:15:57:58 +0400] "GET /index.php/53-2011-11-23-11-32-01/2011-11-23-11-34-08/shinlegk/aeat-bl555acap2007 HTTP/1.1" 404 7983 "-" "Mozilla/5.0 (compatible; Googlebot/2.1; +http://www.google.com/bot.html)"
66.249.78.2 - - [07/Mar/2013:15:58:10 +0400] "GET /index.php/51-2011-11-23-11-32-01/2011-11-23-11-34-08/shinlegk/aeat-890it HTTP/1.1" 404 7983 "-" "Mozilla/5.0 (compatible; Googlebot/2.1; +http://www.google.com/bot.html)"
66.249.78.2 - - [07/Mar/2013:16:02:32 +0400] "GET /index.php/46-2011-11-23-11-32-01/2011-11-23-11-34-08/shinlegk/aeat-850-380 HTTP/1.1" 404 7983 "-" "Mozilla/5.0 (compatible; Googlebot/2.1; +http://www.google.com/bot.html)"
66.249.78.2 - - [07/Mar/2013:16:02:52 +0400] "GET /index.php/119-2011-11-23-11-32-01/2011-11-23-11-34-08/shinlegk/giuliano-s-112f HTTP/1.1" 404 7983 "-" "Mozilla/5.0 (compatible; Googlebot/2.1; +http://www.google.com/bot.html)"
66.249.78.2 - - [07/Mar/2013:16:03:06 +0400] "GET /index.php/116-2011-11-23-11-32-01/2011-11-23-11-34-08/shinlegk/bright-lc810 HTTP/1.1" 404 7983 "-" "Mozilla/5.0 (compatible; Googlebot/2.1; +http://www.google.com/bot.html)"
66.249.78.107 - - [07/Mar/2013:16:03:29 +0400] "GET /index.php/2011-12-06-20-32-49 HTTP/1.1" 404 7983 "-" "Mozilla/5.0 (compatible; Googlebot/2.1; +http://www.google.com/bot.html)"
66.249.78.2 - - [07/Mar/2013:16:05:36 +0400] "GET /index.php/122-2011-11-23-11-32-01/2011-11-23-11-34-08/shinlegk/giuliano-s-222 HTTP/1.1" 404 7983 "-" "Mozilla/5.0 (compatible; Googlebot/2.1; +http://www.google.com/bot.html)"
66.249.78.2 - - [07/Mar/2013:16:20:34 +0400] "GET /index.php/50-2011-11-23-11-32-01/2011-11-23-11-34-08/shinlegk/aeat-885it HTTP/1.1" 404 7983 "-" "Mozilla/5.0 (compatible; Googlebot/2.1; +http://www.google.com/bot.html)"
208.115.113.91 - - [07/Mar/2013:17:19:13 +0400] "GET /index.php/2012-04-11-10-09-59/102-legkbal/aeat-td-bl820n HTTP/1.1" 404 7983 "-" "Mozilla/5.0 (compatible; Ezooms/1.0; ezooms.bot@gmail.com)"
208.115.113.91 - - [07/Mar/2013:17:19:19 +0400] "GET /index.php/2012-04-11-10-09-59/108-legkbal/bright-cb-958b HTTP/1.1" 404 7983 "-" "Mozilla/5.0 (compatible; Ezooms/1.0; ezooms.bot@gmail.com)"
208.115.113.91 - - [07/Mar/2013:17:19:21 +0400] "GET /index.php/2012-04-11-10-09-59/112-legkbal/hunter-dsp9200 HTTP/1.1" 404 7983 "-" "Mozilla/5.0 (compatible; Ezooms/1.0; ezooms.bot@gmail.com)"
66.249.78.107 - - [07/Mar/2013:17:48:09 +0400] "GET /images/-----titan-st-17.jpg HTTP/1.1" 404 7983 "-" "Googlebot-Image/1.0"
208.115.111.75 - - [07/Mar/2013:17:52:55 +0400] "GET /robots.txt HTTP/1.1" 404 7983 "-" "Mozilla/5.0 (compatible; Ezooms/1.0; ezooms.bot@gmail.com)"
66.249.75.107 - - [07/Mar/2013:18:09:13 +0400] "GET /images/siver_b_new_m.png HTTP/1.1" 404 7983 "-" "Googlebot-Image/1.0"
66.249.78.2 - - [07/Mar/2013:18:21:36 +0400] "GET / HTTP/1.1" 200 19485 "-" "Mozilla/5.0 (compatible; Googlebot/2.1; +http://www.google.com/bot.html)"
66.249.78.107 - - [07/Mar/2013:18:31:08 +0400] "GET /images/logo_xtra_sil.jpg HTTP/1.1" 404 7983 "-" "Googlebot-Image/1.0"
66.249.78.107 - - [07/Mar/2013:18:41:19 +0400] "GET /images/mo253ebmo254ebspecification2.png HTTP/1.1" 404 7983 "-" "Googlebot-Image/1.0"
66.249.75.107 - - [07/Mar/2013:19:03:01 +0400] "GET /images/-----titan-55-001.jpg HTTP/1.1" 404 7983 "-" "Googlebot-Image/1.0"
208.115.111.75 - - [07/Mar/2013:19:07:32 +0400] "GET /index.php/siver/item/siver-b?category_id=5 HTTP/1.1" 404 7983 "-" "Mozilla/5.0 (compatible; Ezooms/1.0; ezooms.bot@gmail.com)"
66.249.78.107 - - [07/Mar/2013:19:12:07 +0400] "GET /images/slipstream_w_logo_only-1.jpg HTTP/1.1" 404 7983 "-" "Googlebot-Image/1.0"
66.249.78.107 - - [07/Mar/2013:19:22:15 +0400] "GET /images/max_steer.jpg HTTP/1.1" 200 53710 "-" "Googlebot-Image/1.0"
66.249.78.107 - - [07/Mar/2013:19:32:07 +0400] "GET /images/mo250ecfmo251ecf.png HTTP/1.1" 404 7983 "-" "Googlebot-Image/1.0"
66.249.78.107 - - [07/Mar/2013:19:42:43 +0400] "GET /images/tech0505.jpg HTTP/1.1" 404 7983 "-" "Googlebot-Image/1.0"
66.249.78.107 - - [07/Mar/2013:19:55:18 +0400] "GET /images/siver_a_wheels.jpg HTTP/1.1" 404 7983 "-" "Googlebot-Image/1.0"
208.115.113.91 - - [07/Mar/2013:19:56:10 +0400] "GET /robots.txt HTTP/1.1" 404 7983 "-" "Mozilla/5.0 (compatible; Ezooms/1.0; ezooms.bot@gmail.com)"
66.249.78.107 - - [07/Mar/2013:20:04:57 +0400] "GET /images/c_mini.png HTTP/1.1" 404 7983 "-" "Googlebot-Image/1.0"
66.249.78.107 - - [07/Mar/2013:20:14:21 +0400] "GET /images/invoice.jpg HTTP/1.1" 404 7983 "-" "Googlebot-Image/1.0"
66.249.78.2 - - [07/Mar/2013:20:20:31 +0400] "GET /index.php/118-2011-11-23-11-32-01/2011-11-23-11-34-08/shinlegk/mab-tc322-tc322-it HTTP/1.1" 404 7983 "-" "Mozilla/5.0 (compatible; Googlebot/2.1; +http://www.google.com/bot.html)"
66.249.78.107 - - [07/Mar/2013:20:26:33 +0400] "GET /images/andre07.jpg HTTP/1.1" 200 581732 "-" "Googlebot-Image/1.0"
66.249.78.107 - - [07/Mar/2013:20:36:09 +0400] "GET /images/modena%20logo.jpg HTTP/1.1" 404 7983 "-" "Googlebot-Image/1.0"
85.115.248.57 - - [07/Mar/2013:20:40:30 +0400] "GET / HTTP/1.1" 200 19485 "http://maps.yandex.ru/?text=%D0%BE%D0%B1%D0%BE%D1%80%D1%83%D0%B4%D0%BE%D0%B2%D0%B0%D0%BD%D0%B8%D0%B5%20%D0%B4%D0%BB%D1%8F%20%D0%B0%D0%B2%D1%82%D0%BE%D0%BC%D0%BE%D0%B5%D0%BA&sll=42.94280117170228%2C44.07086321189205&sspn=0.7044982910156179%2C0.2797074638918531&z=11&results=20&sctx=AwAAAAEA1xLyQc%2BGRUAGEhQ%2FxgRGQMZOeAlOfcI%2F7L%2FOTZtxqj8DAAAAAQID%2F%2F%2F%2F%2F%2F%2F%2F%2F%2F8AAAAAAAAAAAA%3D&ol=biz&oid=1099468715&ll=42.942801%2C44.094869&spn=0.704498%2C0.279593&l=map" "Mozilla/5.0 (Windows NT 6.1; WOW64) AppleWebKit/535.19 (KHTML, like Gecko) Chrome/18.0.1025.1634 Safari/535.19 YE"
85.115.248.57 - - [07/Mar/2013:20:40:31 +0400] "GET /css/auto.css HTTP/1.1" 200 10660 "http://www.xn--80aaagabsufuc5b1amej.xn--p1ai/" "Mozilla/5.0 (Windows NT 6.1; WOW64) AppleWebKit/535.19 (KHTML, like Gecko) Chrome/18.0.1025.1634 Safari/535.19 YE"
85.115.248.57 - - [07/Mar/2013:20:40:31 +0400] "GET /css/style.css HTTP/1.1" 200 996 "http://www.xn--80aaagabsufuc5b1amej.xn--p1ai/" "Mozilla/5.0 (Windows NT 6.1; WOW64) AppleWebKit/535.19 (KHTML, like Gecko) Chrome/18.0.1025.1634 Safari/535.19 YE"
85.115.248.57 - - [07/Mar/2013:20:40:31 +0400] "GET /css/bootstrap-responsive.min.css HTTP/1.1" 200 16520 "http://www.xn--80aaagabsufuc5b1amej.xn--p1ai/" "Mozilla/5.0 (Windows NT 6.1; WOW64) AppleWebKit/535.19 (KHTML, like Gecko) Chrome/18.0.1025.1634 Safari/535.19 YE"
85.115.248.57 - - [07/Mar/2013:20:40:31 +0400] "GET /js/auto.js HTTP/1.1" 200 2956 "http://www.xn--80aaagabsufuc5b1amej.xn--p1ai/" "Mozilla/5.0 (Windows NT 6.1; WOW64) AppleWebKit/535.19 (KHTML, like Gecko) Chrome/18.0.1025.1634 Safari/535.19 YE"
85.115.248.57 - - [07/Mar/2013:20:40:31 +0400] "GET /js/jquery.min.js HTTP/1.1" 200 93636 "http://www.xn--80aaagabsufuc5b1amej.xn--p1ai/" "Mozilla/5.0 (Windows NT 6.1; WOW64) AppleWebKit/535.19 (KHTML, like Gecko) Chrome/18.0.1025.1634 Safari/535.19 YE"
85.115.248.57 - - [07/Mar/2013:20:40:32 +0400] "GET /js/bootstrap.min.js HTTP/1.1" 200 25743 "http://www.xn--80aaagabsufuc5b1amej.xn--p1ai/" "Mozilla/5.0 (Windows NT 6.1; WOW64) AppleWebKit/535.19 (KHTML, like Gecko) Chrome/18.0.1025.1634 Safari/535.19 YE"
85.115.248.57 - - [07/Mar/2013:20:40:30 +0400] "GET /css/bootstrap.min.css HTTP/1.1" 200 101265 "http://www.xn--80aaagabsufuc5b1amej.xn--p1ai/" "Mozilla/5.0 (Windows NT 6.1; WOW64) AppleWebKit/535.19 (KHTML, like Gecko) Chrome/18.0.1025.1634 Safari/535.19 YE"
85.115.248.57 - - [07/Mar/2013:20:40:31 +0400] "GET /ckeditor/ckeditor.js HTTP/1.1" 200 454073 "http://www.xn--80aaagabsufuc5b1amej.xn--p1ai/" "Mozilla/5.0 (Windows NT 6.1; WOW64) AppleWebKit/535.19 (KHTML, like Gecko) Chrome/18.0.1025.1634 Safari/535.19 YE"
85.115.248.57 - - [07/Mar/2013:20:40:41 +0400] "GET /images/main_podl.jpg HTTP/1.1" 200 9218 "http://www.xn--80aaagabsufuc5b1amej.xn--p1ai/" "Mozilla/5.0 (Windows NT 6.1; WOW64) AppleWebKit/535.19 (KHTML, like Gecko) Chrome/18.0.1025.1634 Safari/535.19 YE"
85.115.248.57 - - [07/Mar/2013:20:40:41 +0400] "GET /images/menu_logo_TK.png HTTP/1.1" 200 1922 "http://www.xn--80aaagabsufuc5b1amej.xn--p1ai/" "Mozilla/5.0 (Windows NT 6.1; WOW64) AppleWebKit/535.19 (KHTML, like Gecko) Chrome/18.0.1025.1634 Safari/535.19 YE"
85.115.248.57 - - [07/Mar/2013:20:40:41 +0400] "GET /images/menu_gran.png HTTP/1.1" 200 279 "http://www.xn--80aaagabsufuc5b1amej.xn--p1ai/" "Mozilla/5.0 (Windows NT 6.1; WOW64) AppleWebKit/535.19 (KHTML, like Gecko) Chrome/18.0.1025.1634 Safari/535.19 YE"
85.115.248.57 - - [07/Mar/2013:20:40:41 +0400] "GET /images/slider_arrow_left.png HTTP/1.1" 200 1743 "http://www.xn--80aaagabsufuc5b1amej.xn--p1ai/" "Mozilla/5.0 (Windows NT 6.1; WOW64) AppleWebKit/535.19 (KHTML, like Gecko) Chrome/18.0.1025.1634 Safari/535.19 YE"
85.115.248.57 - - [07/Mar/2013:20:40:41 +0400] "GET /images/modena_mo_230mr.png HTTP/1.1" 200 117372 "http://www.xn--80aaagabsufuc5b1amej.xn--p1ai/" "Mozilla/5.0 (Windows NT 6.1; WOW64) AppleWebKit/535.19 (KHTML, like Gecko) Chrome/18.0.1025.1634 Safari/535.19 YE"
85.115.248.57 - - [07/Mar/2013:20:40:41 +0400] "GET /images/giuliano_s_112f.png HTTP/1.1" 200 80289 "http://www.xn--80aaagabsufuc5b1amej.xn--p1ai/" "Mozilla/5.0 (Windows NT 6.1; WOW64) AppleWebKit/535.19 (KHTML, like Gecko) Chrome/18.0.1025.1634 Safari/535.19 YE"
85.115.248.57 - - [07/Mar/2013:20:40:41 +0400] "GET /images/hunter_gsp9200.png HTTP/1.1" 200 95787 "http://www.xn--80aaagabsufuc5b1amej.xn--p1ai/" "Mozilla/5.0 (Windows NT 6.1; WOW64) AppleWebKit/535.19 (KHTML, like Gecko) Chrome/18.0.1025.1634 Safari/535.19 YE"
85.115.248.57 - - [07/Mar/2013:20:40:41 +0400] "GET /images/titan_54_00_bridge.png HTTP/1.1" 200 144079 "http://www.xn--80aaagabsufuc5b1amej.xn--p1ai/" "Mozilla/5.0 (Windows NT 6.1; WOW64) AppleWebKit/535.19 (KHTML, like Gecko) Chrome/18.0.1025.1634 Safari/535.19 YE"
85.115.248.57 - - [07/Mar/2013:20:40:42 +0400] "GET /images/slider_text_podl.png HTTP/1.1" 200 10296 "http://www.xn--80aaagabsufuc5b1amej.xn--p1ai/" "Mozilla/5.0 (Windows NT 6.1; WOW64) AppleWebKit/535.19 (KHTML, like Gecko) Chrome/18.0.1025.1634 Safari/535.19 YE"
85.115.248.57 - - [07/Mar/2013:20:40:42 +0400] "GET /images/slider_arrow_right.png HTTP/1.1" 200 1748 "http://www.xn--80aaagabsufuc5b1amej.xn--p1ai/" "Mozilla/5.0 (Windows NT 6.1; WOW64) AppleWebKit/535.19 (KHTML, like Gecko) Chrome/18.0.1025.1634 Safari/535.19 YE"
85.115.248.57 - - [07/Mar/2013:20:40:42 +0400] "GET /images/main_center_bg.png HTTP/1.1" 200 13191 "http://www.xn--80aaagabsufuc5b1amej.xn--p1ai/" "Mozilla/5.0 (Windows NT 6.1; WOW64) AppleWebKit/535.19 (KHTML, like Gecko) Chrome/18.0.1025.1634 Safari/535.19 YE"
85.115.248.57 - - [07/Mar/2013:20:40:42 +0400] "GET /images/siver_e.png HTTP/1.1" 200 148375 "http://www.xn--80aaagabsufuc5b1amej.xn--p1ai/" "Mozilla/5.0 (Windows NT 6.1; WOW64) AppleWebKit/535.19 (KHTML, like Gecko) Chrome/18.0.1025.1634 Safari/535.19 YE"
85.115.248.57 - - [07/Mar/2013:20:40:42 +0400] "GET /images/arrow_left.png HTTP/1.1" 200 951 "http://www.xn--80aaagabsufuc5b1amej.xn--p1ai/" "Mozilla/5.0 (Windows NT 6.1; WOW64) AppleWebKit/535.19 (KHTML, like Gecko) Chrome/18.0.1025.1634 Safari/535.19 YE"
85.115.248.57 - - [07/Mar/2013:20:40:43 +0400] "GET /images/hit_prod_podl.png HTTP/1.1" 200 1490 "http://www.xn--80aaagabsufuc5b1amej.xn--p1ai/" "Mozilla/5.0 (Windows NT 6.1; WOW64) AppleWebKit/535.19 (KHTML, like Gecko) Chrome/18.0.1025.1634 Safari/535.19 YE"
85.115.248.57 - - [07/Mar/2013:20:40:43 +0400] "GET /images/hit_text_podl.png HTTP/1.1" 200 243 "http://www.xn--80aaagabsufuc5b1amej.xn--p1ai/" "Mozilla/5.0 (Windows NT 6.1; WOW64) AppleWebKit/535.19 (KHTML, like Gecko) Chrome/18.0.1025.1634 Safari/535.19 YE"
85.115.248.57 - - [07/Mar/2013:20:40:40 +0400] "GET /images/container_bg.png HTTP/1.1" 200 424962 "http://www.xn--80aaagabsufuc5b1amej.xn--p1ai/" "Mozilla/5.0 (Windows NT 6.1; WOW64) AppleWebKit/535.19 (KHTML, like Gecko) Chrome/18.0.1025.1634 Safari/535.19 YE"
85.115.248.57 - - [07/Mar/2013:20:40:43 +0400] "GET /images/4_270LB40.jpg HTTP/1.1" 200 53265 "http://www.xn--80aaagabsufuc5b1amej.xn--p1ai/" "Mozilla/5.0 (Windows NT 6.1; WOW64) AppleWebKit/535.19 (KHTML, like Gecko) Chrome/18.0.1025.1634 Safari/535.19 YE"
85.115.248.57 - - [07/Mar/2013:20:40:43 +0400] "GET /images/arrow_right.png HTTP/1.1" 200 932 "http://www.xn--80aaagabsufuc5b1amej.xn--p1ai/" "Mozilla/5.0 (Windows NT 6.1; WOW64) AppleWebKit/535.19 (KHTML, like Gecko) Chrome/18.0.1025.1634 Safari/535.19 YE"
