178.154.239.93 - - [05/Mar/2013:01:06:08 +0400] "GET / HTTP/1.1" 200 19058 "-" "Yandex/1.01.001 (compatible; Win16; I)"
217.69.133.68 - - [05/Mar/2013:01:48:03 +0400] "GET /index.php/2012-04-11-10-09-59/106-legkbal/mab-wb255 HTTP/1.0" 404 7983 "-" "Mozilla/5.0 (compatible; Mail.RU_Bot/2.0; +http://go.mail.ru/help/robots)"
217.69.133.68 - - [05/Mar/2013:01:48:06 +0400] "GET /index.php/2012-04-11-10-09-59/110-legkbal/bright-cb-968b HTTP/1.0" 404 7983 "-" "Mozilla/5.0 (compatible; Mail.RU_Bot/2.0; +http://go.mail.ru/help/robots)"
217.69.133.68 - - [05/Mar/2013:01:48:08 +0400] "GET /index.php/2012-04-11-10-09-59/102-legkbal/aeat-td-bl820n HTTP/1.0" 404 7983 "-" "Mozilla/5.0 (compatible; Mail.RU_Bot/2.0; +http://go.mail.ru/help/robots)"
208.115.111.75 - - [05/Mar/2013:01:51:25 +0400] "GET /robots.txt HTTP/1.1" 404 7983 "-" "Mozilla/5.0 (compatible; Ezooms/1.0; ezooms.bot@gmail.com)"
66.249.78.107 - - [05/Mar/2013:02:00:40 +0400] "GET /robots.txt HTTP/1.1" 404 7983 "-" "Mozilla/5.0 (compatible; Googlebot/2.1; +http://www.google.com/bot.html)"
66.249.75.107 - - [05/Mar/2013:02:00:41 +0400] "GET /images/%D0%B2%D1%83%D0%BB%D0%BA%D0%B0%D0%BD300.jpg HTTP/1.1" 200 35762 "-" "Googlebot-Image/1.0"
208.115.111.75 - - [05/Mar/2013:03:03:39 +0400] "GET /index.php/2011-12-06-19-41-54/item/modena-mo-242cf-2?category_id=31 HTTP/1.1" 404 7983 "-" "Mozilla/5.0 (compatible; Ezooms/1.0; ezooms.bot@gmail.com)"
66.249.78.107 - - [05/Mar/2013:03:18:25 +0400] "GET /index.php/2011-12-06-19-41-54/item/modena-253ebmo-254eb?category_id=31 HTTP/1.1" 404 7983 "-" "Mozilla/5.0 (compatible; Googlebot/2.1; +http://www.google.com/bot.html)"
217.69.133.68 - - [05/Mar/2013:03:23:23 +0400] "GET /index.php/2012-04-11-10-09-59/112-legkbal/hunter-dsp9200 HTTP/1.0" 404 7983 "-" "Mozilla/5.0 (compatible; Mail.RU_Bot/2.0; +http://go.mail.ru/help/robots)"
217.69.133.68 - - [05/Mar/2013:03:23:25 +0400] "GET /index.php/2012-04-11-10-09-59/61-legkbal/hunter-gsp9200-lcd HTTP/1.0" 404 7983 "-" "Mozilla/5.0 (compatible; Mail.RU_Bot/2.0; +http://go.mail.ru/help/robots)"
217.69.133.68 - - [05/Mar/2013:03:23:27 +0400] "GET /index.php/2012-04-11-10-09-59/109-legkbal/cemb-k-10 HTTP/1.0" 404 7983 "-" "Mozilla/5.0 (compatible; Mail.RU_Bot/2.0; +http://go.mail.ru/help/robots)"
217.69.133.68 - - [05/Mar/2013:03:23:29 +0400] "GET /index.php/2012-04-11-10-09-59/105-legkbal/bright-cb-910b HTTP/1.0" 404 7983 "-" "Mozilla/5.0 (compatible; Mail.RU_Bot/2.0; +http://go.mail.ru/help/robots)"
66.249.78.81 - - [05/Mar/2013:03:24:56 +0400] "GET /index.php/2011-12-06-19-41-54/item/modena-253ebmo-254eb HTTP/1.1" 404 7983 "-" "Mozilla/5.0 (compatible; Googlebot/2.1; +http://www.google.com/bot.html)"
66.249.78.81 - - [05/Mar/2013:03:31:26 +0400] "GET /index.php/2011-12-06-19-41-54/item/modena-253ebmo-254eb?category_id=31 HTTP/1.1" 404 7983 "-" "Mozilla/5.0 (compatible; Googlebot/2.1; +http://www.google.com/bot.html)"
208.115.113.91 - - [05/Mar/2013:03:57:06 +0400] "GET /robots.txt HTTP/1.1" 404 7983 "-" "Mozilla/5.0 (compatible; Ezooms/1.0; ezooms.bot@gmail.com)"
217.69.133.68 - - [05/Mar/2013:04:58:48 +0400] "GET /index.php/2012-04-11-10-09-59/108-legkbal/bright-cb-958b HTTP/1.0" 404 7983 "-" "Mozilla/5.0 (compatible; Mail.RU_Bot/2.0; +http://go.mail.ru/help/robots)"
217.69.133.68 - - [05/Mar/2013:05:05:36 +0400] "GET /index.php/siver/126-siver-n HTTP/1.0" 404 7983 "-" "Mozilla/5.0 (compatible; Mail.RU_Bot/2.0; +http://go.mail.ru/help/robots)"
178.137.89.23 - - [05/Mar/2013:05:17:50 +0400] "GET /index.php/2011-12-06-19-41-54/55-dvuh/tlt-240sb-380-220-4-launch/41-tlt-240sb-380-220-4-launch+Result:+%ED%E5+%ED%E0%F8%EB%EE%F1%FC+%F4%EE%F0%EC%FB+%E4%EB%FF+%EE%F2%EF%F0%E0%E2%EA%E8; HTTP/1.0" 404 7983 "http://bestplaceget3797.myfreehosting.ru/igrovye-avtomaty-klubnichka-oplata-cherez-sms.html" "Mozilla/5.0 (Windows NT 5.1; rv:8.0) Gecko/20100101 Firefox/8.0"
178.137.89.23 - - [05/Mar/2013:05:17:51 +0400] "GET / HTTP/1.0" 200 19058 "http://xn--80aaagabsufuc5b1amej.xn--p1ai/" "Mozilla/5.0 (Windows NT 5.1; rv:8.0) Gecko/20100101 Firefox/8.0"
208.115.113.91 - - [05/Mar/2013:05:18:27 +0400] "GET /index.php/162-2011-11-23-11-32-01/2011-11-23-11-34-48/mdn/mdn2st/mo4 HTTP/1.1" 404 7983 "-" "Mozilla/5.0 (compatible; Ezooms/1.0; ezooms.bot@gmail.com)"
208.115.113.91 - - [05/Mar/2013:05:18:31 +0400] "GET /index.php/2011-12-06-19-41-54/item/launch-tlt240sb?category_id=20 HTTP/1.1" 404 7983 "-" "Mozilla/5.0 (compatible; Ezooms/1.0; ezooms.bot@gmail.com)"
37.140.141.12 - - [05/Mar/2013:05:43:10 +0400] "GET /robots.txt HTTP/1.1" 404 7983 "-" "Mozilla/5.0 (compatible; YandexBot/3.0; +http://yandex.com/bots)"
37.140.141.12 - - [05/Mar/2013:05:43:11 +0400] "GET /robots.txt HTTP/1.1" 404 7983 "-" "Mozilla/5.0 (compatible; YandexBot/3.0; +http://yandex.com/bots)"
37.140.141.12 - - [05/Mar/2013:05:43:13 +0400] "GET / HTTP/1.1" 200 19058 "-" "Mozilla/5.0 (compatible; YandexBot/3.0; MirrorDetector; +http://yandex.com/bots)"
37.140.141.12 - - [05/Mar/2013:05:43:13 +0400] "GET / HTTP/1.1" 200 19058 "-" "Mozilla/5.0 (compatible; YandexBot/3.0; MirrorDetector; +http://yandex.com/bots)"
37.140.141.12 - - [05/Mar/2013:05:43:18 +0400] "GET / HTTP/1.1" 200 19058 "-" "Mozilla/5.0 (compatible; YandexBot/3.0; MirrorDetector; +http://yandex.com/bots)"
37.140.141.12 - - [05/Mar/2013:05:43:18 +0400] "GET / HTTP/1.1" 200 19058 "-" "Mozilla/5.0 (compatible; YandexBot/3.0; MirrorDetector; +http://yandex.com/bots)"
208.115.111.75 - - [05/Mar/2013:05:53:49 +0400] "GET /robots.txt HTTP/1.1" 404 7983 "-" "Mozilla/5.0 (compatible; Ezooms/1.0; ezooms.bot@gmail.com)"
208.115.111.75 - - [05/Mar/2013:05:53:49 +0400] "GET /robots.txt HTTP/1.1" 404 7983 "-" "Mozilla/5.0 (compatible; Ezooms/1.0; ezooms.bot@gmail.com)"
195.239.178.205 - - [05/Mar/2013:06:07:28 +0400] "GET / HTTP/1.0" 200 19058 "-" "Mozilla/5.0 (compatible; Nigma.ru/3.0; crawler@nigma.ru)"
217.69.133.68 - - [05/Mar/2013:06:34:07 +0400] "GET /index.php/2012-04-11-10-09-59/114-legkbal/hunter-gsp9700 HTTP/1.0" 404 7983 "-" "Mozilla/5.0 (compatible; Mail.RU_Bot/2.0; +http://go.mail.ru/help/robots)"
217.69.133.68 - - [05/Mar/2013:06:34:10 +0400] "GET /index.php/2012-04-11-10-09-59/104-legkbal/aeat-td-dst920bn HTTP/1.0" 404 7983 "-" "Mozilla/5.0 (compatible; Mail.RU_Bot/2.0; +http://go.mail.ru/help/robots)"
217.69.133.68 - - [05/Mar/2013:06:34:12 +0400] "GET /index.php/2012-04-11-10-09-59/111-legkbal/cemb-c-72 HTTP/1.0" 404 7983 "-" "Mozilla/5.0 (compatible; Mail.RU_Bot/2.0; +http://go.mail.ru/help/robots)"
217.69.133.68 - - [05/Mar/2013:06:34:14 +0400] "GET /index.php/2012-04-11-10-09-59/107-legkbal/bright-cb-956b HTTP/1.0" 404 7983 "-" "Mozilla/5.0 (compatible; Mail.RU_Bot/2.0; +http://go.mail.ru/help/robots)"
208.115.111.75 - - [05/Mar/2013:06:39:12 +0400] "GET /index.php/2012-04-11-10-09-59/69-gruzbal HTTP/1.1" 404 7983 "-" "Mozilla/5.0 (compatible; Ezooms/1.0; ezooms.bot@gmail.com)"
208.115.111.75 - - [05/Mar/2013:06:39:14 +0400] "GET /index.php/2012-04-11-10-09-59/110-legkbal/bright-cb-968b HTTP/1.1" 404 7983 "-" "Mozilla/5.0 (compatible; Ezooms/1.0; ezooms.bot@gmail.com)"
208.115.111.75 - - [05/Mar/2013:06:39:18 +0400] "GET / HTTP/1.1" 200 19058 "-" "Mozilla/5.0 (compatible; Ezooms/1.0; ezooms.bot@gmail.com)"
66.249.78.107 - - [05/Mar/2013:06:41:32 +0400] "GET /images/30proc.jpg HTTP/1.1" 404 7983 "-" "Googlebot-Image/1.0"
66.249.78.81 - - [05/Mar/2013:07:04:17 +0400] "GET /robots.txt HTTP/1.1" 404 7983 "-" "Mozilla/5.0 (compatible; Googlebot/2.1; +http://www.google.com/bot.html)"
66.249.78.81 - - [05/Mar/2013:07:04:17 +0400] "GET / HTTP/1.1" 200 19058 "-" "Mozilla/5.0 (compatible; Googlebot/2.1; +http://www.google.com/bot.html)"
208.115.113.91 - - [05/Mar/2013:07:55:18 +0400] "GET /robots.txt HTTP/1.1" 404 7983 "-" "Mozilla/5.0 (compatible; Ezooms/1.0; ezooms.bot@gmail.com)"
217.69.133.68 - - [05/Mar/2013:08:09:41 +0400] "GET /index.php/2012-04-11-10-09-59/101-legkbal/aeat-td-bl520n HTTP/1.0" 404 7983 "-" "Mozilla/5.0 (compatible; Mail.RU_Bot/2.0; +http://go.mail.ru/help/robots)"
217.69.133.68 - - [05/Mar/2013:08:09:43 +0400] "GET /index.php/2012-04-11-10-09-59/103-legkbal/aeat-td-bl822n HTTP/1.0" 404 7983 "-" "Mozilla/5.0 (compatible; Mail.RU_Bot/2.0; +http://go.mail.ru/help/robots)"
66.249.78.107 - - [05/Mar/2013:08:30:11 +0400] "GET /index.php/2011-12-06-19-41-54/item/aet-f6106 HTTP/1.1" 404 7983 "-" "Mozilla/5.0 (compatible; Googlebot/2.1; +http://www.google.com/bot.html)"
66.249.78.107 - - [05/Mar/2013:08:57:36 +0400] "GET /index.php/2011-12-06-19-41-54/category/%D0%BF%D0%BE%D0%B4%D1%8A%D0%B5%D0%BC%D0%BD%D0%BE%D0%B5-%D0%BE%D0%B1%D0%BE%D1%80%D1%83%D0%B4%D0%BE%D0%B2%D0%B0%D0%BD%D0%B8%D0%B5-modena HTTP/1.1" 404 7983 "-" "Mozilla/5.0 (compatible; Googlebot/2.1; +http://www.google.com/bot.html)"
37.140.141.12 - - [05/Mar/2013:09:02:19 +0400] "GET /catalog/product/14 HTTP/1.1" 200 23134 "-" "Mozilla/5.0 (compatible; YandexBot/3.0; +http://yandex.com/bots)"
37.140.141.12 - - [05/Mar/2013:09:12:07 +0400] "GET /catalog/product/27 HTTP/1.1" 200 14996 "-" "Mozilla/5.0 (compatible; YandexBot/3.0; +http://yandex.com/bots)"
208.115.113.91 - - [05/Mar/2013:09:14:43 +0400] "GET /index.php/2012-01-20-16-51-42/item/hunter-pa130-dsp708?category_id=3 HTTP/1.1" 404 7983 "-" "Mozilla/5.0 (compatible; Ezooms/1.0; ezooms.bot@gmail.com)"
208.115.113.91 - - [05/Mar/2013:09:14:46 +0400] "GET /index.php/73-2011-11-23-11-32-01/2011-11-23-11-34-08/shinlegk HTTP/1.1" 404 7983 "-" "Mozilla/5.0 (compatible; Ezooms/1.0; ezooms.bot@gmail.com)"
208.115.113.91 - - [05/Mar/2013:09:14:48 +0400] "GET /index.php/diskopravi HTTP/1.1" 404 7983 "-" "Mozilla/5.0 (compatible; Ezooms/1.0; ezooms.bot@gmail.com)"
66.249.78.107 - - [05/Mar/2013:09:19:27 +0400] "GET /index.php/2011-12-14-13-33-12 HTTP/1.1" 404 7983 "-" "SAMSUNG-SGH-E250/1.0 Profile/MIDP-2.0 Configuration/CLDC-1.1 UP.Browser/6.2.3.3.c.1.101 (GUI) MMP/2.0 (compatible; Googlebot-Mobile/2.1; +http://www.google.com/bot.html)"
37.140.141.12 - - [05/Mar/2013:09:34:34 +0400] "GET /catalog/product/12 HTTP/1.1" 200 11803 "-" "Mozilla/5.0 (compatible; YandexBot/3.0; +http://yandex.com/bots)"
37.140.141.12 - - [05/Mar/2013:09:45:44 +0400] "GET /catalog/product/28 HTTP/1.1" 200 15059 "-" "Mozilla/5.0 (compatible; YandexBot/3.0; +http://yandex.com/bots)"
66.249.78.107 - - [05/Mar/2013:09:54:48 +0400] "GET /index.php/98-2011-11-23-11-32-01/rs/rs HTTP/1.1" 404 7983 "-" "Mozilla/5.0 (compatible; Googlebot/2.1; +http://www.google.com/bot.html)"
37.140.141.12 - - [05/Mar/2013:10:00:36 +0400] "GET /catalog/product/10 HTTP/1.1" 200 13255 "-" "Mozilla/5.0 (compatible; YandexBot/3.0; +http://yandex.com/bots)"
37.140.141.12 - - [05/Mar/2013:10:14:39 +0400] "GET /catalog/product/6 HTTP/1.1" 200 11182 "-" "Mozilla/5.0 (compatible; YandexBot/3.0; +http://yandex.com/bots)"
37.140.141.12 - - [05/Mar/2013:10:32:03 +0400] "GET /catalog/product/15 HTTP/1.1" 200 12382 "-" "Mozilla/5.0 (compatible; YandexBot/3.0; +http://yandex.com/bots)"
217.114.176.50 - - [05/Mar/2013:10:35:51 +0400] "GET /index.php/siver HTTP/1.1" 404 7983 "http://www.google.ru/url?sa=t&rct=j&q=%D1%81%D1%82%D0%B0%D0%BF%D0%B5%D0%BB%D1%8F&source=web&cd=15&ved=0CF4QFjAEOAo&url=http%3A%2F%2Fxn--80aaagabsufuc5b1amej.xn--p1ai%2Findex.php%2Fsiver&ei=JJI1UfeDM8e1PZaRgdgD&usg=AFQjCNEeHEV-PXSLHoW81zCaTuKx7pi-8g&cad=rjt" "Mozilla/5.0 (Windows NT 5.1) AppleWebKit/537.22 (KHTML, like Gecko) Chrome/25.0.1364.97 Safari/537.22"
217.114.176.50 - - [05/Mar/2013:10:35:52 +0400] "GET /css/style.css HTTP/1.1" 200 996 "http://xn--80aaagabsufuc5b1amej.xn--p1ai/index.php/siver" "Mozilla/5.0 (Windows NT 5.1) AppleWebKit/537.22 (KHTML, like Gecko) Chrome/25.0.1364.97 Safari/537.22"
217.114.176.50 - - [05/Mar/2013:10:35:52 +0400] "GET /css/auto.css HTTP/1.1" 200 10660 "http://xn--80aaagabsufuc5b1amej.xn--p1ai/index.php/siver" "Mozilla/5.0 (Windows NT 5.1) AppleWebKit/537.22 (KHTML, like Gecko) Chrome/25.0.1364.97 Safari/537.22"
217.114.176.50 - - [05/Mar/2013:10:35:52 +0400] "GET /css/bootstrap-responsive.min.css HTTP/1.1" 200 16520 "http://xn--80aaagabsufuc5b1amej.xn--p1ai/index.php/siver" "Mozilla/5.0 (Windows NT 5.1) AppleWebKit/537.22 (KHTML, like Gecko) Chrome/25.0.1364.97 Safari/537.22"
217.114.176.50 - - [05/Mar/2013:10:35:52 +0400] "GET /js/auto.js HTTP/1.1" 200 2631 "http://xn--80aaagabsufuc5b1amej.xn--p1ai/index.php/siver" "Mozilla/5.0 (Windows NT 5.1) AppleWebKit/537.22 (KHTML, like Gecko) Chrome/25.0.1364.97 Safari/537.22"
217.114.176.50 - - [05/Mar/2013:10:35:52 +0400] "GET /css/bootstrap.min.css HTTP/1.1" 200 101265 "http://xn--80aaagabsufuc5b1amej.xn--p1ai/index.php/siver" "Mozilla/5.0 (Windows NT 5.1) AppleWebKit/537.22 (KHTML, like Gecko) Chrome/25.0.1364.97 Safari/537.22"
217.114.176.50 - - [05/Mar/2013:10:35:52 +0400] "GET /js/jquery.min.js HTTP/1.1" 200 93636 "http://xn--80aaagabsufuc5b1amej.xn--p1ai/index.php/siver" "Mozilla/5.0 (Windows NT 5.1) AppleWebKit/537.22 (KHTML, like Gecko) Chrome/25.0.1364.97 Safari/537.22"
217.114.176.50 - - [05/Mar/2013:10:35:52 +0400] "GET /js/bootstrap.min.js HTTP/1.1" 200 25743 "http://xn--80aaagabsufuc5b1amej.xn--p1ai/index.php/siver" "Mozilla/5.0 (Windows NT 5.1) AppleWebKit/537.22 (KHTML, like Gecko) Chrome/25.0.1364.97 Safari/537.22"
217.114.176.50 - - [05/Mar/2013:10:35:52 +0400] "GET /ckeditor/ckeditor.js HTTP/1.1" 200 454073 "http://xn--80aaagabsufuc5b1amej.xn--p1ai/index.php/siver" "Mozilla/5.0 (Windows NT 5.1) AppleWebKit/537.22 (KHTML, like Gecko) Chrome/25.0.1364.97 Safari/537.22"
217.114.176.50 - - [05/Mar/2013:10:35:54 +0400] "GET /images/main_podl.jpg HTTP/1.1" 200 9218 "http://xn--80aaagabsufuc5b1amej.xn--p1ai/index.php/siver" "Mozilla/5.0 (Windows NT 5.1) AppleWebKit/537.22 (KHTML, like Gecko) Chrome/25.0.1364.97 Safari/537.22"
217.114.176.50 - - [05/Mar/2013:10:35:54 +0400] "GET /images/slider_arrow_left.png HTTP/1.1" 200 1743 "http://xn--80aaagabsufuc5b1amej.xn--p1ai/index.php/siver" "Mozilla/5.0 (Windows NT 5.1) AppleWebKit/537.22 (KHTML, like Gecko) Chrome/25.0.1364.97 Safari/537.22"
217.114.176.50 - - [05/Mar/2013:10:35:54 +0400] "GET /images/menu_gran.png HTTP/1.1" 200 279 "http://xn--80aaagabsufuc5b1amej.xn--p1ai/index.php/siver" "Mozilla/5.0 (Windows NT 5.1) AppleWebKit/537.22 (KHTML, like Gecko) Chrome/25.0.1364.97 Safari/537.22"
217.114.176.50 - - [05/Mar/2013:10:35:54 +0400] "GET /images/menu_logo_TK.png HTTP/1.1" 200 1922 "http://xn--80aaagabsufuc5b1amej.xn--p1ai/index.php/siver" "Mozilla/5.0 (Windows NT 5.1) AppleWebKit/537.22 (KHTML, like Gecko) Chrome/25.0.1364.97 Safari/537.22"
217.114.176.50 - - [05/Mar/2013:10:35:54 +0400] "GET /images/modena_mo_230mr.png HTTP/1.1" 200 117372 "http://xn--80aaagabsufuc5b1amej.xn--p1ai/index.php/siver" "Mozilla/5.0 (Windows NT 5.1) AppleWebKit/537.22 (KHTML, like Gecko) Chrome/25.0.1364.97 Safari/537.22"
217.114.176.50 - - [05/Mar/2013:10:35:54 +0400] "GET /images/hunter_gsp9200.png HTTP/1.1" 200 95787 "http://xn--80aaagabsufuc5b1amej.xn--p1ai/index.php/siver" "Mozilla/5.0 (Windows NT 5.1) AppleWebKit/537.22 (KHTML, like Gecko) Chrome/25.0.1364.97 Safari/537.22"
217.114.176.50 - - [05/Mar/2013:10:35:54 +0400] "GET /images/giuliano_s_112f.png HTTP/1.1" 200 80289 "http://xn--80aaagabsufuc5b1amej.xn--p1ai/index.php/siver" "Mozilla/5.0 (Windows NT 5.1) AppleWebKit/537.22 (KHTML, like Gecko) Chrome/25.0.1364.97 Safari/537.22"
217.114.176.50 - - [05/Mar/2013:10:35:54 +0400] "GET /images/titan_54_00_bridge.png HTTP/1.1" 200 144079 "http://xn--80aaagabsufuc5b1amej.xn--p1ai/index.php/siver" "Mozilla/5.0 (Windows NT 5.1) AppleWebKit/537.22 (KHTML, like Gecko) Chrome/25.0.1364.97 Safari/537.22"
217.114.176.50 - - [05/Mar/2013:10:35:54 +0400] "GET /images/container_bg.png HTTP/1.1" 200 424962 "http://xn--80aaagabsufuc5b1amej.xn--p1ai/index.php/siver" "Mozilla/5.0 (Windows NT 5.1) AppleWebKit/537.22 (KHTML, like Gecko) Chrome/25.0.1364.97 Safari/537.22"
217.114.176.50 - - [05/Mar/2013:10:35:55 +0400] "GET /images/siver_e.png HTTP/1.1" 200 148375 "http://xn--80aaagabsufuc5b1amej.xn--p1ai/index.php/siver" "Mozilla/5.0 (Windows NT 5.1) AppleWebKit/537.22 (KHTML, like Gecko) Chrome/25.0.1364.97 Safari/537.22"
217.114.176.50 - - [05/Mar/2013:10:35:55 +0400] "GET /images/slider_arrow_right.png HTTP/1.1" 200 1748 "http://xn--80aaagabsufuc5b1amej.xn--p1ai/index.php/siver" "Mozilla/5.0 (Windows NT 5.1) AppleWebKit/537.22 (KHTML, like Gecko) Chrome/25.0.1364.97 Safari/537.22"
217.114.176.50 - - [05/Mar/2013:10:35:55 +0400] "GET /images/slider_text_podl.png HTTP/1.1" 200 10296 "http://xn--80aaagabsufuc5b1amej.xn--p1ai/index.php/siver" "Mozilla/5.0 (Windows NT 5.1) AppleWebKit/537.22 (KHTML, like Gecko) Chrome/25.0.1364.97 Safari/537.22"
217.114.176.50 - - [05/Mar/2013:10:35:55 +0400] "GET /images/footer_up.png HTTP/1.1" 200 2221 "http://xn--80aaagabsufuc5b1amej.xn--p1ai/index.php/siver" "Mozilla/5.0 (Windows NT 5.1) AppleWebKit/537.22 (KHTML, like Gecko) Chrome/25.0.1364.97 Safari/537.22"
217.114.176.50 - - [05/Mar/2013:10:35:55 +0400] "GET /images/foot_bg.png HTTP/1.1" 200 15921 "http://xn--80aaagabsufuc5b1amej.xn--p1ai/index.php/siver" "Mozilla/5.0 (Windows NT 5.1) AppleWebKit/537.22 (KHTML, like Gecko) Chrome/25.0.1364.97 Safari/537.22"
217.114.176.50 - - [05/Mar/2013:10:35:55 +0400] "GET /images/footer_arrow.png HTTP/1.1" 200 256 "http://xn--80aaagabsufuc5b1amej.xn--p1ai/index.php/siver" "Mozilla/5.0 (Windows NT 5.1) AppleWebKit/537.22 (KHTML, like Gecko) Chrome/25.0.1364.97 Safari/537.22"
217.114.176.50 - - [05/Mar/2013:10:35:55 +0400] "GET /images/favicon.ico HTTP/1.1" 200 1150 "-" "Mozilla/5.0 (Windows NT 5.1) AppleWebKit/537.22 (KHTML, like Gecko) Chrome/25.0.1364.97 Safari/537.22"
217.114.176.50 - - [05/Mar/2013:10:36:13 +0400] "GET /images/menu_current.jpg HTTP/1.1" 200 11503 "http://xn--80aaagabsufuc5b1amej.xn--p1ai/index.php/siver" "Mozilla/5.0 (Windows NT 5.1) AppleWebKit/537.22 (KHTML, like Gecko) Chrome/25.0.1364.97 Safari/537.22"
217.114.176.50 - - [05/Mar/2013:10:36:14 +0400] "GET /catalog HTTP/1.1" 200 19022 "http://xn--80aaagabsufuc5b1amej.xn--p1ai/index.php/siver" "Mozilla/5.0 (Windows NT 5.1) AppleWebKit/537.22 (KHTML, like Gecko) Chrome/25.0.1364.97 Safari/537.22"
217.114.176.50 - - [05/Mar/2013:10:36:15 +0400] "GET /images/main_center_bg_cat.png HTTP/1.1" 200 13811 "http://xn--80aaagabsufuc5b1amej.xn--p1ai/catalog" "Mozilla/5.0 (Windows NT 5.1) AppleWebKit/537.22 (KHTML, like Gecko) Chrome/25.0.1364.97 Safari/537.22"
217.114.176.50 - - [05/Mar/2013:10:36:15 +0400] "GET /images/hit_prod_podl.png HTTP/1.1" 200 1490 "http://xn--80aaagabsufuc5b1amej.xn--p1ai/catalog" "Mozilla/5.0 (Windows NT 5.1) AppleWebKit/537.22 (KHTML, like Gecko) Chrome/25.0.1364.97 Safari/537.22"
217.114.176.50 - - [05/Mar/2013:10:36:15 +0400] "GET /images/hit_text_podl.png HTTP/1.1" 200 243 "http://xn--80aaagabsufuc5b1amej.xn--p1ai/catalog" "Mozilla/5.0 (Windows NT 5.1) AppleWebKit/537.22 (KHTML, like Gecko) Chrome/25.0.1364.97 Safari/537.22"
217.114.176.50 - - [05/Mar/2013:10:36:15 +0400] "GET /images/podveska.jpg HTTP/1.1" 200 29169 "http://xn--80aaagabsufuc5b1amej.xn--p1ai/catalog" "Mozilla/5.0 (Windows NT 5.1) AppleWebKit/537.22 (KHTML, like Gecko) Chrome/25.0.1364.97 Safari/537.22"
217.114.176.50 - - [05/Mar/2013:10:36:15 +0400] "GET /images/elit.jpg HTTP/1.1" 200 74194 "http://xn--80aaagabsufuc5b1amej.xn--p1ai/catalog" "Mozilla/5.0 (Windows NT 5.1) AppleWebKit/537.22 (KHTML, like Gecko) Chrome/25.0.1364.97 Safari/537.22"
217.114.176.50 - - [05/Mar/2013:10:36:15 +0400] "GET /images/compr-group.jpg HTTP/1.1" 200 50739 "http://xn--80aaagabsufuc5b1amej.xn--p1ai/catalog" "Mozilla/5.0 (Windows NT 5.1) AppleWebKit/537.22 (KHTML, like Gecko) Chrome/25.0.1364.97 Safari/537.22"
217.114.176.50 - - [05/Mar/2013:10:36:15 +0400] "GET /images/shinomontaj-%20na%20razdel.jpg HTTP/1.1" 200 137909 "http://xn--80aaagabsufuc5b1amej.xn--p1ai/catalog" "Mozilla/5.0 (Windows NT 5.1) AppleWebKit/537.22 (KHTML, like Gecko) Chrome/25.0.1364.97 Safari/537.22"
217.114.176.50 - - [05/Mar/2013:10:36:16 +0400] "GET /images/%D0%B2%D1%83%D0%BB%D0%BA%D0%B0%D0%BD300.jpg HTTP/1.1" 200 35762 "http://xn--80aaagabsufuc5b1amej.xn--p1ai/catalog" "Mozilla/5.0 (Windows NT 5.1) AppleWebKit/537.22 (KHTML, like Gecko) Chrome/25.0.1364.97 Safari/537.22"
217.114.176.50 - - [05/Mar/2013:10:36:16 +0400] "GET /images/%D0%B4%D0%B8%D1%81%D0%BA%D0%BE%D0%BF%D1%80%D0%B0%D0%B2%2056%2000.jpg HTTP/1.1" 200 129877 "http://xn--80aaagabsufuc5b1amej.xn--p1ai/catalog" "Mozilla/5.0 (Windows NT 5.1) AppleWebKit/537.22 (KHTML, like Gecko) Chrome/25.0.1364.97 Safari/537.22"
217.114.176.50 - - [05/Mar/2013:10:36:16 +0400] "GET /images/siver_de_kopiya.png HTTP/1.1" 200 336001 "http://xn--80aaagabsufuc5b1amej.xn--p1ai/catalog" "Mozilla/5.0 (Windows NT 5.1) AppleWebKit/537.22 (KHTML, like Gecko) Chrome/25.0.1364.97 Safari/537.22"
217.114.176.50 - - [05/Mar/2013:10:36:35 +0400] "GET /index.php/siver HTTP/1.1" 404 7983 "http://www.google.ru/url?sa=t&rct=j&q=%D1%81%D1%82%D0%B0%D0%BF%D0%B5%D0%BB%D1%8F&source=web&cd=15&ved=0CF4QFjAEOAo&url=http%3A%2F%2Fxn--80aaagabsufuc5b1amej.xn--p1ai%2Findex.php%2Fsiver&ei=JJI1UfeDM8e1PZaRgdgD&usg=AFQjCNEeHEV-PXSLHoW81zCaTuKx7pi-8g&cad=rjt" "Mozilla/5.0 (Windows NT 5.1) AppleWebKit/537.22 (KHTML, like Gecko) Chrome/25.0.1364.97 Safari/537.22"
217.114.176.50 - - [05/Mar/2013:10:36:40 +0400] "GET /index.php/siver HTTP/1.1" 404 7983 "http://www.google.ru/url?sa=t&rct=j&q=%D1%81%D1%82%D0%B0%D0%BF%D0%B5%D0%BB%D1%8F&source=web&cd=15&ved=0CF4QFjAEOAo&url=http%3A%2F%2Fxn--80aaagabsufuc5b1amej.xn--p1ai%2Findex.php%2Fsiver&ei=JJI1UfeDM8e1PZaRgdgD&usg=AFQjCNEeHEV-PXSLHoW81zCaTuKx7pi-8g&cad=rjt" "Mozilla/5.0 (Windows NT 5.1) AppleWebKit/537.22 (KHTML, like Gecko) Chrome/25.0.1364.97 Safari/537.22"
217.114.176.50 - - [05/Mar/2013:10:36:43 +0400] "GET /catalog HTTP/1.1" 200 19022 "http://xn--80aaagabsufuc5b1amej.xn--p1ai/index.php/siver" "Mozilla/5.0 (Windows NT 5.1) AppleWebKit/537.22 (KHTML, like Gecko) Chrome/25.0.1364.97 Safari/537.22"
217.114.176.50 - - [05/Mar/2013:10:36:57 +0400] "GET /catalog/list/12 HTTP/1.1" 200 10164 "http://xn--80aaagabsufuc5b1amej.xn--p1ai/catalog" "Mozilla/5.0 (Windows NT 5.1) AppleWebKit/537.22 (KHTML, like Gecko) Chrome/25.0.1364.97 Safari/537.22"
217.114.176.50 - - [05/Mar/2013:10:36:58 +0400] "GET /favicon.ico HTTP/1.1" 404 7983 "-" "Mozilla/5.0 (Windows NT 5.1) AppleWebKit/537.22 (KHTML, like Gecko) Chrome/25.0.1364.97 Safari/537.22"
37.140.141.12 - - [05/Mar/2013:10:41:30 +0400] "GET /catalog/product/16 HTTP/1.1" 200 12369 "-" "Mozilla/5.0 (compatible; YandexBot/3.0; +http://yandex.com/bots)"
66.249.78.107 - - [05/Mar/2013:10:49:22 +0400] "GET /index.php/2011-11-21-15-43-43/41-2011-12-14-13-55-44/acm-3000/28-acm-3000 HTTP/1.1" 404 7983 "-" "Mozilla/5.0 (compatible; Googlebot/2.1; +http://www.google.com/bot.html)"
66.249.75.107 - - [05/Mar/2013:10:57:03 +0400] "GET /index.php/2011-12-06-20-18-46 HTTP/1.1" 404 7983 "-" "DoCoMo/2.0 N905i(c100;TB;W24H16) (compatible; Googlebot-Mobile/2.1; +http://www.google.com/bot.html)"
37.140.141.12 - - [05/Mar/2013:10:58:48 +0400] "GET /catalog/product/22 HTTP/1.1" 200 11607 "-" "Mozilla/5.0 (compatible; YandexBot/3.0; +http://yandex.com/bots)"
37.140.141.12 - - [05/Mar/2013:11:07:14 +0400] "GET /catalog/product/24 HTTP/1.1" 200 12188 "-" "Mozilla/5.0 (compatible; YandexBot/3.0; +http://yandex.com/bots)"
66.249.78.107 - - [05/Mar/2013:11:10:20 +0400] "GET /index.php/2011-11-21-15-43-43/31-2011-11-23-11-35-00/----titan-5400/20-titan-1400-junior HTTP/1.1" 404 7983 "-" "Mozilla/5.0 (compatible; Googlebot/2.1; +http://www.google.com/bot.html)"
37.140.141.12 - - [05/Mar/2013:11:10:38 +0400] "GET /catalog HTTP/1.1" 200 19022 "-" "Mozilla/5.0 (compatible; YandexBot/3.0; +http://yandex.com/bots)"
37.140.141.12 - - [05/Mar/2013:11:12:53 +0400] "GET /catalog/list/7 HTTP/1.1" 200 11056 "-" "Mozilla/5.0 (compatible; YandexBot/3.0; +http://yandex.com/bots)"
37.140.141.12 - - [05/Mar/2013:11:12:55 +0400] "GET /catalog/list/16 HTTP/1.1" 200 10151 "-" "Mozilla/5.0 (compatible; YandexBot/3.0; +http://yandex.com/bots)"
37.140.141.12 - - [05/Mar/2013:11:15:09 +0400] "GET /catalog/list/12 HTTP/1.1" 200 10164 "-" "Mozilla/5.0 (compatible; YandexBot/3.0; +http://yandex.com/bots)"
37.140.141.12 - - [05/Mar/2013:11:16:37 +0400] "GET /catalog/list/17 HTTP/1.1" 200 13812 "-" "Mozilla/5.0 (compatible; YandexBot/3.0; +http://yandex.com/bots)"
37.140.141.12 - - [05/Mar/2013:11:17:01 +0400] "GET /catalog/list/8 HTTP/1.1" 200 11384 "-" "Mozilla/5.0 (compatible; YandexBot/3.0; +http://yandex.com/bots)"
37.140.141.12 - - [05/Mar/2013:11:20:43 +0400] "GET /catalog/list/9 HTTP/1.1" 200 10997 "-" "Mozilla/5.0 (compatible; YandexBot/3.0; +http://yandex.com/bots)"
37.140.141.12 - - [05/Mar/2013:11:24:22 +0400] "GET /catalog/list/11 HTTP/1.1" 200 10749 "-" "Mozilla/5.0 (compatible; YandexBot/3.0; +http://yandex.com/bots)"
217.69.133.68 - - [05/Mar/2013:11:30:02 +0400] "GET /index.php/siver/133-krugi HTTP/1.0" 404 7983 "-" "Mozilla/5.0 (compatible; Mail.RU_Bot/2.0; +http://go.mail.ru/help/robots)"
37.140.141.12 - - [05/Mar/2013:11:44:58 +0400] "GET /catalog/product/23 HTTP/1.1" 200 12377 "-" "Mozilla/5.0 (compatible; YandexBot/3.0; +http://yandex.com/bots)"
208.115.113.91 - - [05/Mar/2013:11:56:07 +0400] "GET /robots.txt HTTP/1.1" 404 7983 "-" "Mozilla/5.0 (compatible; Ezooms/1.0; ezooms.bot@gmail.com)"
208.115.113.91 - - [05/Mar/2013:11:56:07 +0400] "GET /robots.txt HTTP/1.1" 404 7983 "-" "Mozilla/5.0 (compatible; Ezooms/1.0; ezooms.bot@gmail.com)"
37.140.141.12 - - [05/Mar/2013:11:57:52 +0400] "GET /catalog/product/25 HTTP/1.1" 200 12161 "-" "Mozilla/5.0 (compatible; YandexBot/3.0; +http://yandex.com/bots)"
37.140.141.12 - - [05/Mar/2013:12:09:25 +0400] "GET /catalog/product/26 HTTP/1.1" 200 12695 "-" "Mozilla/5.0 (compatible; YandexBot/3.0; +http://yandex.com/bots)"
37.140.141.12 - - [05/Mar/2013:12:10:37 +0400] "GET /catalog/list/12 HTTP/1.1" 200 10164 "-" "Mozilla/5.0 (compatible; YandexBot/3.0; +http://yandex.com/bots)"
37.140.141.12 - - [05/Mar/2013:12:13:18 +0400] "GET /catalog/list/16 HTTP/1.1" 200 10151 "-" "Mozilla/5.0 (compatible; YandexBot/3.0; +http://yandex.com/bots)"
37.140.141.12 - - [05/Mar/2013:12:14:51 +0400] "GET /catalog/product/20 HTTP/1.1" 200 27840 "-" "Mozilla/5.0 (compatible; YandexBot/3.0; +http://yandex.com/bots)"
37.140.141.12 - - [05/Mar/2013:12:16:07 +0400] "GET /catalog/list/11 HTTP/1.1" 200 10749 "-" "Mozilla/5.0 (compatible; YandexBot/3.0; +http://yandex.com/bots)"
37.140.141.12 - - [05/Mar/2013:12:19:43 +0400] "GET /catalog/product/21 HTTP/1.1" 200 28738 "-" "Mozilla/5.0 (compatible; YandexBot/3.0; +http://yandex.com/bots)"
37.140.141.12 - - [05/Mar/2013:12:22:23 +0400] "GET /catalog/list/8 HTTP/1.1" 200 11384 "-" "Mozilla/5.0 (compatible; YandexBot/3.0; +http://yandex.com/bots)"
66.249.78.107 - - [05/Mar/2013:12:31:59 +0400] "GET /images/5500.jpg HTTP/1.1" 200 115186 "-" "Googlebot-Image/1.0"
37.140.141.12 - - [05/Mar/2013:12:34:13 +0400] "GET /catalog/list/15 HTTP/1.1" 200 9953 "-" "Mozilla/5.0 (compatible; YandexBot/3.0; +http://yandex.com/bots)"
37.147.225.147 - - [05/Mar/2013:12:56:06 +0400] "GET /admin HTTP/1.1" 302 - "http://xn--80aaagabsufuc5b1amej.xn--p1ai/admin/edit" "Mozilla/5.0 (Windows NT 6.1; WOW64) AppleWebKit/537.22 (KHTML, like Gecko) Chrome/25.0.1364.97 Safari/537.22"
37.147.225.147 - - [05/Mar/2013:12:56:06 +0400] "GET /catalog HTTP/1.1" 200 19022 "-" "Mozilla/5.0 (Windows NT 6.1; WOW64) AppleWebKit/537.22 (KHTML, like Gecko) Chrome/25.0.1364.97 Safari/537.22"
37.147.225.147 - - [05/Mar/2013:12:56:07 +0400] "GET /css/style.css HTTP/1.1" 200 996 "http://xn--80aaagabsufuc5b1amej.xn--p1ai/catalog" "Mozilla/5.0 (Windows NT 6.1; WOW64) AppleWebKit/537.22 (KHTML, like Gecko) Chrome/25.0.1364.97 Safari/537.22"
37.147.225.147 - - [05/Mar/2013:12:56:07 +0400] "GET /css/auto.css HTTP/1.1" 200 10660 "http://xn--80aaagabsufuc5b1amej.xn--p1ai/catalog" "Mozilla/5.0 (Windows NT 6.1; WOW64) AppleWebKit/537.22 (KHTML, like Gecko) Chrome/25.0.1364.97 Safari/537.22"
37.147.225.147 - - [05/Mar/2013:12:56:07 +0400] "GET /css/bootstrap-responsive.min.css HTTP/1.1" 200 16520 "http://xn--80aaagabsufuc5b1amej.xn--p1ai/catalog" "Mozilla/5.0 (Windows NT 6.1; WOW64) AppleWebKit/537.22 (KHTML, like Gecko) Chrome/25.0.1364.97 Safari/537.22"
37.147.225.147 - - [05/Mar/2013:12:56:07 +0400] "GET /admin/admin/login HTTP/1.1" 200 8210 "http://xn--80aaagabsufuc5b1amej.xn--p1ai/admin/edit" "Mozilla/5.0 (Windows NT 6.1; WOW64) AppleWebKit/537.22 (KHTML, like Gecko) Chrome/25.0.1364.97 Safari/537.22"
37.147.225.147 - - [05/Mar/2013:12:56:07 +0400] "GET /js/auto.js HTTP/1.1" 200 2631 "http://xn--80aaagabsufuc5b1amej.xn--p1ai/catalog" "Mozilla/5.0 (Windows NT 6.1; WOW64) AppleWebKit/537.22 (KHTML, like Gecko) Chrome/25.0.1364.97 Safari/537.22"
37.147.225.147 - - [05/Mar/2013:12:56:07 +0400] "GET /js/bootstrap.min.js HTTP/1.1" 200 25743 "http://xn--80aaagabsufuc5b1amej.xn--p1ai/catalog" "Mozilla/5.0 (Windows NT 6.1; WOW64) AppleWebKit/537.22 (KHTML, like Gecko) Chrome/25.0.1364.97 Safari/537.22"
37.147.225.147 - - [05/Mar/2013:12:56:07 +0400] "GET /css/bootstrap.min.css HTTP/1.1" 200 101265 "http://xn--80aaagabsufuc5b1amej.xn--p1ai/catalog" "Mozilla/5.0 (Windows NT 6.1; WOW64) AppleWebKit/537.22 (KHTML, like Gecko) Chrome/25.0.1364.97 Safari/537.22"
37.147.225.147 - - [05/Mar/2013:12:56:07 +0400] "GET /js/jquery.min.js HTTP/1.1" 200 93636 "http://xn--80aaagabsufuc5b1amej.xn--p1ai/catalog" "Mozilla/5.0 (Windows NT 6.1; WOW64) AppleWebKit/537.22 (KHTML, like Gecko) Chrome/25.0.1364.97 Safari/537.22"
37.147.225.147 - - [05/Mar/2013:12:56:07 +0400] "GET /ckeditor/ckeditor.js HTTP/1.1" 200 454073 "http://xn--80aaagabsufuc5b1amej.xn--p1ai/catalog" "Mozilla/5.0 (Windows NT 6.1; WOW64) AppleWebKit/537.22 (KHTML, like Gecko) Chrome/25.0.1364.97 Safari/537.22"
37.147.225.147 - - [05/Mar/2013:12:56:15 +0400] "GET /images/hunter_gsp9200.png HTTP/1.1" 200 95787 "http://xn--80aaagabsufuc5b1amej.xn--p1ai/admin/admin/login" "Mozilla/5.0 (Windows NT 6.1; WOW64) AppleWebKit/537.22 (KHTML, like Gecko) Chrome/25.0.1364.97 Safari/537.22"
37.147.225.147 - - [05/Mar/2013:12:56:15 +0400] "GET /images/modena_mo_230mr.png HTTP/1.1" 200 117372 "http://xn--80aaagabsufuc5b1amej.xn--p1ai/admin/admin/login" "Mozilla/5.0 (Windows NT 6.1; WOW64) AppleWebKit/537.22 (KHTML, like Gecko) Chrome/25.0.1364.97 Safari/537.22"
37.147.225.147 - - [05/Mar/2013:12:56:16 +0400] "GET /images/main_podl.jpg HTTP/1.1" 200 9218 "http://xn--80aaagabsufuc5b1amej.xn--p1ai/admin/admin/login" "Mozilla/5.0 (Windows NT 6.1; WOW64) AppleWebKit/537.22 (KHTML, like Gecko) Chrome/25.0.1364.97 Safari/537.22"
37.147.225.147 - - [05/Mar/2013:12:56:16 +0400] "GET /images/menu_logo_TK.png HTTP/1.1" 200 1922 "http://xn--80aaagabsufuc5b1amej.xn--p1ai/admin/admin/login" "Mozilla/5.0 (Windows NT 6.1; WOW64) AppleWebKit/537.22 (KHTML, like Gecko) Chrome/25.0.1364.97 Safari/537.22"
37.147.225.147 - - [05/Mar/2013:12:56:16 +0400] "GET /images/menu_gran.png HTTP/1.1" 200 279 "http://xn--80aaagabsufuc5b1amej.xn--p1ai/admin/admin/login" "Mozilla/5.0 (Windows NT 6.1; WOW64) AppleWebKit/537.22 (KHTML, like Gecko) Chrome/25.0.1364.97 Safari/537.22"
37.147.225.147 - - [05/Mar/2013:12:56:16 +0400] "GET /images/slider_arrow_left.png HTTP/1.1" 200 1743 "http://xn--80aaagabsufuc5b1amej.xn--p1ai/admin/admin/login" "Mozilla/5.0 (Windows NT 6.1; WOW64) AppleWebKit/537.22 (KHTML, like Gecko) Chrome/25.0.1364.97 Safari/537.22"
37.147.225.147 - - [05/Mar/2013:12:56:16 +0400] "GET /images/slider_text_podl.png HTTP/1.1" 200 10296 "http://xn--80aaagabsufuc5b1amej.xn--p1ai/admin/admin/login" "Mozilla/5.0 (Windows NT 6.1; WOW64) AppleWebKit/537.22 (KHTML, like Gecko) Chrome/25.0.1364.97 Safari/537.22"
37.147.225.147 - - [05/Mar/2013:12:56:16 +0400] "GET /images/slider_arrow_right.png HTTP/1.1" 200 1748 "http://xn--80aaagabsufuc5b1amej.xn--p1ai/admin/admin/login" "Mozilla/5.0 (Windows NT 6.1; WOW64) AppleWebKit/537.22 (KHTML, like Gecko) Chrome/25.0.1364.97 Safari/537.22"
37.147.225.147 - - [05/Mar/2013:12:56:17 +0400] "GET /images/foot_bg.png HTTP/1.1" 200 15921 "http://xn--80aaagabsufuc5b1amej.xn--p1ai/admin/admin/login" "Mozilla/5.0 (Windows NT 6.1; WOW64) AppleWebKit/537.22 (KHTML, like Gecko) Chrome/25.0.1364.97 Safari/537.22"
37.147.225.147 - - [05/Mar/2013:12:56:17 +0400] "GET /images/footer_up.png HTTP/1.1" 200 2221 "http://xn--80aaagabsufuc5b1amej.xn--p1ai/admin/admin/login" "Mozilla/5.0 (Windows NT 6.1; WOW64) AppleWebKit/537.22 (KHTML, like Gecko) Chrome/25.0.1364.97 Safari/537.22"
37.147.225.147 - - [05/Mar/2013:12:56:17 +0400] "GET /images/footer_arrow.png HTTP/1.1" 200 256 "http://xn--80aaagabsufuc5b1amej.xn--p1ai/admin/admin/login" "Mozilla/5.0 (Windows NT 6.1; WOW64) AppleWebKit/537.22 (KHTML, like Gecko) Chrome/25.0.1364.97 Safari/537.22"
37.147.225.147 - - [05/Mar/2013:12:56:17 +0400] "GET /images/main_center_bg_cat.png HTTP/1.1" 200 13811 "http://xn--80aaagabsufuc5b1amej.xn--p1ai/catalog" "Mozilla/5.0 (Windows NT 6.1; WOW64) AppleWebKit/537.22 (KHTML, like Gecko) Chrome/25.0.1364.97 Safari/537.22"
37.147.225.147 - - [05/Mar/2013:12:56:18 +0400] "GET /images/hit_prod_podl.png HTTP/1.1" 200 1490 "http://xn--80aaagabsufuc5b1amej.xn--p1ai/catalog" "Mozilla/5.0 (Windows NT 6.1; WOW64) AppleWebKit/537.22 (KHTML, like Gecko) Chrome/25.0.1364.97 Safari/537.22"
37.147.225.147 - - [05/Mar/2013:12:56:18 +0400] "GET /images/hit_text_podl.png HTTP/1.1" 200 243 "http://xn--80aaagabsufuc5b1amej.xn--p1ai/catalog" "Mozilla/5.0 (Windows NT 6.1; WOW64) AppleWebKit/537.22 (KHTML, like Gecko) Chrome/25.0.1364.97 Safari/537.22"
37.147.225.147 - - [05/Mar/2013:12:56:15 +0400] "GET /images/titan_54_00_bridge.png HTTP/1.1" 200 144079 "http://xn--80aaagabsufuc5b1amej.xn--p1ai/admin/admin/login" "Mozilla/5.0 (Windows NT 6.1; WOW64) AppleWebKit/537.22 (KHTML, like Gecko) Chrome/25.0.1364.97 Safari/537.22"
37.147.225.147 - - [05/Mar/2013:12:56:18 +0400] "GET /images/podveska.jpg HTTP/1.1" 200 29169 "http://xn--80aaagabsufuc5b1amej.xn--p1ai/catalog" "Mozilla/5.0 (Windows NT 6.1; WOW64) AppleWebKit/537.22 (KHTML, like Gecko) Chrome/25.0.1364.97 Safari/537.22"
37.147.225.147 - - [05/Mar/2013:12:56:18 +0400] "GET /images/compr-group.jpg HTTP/1.1" 200 50739 "http://xn--80aaagabsufuc5b1amej.xn--p1ai/catalog" "Mozilla/5.0 (Windows NT 6.1; WOW64) AppleWebKit/537.22 (KHTML, like Gecko) Chrome/25.0.1364.97 Safari/537.22"
37.147.225.147 - - [05/Mar/2013:12:56:15 +0400] "GET /images/siver_e.png HTTP/1.1" 200 148375 "http://xn--80aaagabsufuc5b1amej.xn--p1ai/admin/admin/login" "Mozilla/5.0 (Windows NT 6.1; WOW64) AppleWebKit/537.22 (KHTML, like Gecko) Chrome/25.0.1364.97 Safari/537.22"
37.147.225.147 - - [05/Mar/2013:12:56:20 +0400] "GET /images/elit.jpg HTTP/1.1" 200 74194 "http://xn--80aaagabsufuc5b1amej.xn--p1ai/catalog" "Mozilla/5.0 (Windows NT 6.1; WOW64) AppleWebKit/537.22 (KHTML, like Gecko) Chrome/25.0.1364.97 Safari/537.22"
37.147.225.147 - - [05/Mar/2013:12:56:21 +0400] "GET /images/%D0%B2%D1%83%D0%BB%D0%BA%D0%B0%D0%BD300.jpg HTTP/1.1" 200 35762 "http://xn--80aaagabsufuc5b1amej.xn--p1ai/catalog" "Mozilla/5.0 (Windows NT 6.1; WOW64) AppleWebKit/537.22 (KHTML, like Gecko) Chrome/25.0.1364.97 Safari/537.22"
37.147.225.147 - - [05/Mar/2013:12:56:15 +0400] "GET /images/giuliano_s_112f.png HTTP/1.1" 200 80289 "http://xn--80aaagabsufuc5b1amej.xn--p1ai/admin/admin/login" "Mozilla/5.0 (Windows NT 6.1; WOW64) AppleWebKit/537.22 (KHTML, like Gecko) Chrome/25.0.1364.97 Safari/537.22"
37.147.225.147 - - [05/Mar/2013:12:56:18 +0400] "GET /images/shinomontaj-%20na%20razdel.jpg HTTP/1.1" 200 137909 "http://xn--80aaagabsufuc5b1amej.xn--p1ai/catalog" "Mozilla/5.0 (Windows NT 6.1; WOW64) AppleWebKit/537.22 (KHTML, like Gecko) Chrome/25.0.1364.97 Safari/537.22"
37.147.225.147 - - [05/Mar/2013:12:56:22 +0400] "GET /images/menu_current.jpg HTTP/1.1" 200 11503 "http://xn--80aaagabsufuc5b1amej.xn--p1ai/catalog" "Mozilla/5.0 (Windows NT 6.1; WOW64) AppleWebKit/537.22 (KHTML, like Gecko) Chrome/25.0.1364.97 Safari/537.22"
37.147.225.147 - - [05/Mar/2013:12:56:22 +0400] "GET /images/%D0%B4%D0%B8%D1%81%D0%BA%D0%BE%D0%BF%D1%80%D0%B0%D0%B2%2056%2000.jpg HTTP/1.1" 200 129877 "http://xn--80aaagabsufuc5b1amej.xn--p1ai/catalog" "Mozilla/5.0 (Windows NT 6.1; WOW64) AppleWebKit/537.22 (KHTML, like Gecko) Chrome/25.0.1364.97 Safari/537.22"
37.147.225.147 - - [05/Mar/2013:12:56:15 +0400] "GET /images/container_bg.png HTTP/1.1" 200 424962 "http://xn--80aaagabsufuc5b1amej.xn--p1ai/admin/admin/login" "Mozilla/5.0 (Windows NT 6.1; WOW64) AppleWebKit/537.22 (KHTML, like Gecko) Chrome/25.0.1364.97 Safari/537.22"
37.147.225.147 - - [05/Mar/2013:12:56:20 +0400] "GET /images/siver_de_kopiya.png HTTP/1.1" 200 336001 "http://xn--80aaagabsufuc5b1amej.xn--p1ai/catalog" "Mozilla/5.0 (Windows NT 6.1; WOW64) AppleWebKit/537.22 (KHTML, like Gecko) Chrome/25.0.1364.97 Safari/537.22"
66.249.78.107 - - [05/Mar/2013:12:59:07 +0400] "GET /index.php/2011-12-06-19-41-54/item/modena-mo-242cf-2 HTTP/1.1" 404 7983 "-" "Mozilla/5.0 (compatible; Googlebot/2.1; +http://www.google.com/bot.html)"
37.140.141.12 - - [05/Mar/2013:13:01:05 +0400] "GET /catalog/product/17 HTTP/1.1" 200 12225 "-" "Mozilla/5.0 (compatible; YandexBot/3.0; +http://yandex.com/bots)"
217.69.133.68 - - [05/Mar/2013:13:05:00 +0400] "GET /index.php/siver/132-siver-cp-1 HTTP/1.0" 404 7983 "-" "Mozilla/5.0 (compatible; Mail.RU_Bot/2.0; +http://go.mail.ru/help/robots)"
66.249.78.107 - - [05/Mar/2013:13:08:23 +0400] "GET /index.php/150-2011-11-23-11-32-01/diskopravi/titan-junior HTTP/1.1" 404 7983 "-" "Mozilla/5.0 (compatible; Googlebot/2.1; +http://www.google.com/bot.html)"
208.115.113.91 - - [05/Mar/2013:13:20:19 +0400] "GET /index.php/2012-04-11-10-09-59/100-legkbal/sbm-260-aw HTTP/1.1" 404 7983 "-" "Mozilla/5.0 (compatible; Ezooms/1.0; ezooms.bot@gmail.com)"
208.115.113.91 - - [05/Mar/2013:13:20:26 +0400] "GET /index.php/diskopravi/item/titan-55-00?category_id=33 HTTP/1.1" 404 7983 "-" "Mozilla/5.0 (compatible; Ezooms/1.0; ezooms.bot@gmail.com)"
66.249.75.107 - - [05/Mar/2013:13:36:56 +0400] "GET /index.php/component/content/?view=featured&start=25 HTTP/1.1" 404 7983 "-" "Mozilla/5.0 (compatible; Googlebot/2.1; +http://www.google.com/bot.html)"
66.249.78.107 - - [05/Mar/2013:13:37:51 +0400] "GET /index.php/2012-04-11-10-09-59/111-legkbal/cemb-c-72 HTTP/1.1" 404 7983 "-" "Mozilla/5.0 (compatible; Googlebot/2.1; +http://www.google.com/bot.html)"
66.249.78.107 - - [05/Mar/2013:13:40:05 +0400] "GET /index.php/component/content/?view=featured&start=5 HTTP/1.1" 404 7983 "-" "Mozilla/5.0 (compatible; Googlebot/2.1; +http://www.google.com/bot.html)"
208.115.111.75 - - [05/Mar/2013:13:51:10 +0400] "GET /robots.txt HTTP/1.1" 404 7983 "-" "Mozilla/5.0 (compatible; Ezooms/1.0; ezooms.bot@gmail.com)"
37.147.225.147 - - [05/Mar/2013:13:57:48 +0400] "GET / HTTP/1.1" 200 19058 "-" "Mozilla/5.0 (Windows NT 6.1) AppleWebKit/537.22 (KHTML, like Gecko) Chrome/25.0.1364.97 Safari/537.22"
37.147.225.147 - - [05/Mar/2013:13:57:50 +0400] "GET /css/style.css HTTP/1.1" 304 - "http://xn--80aaagabsufuc5b1amej.xn--p1ai/" "Mozilla/5.0 (Windows NT 6.1) AppleWebKit/537.22 (KHTML, like Gecko) Chrome/25.0.1364.97 Safari/537.22"
37.147.225.147 - - [05/Mar/2013:13:57:50 +0400] "GET /css/auto.css HTTP/1.1" 304 - "http://xn--80aaagabsufuc5b1amej.xn--p1ai/" "Mozilla/5.0 (Windows NT 6.1) AppleWebKit/537.22 (KHTML, like Gecko) Chrome/25.0.1364.97 Safari/537.22"
37.147.225.147 - - [05/Mar/2013:13:57:50 +0400] "GET /css/bootstrap-responsive.min.css HTTP/1.1" 304 - "http://xn--80aaagabsufuc5b1amej.xn--p1ai/" "Mozilla/5.0 (Windows NT 6.1) AppleWebKit/537.22 (KHTML, like Gecko) Chrome/25.0.1364.97 Safari/537.22"
37.147.225.147 - - [05/Mar/2013:13:57:50 +0400] "GET /ckeditor/ckeditor.js HTTP/1.1" 304 - "http://xn--80aaagabsufuc5b1amej.xn--p1ai/" "Mozilla/5.0 (Windows NT 6.1) AppleWebKit/537.22 (KHTML, like Gecko) Chrome/25.0.1364.97 Safari/537.22"
37.147.225.147 - - [05/Mar/2013:13:57:50 +0400] "GET /css/bootstrap.min.css HTTP/1.1" 304 - "http://xn--80aaagabsufuc5b1amej.xn--p1ai/" "Mozilla/5.0 (Windows NT 6.1) AppleWebKit/537.22 (KHTML, like Gecko) Chrome/25.0.1364.97 Safari/537.22"
37.147.225.147 - - [05/Mar/2013:13:57:50 +0400] "GET /js/jquery.min.js HTTP/1.1" 304 - "http://xn--80aaagabsufuc5b1amej.xn--p1ai/" "Mozilla/5.0 (Windows NT 6.1) AppleWebKit/537.22 (KHTML, like Gecko) Chrome/25.0.1364.97 Safari/537.22"
37.147.225.147 - - [05/Mar/2013:13:57:50 +0400] "GET /js/bootstrap.min.js HTTP/1.1" 304 - "http://xn--80aaagabsufuc5b1amej.xn--p1ai/" "Mozilla/5.0 (Windows NT 6.1) AppleWebKit/537.22 (KHTML, like Gecko) Chrome/25.0.1364.97 Safari/537.22"
37.147.225.147 - - [05/Mar/2013:13:57:50 +0400] "GET /js/auto.js HTTP/1.1" 304 - "http://xn--80aaagabsufuc5b1amej.xn--p1ai/" "Mozilla/5.0 (Windows NT 6.1) AppleWebKit/537.22 (KHTML, like Gecko) Chrome/25.0.1364.97 Safari/537.22"
37.147.225.147 - - [05/Mar/2013:13:57:51 +0400] "GET /images/container_bg.png HTTP/1.1" 304 - "http://xn--80aaagabsufuc5b1amej.xn--p1ai/" "Mozilla/5.0 (Windows NT 6.1) AppleWebKit/537.22 (KHTML, like Gecko) Chrome/25.0.1364.97 Safari/537.22"
37.147.225.147 - - [05/Mar/2013:13:57:51 +0400] "GET /images/main_podl.jpg HTTP/1.1" 304 - "http://xn--80aaagabsufuc5b1amej.xn--p1ai/" "Mozilla/5.0 (Windows NT 6.1) AppleWebKit/537.22 (KHTML, like Gecko) Chrome/25.0.1364.97 Safari/537.22"
37.147.225.147 - - [05/Mar/2013:13:57:51 +0400] "GET /images/slider_arrow_left.png HTTP/1.1" 304 - "http://xn--80aaagabsufuc5b1amej.xn--p1ai/" "Mozilla/5.0 (Windows NT 6.1) AppleWebKit/537.22 (KHTML, like Gecko) Chrome/25.0.1364.97 Safari/537.22"
37.147.225.147 - - [05/Mar/2013:13:57:51 +0400] "GET /images/menu_gran.png HTTP/1.1" 304 - "http://xn--80aaagabsufuc5b1amej.xn--p1ai/" "Mozilla/5.0 (Windows NT 6.1) AppleWebKit/537.22 (KHTML, like Gecko) Chrome/25.0.1364.97 Safari/537.22"
37.147.225.147 - - [05/Mar/2013:13:57:51 +0400] "GET /images/menu_logo_TK.png HTTP/1.1" 304 - "http://xn--80aaagabsufuc5b1amej.xn--p1ai/" "Mozilla/5.0 (Windows NT 6.1) AppleWebKit/537.22 (KHTML, like Gecko) Chrome/25.0.1364.97 Safari/537.22"
37.147.225.147 - - [05/Mar/2013:13:57:51 +0400] "GET /images/modena_mo_230mr.png HTTP/1.1" 304 - "http://xn--80aaagabsufuc5b1amej.xn--p1ai/" "Mozilla/5.0 (Windows NT 6.1) AppleWebKit/537.22 (KHTML, like Gecko) Chrome/25.0.1364.97 Safari/537.22"
37.147.225.147 - - [05/Mar/2013:13:57:51 +0400] "GET /images/titan_54_00_bridge.png HTTP/1.1" 304 - "http://xn--80aaagabsufuc5b1amej.xn--p1ai/" "Mozilla/5.0 (Windows NT 6.1) AppleWebKit/537.22 (KHTML, like Gecko) Chrome/25.0.1364.97 Safari/537.22"
37.147.225.147 - - [05/Mar/2013:13:57:51 +0400] "GET /images/giuliano_s_112f.png HTTP/1.1" 304 - "http://xn--80aaagabsufuc5b1amej.xn--p1ai/" "Mozilla/5.0 (Windows NT 6.1) AppleWebKit/537.22 (KHTML, like Gecko) Chrome/25.0.1364.97 Safari/537.22"
37.147.225.147 - - [05/Mar/2013:13:57:51 +0400] "GET /images/hunter_gsp9200.png HTTP/1.1" 304 - "http://xn--80aaagabsufuc5b1amej.xn--p1ai/" "Mozilla/5.0 (Windows NT 6.1) AppleWebKit/537.22 (KHTML, like Gecko) Chrome/25.0.1364.97 Safari/537.22"
37.147.225.147 - - [05/Mar/2013:13:57:51 +0400] "GET /images/siver_e.png HTTP/1.1" 304 - "http://xn--80aaagabsufuc5b1amej.xn--p1ai/" "Mozilla/5.0 (Windows NT 6.1) AppleWebKit/537.22 (KHTML, like Gecko) Chrome/25.0.1364.97 Safari/537.22"
37.147.225.147 - - [05/Mar/2013:13:57:51 +0400] "GET /images/slider_text_podl.png HTTP/1.1" 304 - "http://xn--80aaagabsufuc5b1amej.xn--p1ai/" "Mozilla/5.0 (Windows NT 6.1) AppleWebKit/537.22 (KHTML, like Gecko) Chrome/25.0.1364.97 Safari/537.22"
37.147.225.147 - - [05/Mar/2013:13:57:51 +0400] "GET /images/slider_arrow_right.png HTTP/1.1" 304 - "http://xn--80aaagabsufuc5b1amej.xn--p1ai/" "Mozilla/5.0 (Windows NT 6.1) AppleWebKit/537.22 (KHTML, like Gecko) Chrome/25.0.1364.97 Safari/537.22"
37.147.225.147 - - [05/Mar/2013:13:57:51 +0400] "GET /images/main_center_bg.png HTTP/1.1" 304 - "http://xn--80aaagabsufuc5b1amej.xn--p1ai/" "Mozilla/5.0 (Windows NT 6.1) AppleWebKit/537.22 (KHTML, like Gecko) Chrome/25.0.1364.97 Safari/537.22"
37.147.225.147 - - [05/Mar/2013:13:57:51 +0400] "GET /images/arrow_left.png HTTP/1.1" 304 - "http://xn--80aaagabsufuc5b1amej.xn--p1ai/" "Mozilla/5.0 (Windows NT 6.1) AppleWebKit/537.22 (KHTML, like Gecko) Chrome/25.0.1364.97 Safari/537.22"
37.147.225.147 - - [05/Mar/2013:13:57:51 +0400] "GET /images/hit_text_podl.png HTTP/1.1" 304 - "http://xn--80aaagabsufuc5b1amej.xn--p1ai/" "Mozilla/5.0 (Windows NT 6.1) AppleWebKit/537.22 (KHTML, like Gecko) Chrome/25.0.1364.97 Safari/537.22"
37.147.225.147 - - [05/Mar/2013:13:57:51 +0400] "GET /images/T4.jpeg HTTP/1.1" 304 - "http://xn--80aaagabsufuc5b1amej.xn--p1ai/" "Mozilla/5.0 (Windows NT 6.1) AppleWebKit/537.22 (KHTML, like Gecko) Chrome/25.0.1364.97 Safari/537.22"
37.147.225.147 - - [05/Mar/2013:13:57:51 +0400] "GET /images/4_270LB40.jpg HTTP/1.1" 304 - "http://xn--80aaagabsufuc5b1amej.xn--p1ai/" "Mozilla/5.0 (Windows NT 6.1) AppleWebKit/537.22 (KHTML, like Gecko) Chrome/25.0.1364.97 Safari/537.22"
37.147.225.147 - - [05/Mar/2013:13:57:51 +0400] "GET /images/hit_prod_podl.png HTTP/1.1" 304 - "http://xn--80aaagabsufuc5b1amej.xn--p1ai/" "Mozilla/5.0 (Windows NT 6.1) AppleWebKit/537.22 (KHTML, like Gecko) Chrome/25.0.1364.97 Safari/537.22"
37.147.225.147 - - [05/Mar/2013:13:57:51 +0400] "GET /images/mo5000eb.jpg HTTP/1.1" 304 - "http://xn--80aaagabsufuc5b1amej.xn--p1ai/" "Mozilla/5.0 (Windows NT 6.1) AppleWebKit/537.22 (KHTML, like Gecko) Chrome/25.0.1364.97 Safari/537.22"
37.147.225.147 - - [05/Mar/2013:13:57:51 +0400] "GET /images/mo435.png HTTP/1.1" 304 - "http://xn--80aaagabsufuc5b1amej.xn--p1ai/" "Mozilla/5.0 (Windows NT 6.1) AppleWebKit/537.22 (KHTML, like Gecko) Chrome/25.0.1364.97 Safari/537.22"
37.147.225.147 - - [05/Mar/2013:13:57:51 +0400] "GET /images/1.png HTTP/1.1" 304 - "http://xn--80aaagabsufuc5b1amej.xn--p1ai/" "Mozilla/5.0 (Windows NT 6.1) AppleWebKit/537.22 (KHTML, like Gecko) Chrome/25.0.1364.97 Safari/537.22"
37.147.225.147 - - [05/Mar/2013:13:57:51 +0400] "GET /images/comp_logos.png HTTP/1.1" 304 - "http://xn--80aaagabsufuc5b1amej.xn--p1ai/" "Mozilla/5.0 (Windows NT 6.1) AppleWebKit/537.22 (KHTML, like Gecko) Chrome/25.0.1364.97 Safari/537.22"
37.147.225.147 - - [05/Mar/2013:13:57:51 +0400] "GET /images/arrow_right.png HTTP/1.1" 304 - "http://xn--80aaagabsufuc5b1amej.xn--p1ai/" "Mozilla/5.0 (Windows NT 6.1) AppleWebKit/537.22 (KHTML, like Gecko) Chrome/25.0.1364.97 Safari/537.22"
37.147.225.147 - - [05/Mar/2013:13:57:51 +0400] "GET /images/2.png HTTP/1.1" 304 - "http://xn--80aaagabsufuc5b1amej.xn--p1ai/" "Mozilla/5.0 (Windows NT 6.1) AppleWebKit/537.22 (KHTML, like Gecko) Chrome/25.0.1364.97 Safari/537.22"
37.147.225.147 - - [05/Mar/2013:13:57:51 +0400] "GET /images/3.png HTTP/1.1" 304 - "http://xn--80aaagabsufuc5b1amej.xn--p1ai/" "Mozilla/5.0 (Windows NT 6.1) AppleWebKit/537.22 (KHTML, like Gecko) Chrome/25.0.1364.97 Safari/537.22"
37.147.225.147 - - [05/Mar/2013:13:57:51 +0400] "GET /images/main_map_left.png HTTP/1.1" 304 - "http://xn--80aaagabsufuc5b1amej.xn--p1ai/" "Mozilla/5.0 (Windows NT 6.1) AppleWebKit/537.22 (KHTML, like Gecko) Chrome/25.0.1364.97 Safari/537.22"
37.147.225.147 - - [05/Mar/2013:13:57:51 +0400] "GET /images/phone.png HTTP/1.1" 304 - "http://xn--80aaagabsufuc5b1amej.xn--p1ai/" "Mozilla/5.0 (Windows NT 6.1) AppleWebKit/537.22 (KHTML, like Gecko) Chrome/25.0.1364.97 Safari/537.22"
37.147.225.147 - - [05/Mar/2013:13:57:51 +0400] "GET /images/footer_up.png HTTP/1.1" 304 - "http://xn--80aaagabsufuc5b1amej.xn--p1ai/" "Mozilla/5.0 (Windows NT 6.1) AppleWebKit/537.22 (KHTML, like Gecko) Chrome/25.0.1364.97 Safari/537.22"
37.147.225.147 - - [05/Mar/2013:13:57:51 +0400] "GET /images/foot_bg.png HTTP/1.1" 304 - "http://xn--80aaagabsufuc5b1amej.xn--p1ai/" "Mozilla/5.0 (Windows NT 6.1) AppleWebKit/537.22 (KHTML, like Gecko) Chrome/25.0.1364.97 Safari/537.22"
37.147.225.147 - - [05/Mar/2013:13:57:51 +0400] "GET /images/perc15.png HTTP/1.1" 304 - "http://xn--80aaagabsufuc5b1amej.xn--p1ai/" "Mozilla/5.0 (Windows NT 6.1) AppleWebKit/537.22 (KHTML, like Gecko) Chrome/25.0.1364.97 Safari/537.22"
37.147.225.147 - - [05/Mar/2013:13:57:51 +0400] "GET /images/footer_arrow.png HTTP/1.1" 304 - "http://xn--80aaagabsufuc5b1amej.xn--p1ai/" "Mozilla/5.0 (Windows NT 6.1) AppleWebKit/537.22 (KHTML, like Gecko) Chrome/25.0.1364.97 Safari/537.22"
37.147.225.147 - - [05/Mar/2013:13:57:51 +0400] "GET /images/menu_current.jpg HTTP/1.1" 304 - "http://xn--80aaagabsufuc5b1amej.xn--p1ai/" "Mozilla/5.0 (Windows NT 6.1) AppleWebKit/537.22 (KHTML, like Gecko) Chrome/25.0.1364.97 Safari/537.22"
37.147.225.147 - - [05/Mar/2013:13:57:59 +0400] "GET /admin HTTP/1.1" 302 - "-" "Mozilla/5.0 (Windows NT 6.1) AppleWebKit/537.22 (KHTML, like Gecko) Chrome/25.0.1364.97 Safari/537.22"
37.147.225.147 - - [05/Mar/2013:13:57:59 +0400] "GET /admin/admin/login HTTP/1.1" 200 8210 "-" "Mozilla/5.0 (Windows NT 6.1) AppleWebKit/537.22 (KHTML, like Gecko) Chrome/25.0.1364.97 Safari/537.22"
37.147.225.147 - - [05/Mar/2013:13:58:00 +0400] "GET /admin HTTP/1.1" 302 - "-" "Mozilla/5.0 (Windows NT 6.1) AppleWebKit/537.22 (KHTML, like Gecko) Chrome/25.0.1364.97 Safari/537.22"
37.147.225.147 - - [05/Mar/2013:13:58:00 +0400] "GET /admin/admin/login HTTP/1.1" 200 8210 "-" "Mozilla/5.0 (Windows NT 6.1) AppleWebKit/537.22 (KHTML, like Gecko) Chrome/25.0.1364.97 Safari/537.22"
37.147.225.147 - - [05/Mar/2013:13:58:04 +0400] "POST /admin/admin/login HTTP/1.1" 302 - "http://xn--80aaagabsufuc5b1amej.xn--p1ai/admin/admin/login" "Mozilla/5.0 (Windows NT 6.1) AppleWebKit/537.22 (KHTML, like Gecko) Chrome/25.0.1364.97 Safari/537.22"
37.147.225.147 - - [05/Mar/2013:13:58:09 +0400] "GET /admin HTTP/1.1" 200 13465 "http://xn--80aaagabsufuc5b1amej.xn--p1ai/admin/admin/login" "Mozilla/5.0 (Windows NT 6.1) AppleWebKit/537.22 (KHTML, like Gecko) Chrome/25.0.1364.97 Safari/537.22"
37.147.225.147 - - [05/Mar/2013:14:05:38 +0400] "GET /admin/add_product HTTP/1.1" 200 10725 "http://xn--80aaagabsufuc5b1amej.xn--p1ai/admin" "Mozilla/5.0 (Windows NT 6.1) AppleWebKit/537.22 (KHTML, like Gecko) Chrome/25.0.1364.97 Safari/537.22"
37.147.225.147 - - [05/Mar/2013:14:05:40 +0400] "GET /images/ HTTP/1.1" 403 316 "http://xn--80aaagabsufuc5b1amej.xn--p1ai/admin/add_product" "Mozilla/5.0 (Windows NT 6.1) AppleWebKit/537.22 (KHTML, like Gecko) Chrome/25.0.1364.97 Safari/537.22"
