208.115.113.91 - - [08/Mar/2013:01:29:26 +0400] "GET /index.php/2011-12-06-19-41-54/item/modena-mo-250ecfmo-251ecf?category_id=31 HTTP/1.1" 404 7983 "-" "Mozilla/5.0 (compatible; Ezooms/1.0; ezooms.bot@gmail.com)"
208.115.113.91 - - [08/Mar/2013:01:29:30 +0400] "GET /index.php/2011-12-14-13-33-12/item/%D1%80%D0%B0%D1%81%D1%85%D0%BE%D0%B4%D0%BD%D1%8B%D0%B9-%D0%BC%D0%B0%D1%82%D0%B5%D1%80%D0%B8%D0%B0%D0%BB-%D1%82%D0%B5%D1%81%D0%BD?category_id=48 HTTP/1.1" 404 7983 "-" "Mozilla/5.0 (compatible; Ezooms/1.0; ezooms.bot@gmail.com)"
208.115.113.91 - - [08/Mar/2013:01:29:33 +0400] "GET /index.php/2012-04-11-10-09-59/69-gruzbal HTTP/1.1" 404 7983 "-" "Mozilla/5.0 (compatible; Ezooms/1.0; ezooms.bot@gmail.com)"
195.54.213.174 - - [08/Mar/2013:02:15:51 +0400] "GET / HTTP/1.1" 200 19485 "" "Mozilla/5.0 (compatible; statdom.ru/Bot; +http://statdom.ru/bot.html)"
195.54.213.174 - - [08/Mar/2013:02:16:05 +0400] "GET /favicon.ico HTTP/1.1" 404 7983 "" "Mozilla/5.0 (compatible; statdom.ru/Bot; +http://statdom.ru/bot.html)"
195.54.213.174 - - [08/Mar/2013:02:16:05 +0400] "GET /images/favicon.ico HTTP/1.1" 200 1150 "" "Mozilla/5.0 (compatible; statdom.ru/Bot; +http://statdom.ru/bot.html)"
31.42.230.243 - - [08/Mar/2013:02:42:24 +0400] "POST /index.php?subaction=userinfo&user=nindzabeba HTTP/1.1" 404 7983 "-" "Mozilla/4.0 (compatible; MSIE 8.0; Windows NT 6.1; Trident/4.0; SLCC2; .NET CLR 2.0.50727; .NET CLR 3.5.30729; .NET CLR 3.0.30729; Media Center PC 6.0; Tablet PC 2.0; OfficeLiveConnector.1.4; OfficeLivePatch.1.3)"
217.69.133.68 - - [08/Mar/2013:02:46:27 +0400] "GET /index.php/2011-12-06-19-41-54/44-dvuh/t4 HTTP/1.0" 404 7983 "-" "Mozilla/5.0 (compatible; Mail.RU_Bot/2.0; +http://go.mail.ru/help/robots)"
66.249.78.107 - - [08/Mar/2013:02:59:19 +0400] "GET /images/t4%20-best.jpg HTTP/1.1" 404 7983 "-" "Googlebot-Image/1.0"
217.69.133.68 - - [08/Mar/2013:04:22:42 +0400] "GET /index.php/2012-04-18-16-34-04 HTTP/1.0" 404 7983 "-" "Mozilla/5.0 (compatible; Mail.RU_Bot/2.0; +http://go.mail.ru/help/robots)"
37.140.141.12 - - [08/Mar/2013:05:15:24 +0400] "GET /robots.txt HTTP/1.1" 404 7983 "-" "Mozilla/5.0 (compatible; YandexBot/3.0; +http://yandex.com/bots)"
66.249.78.81 - - [08/Mar/2013:05:33:13 +0400] "GET /robots.txt HTTP/1.1" 404 7983 "-" "Mozilla/5.0 (compatible; Googlebot/2.1; +http://www.google.com/bot.html)"
66.249.78.81 - - [08/Mar/2013:05:33:13 +0400] "GET /index.php/150-2011-11-23-11-32-01/diskopravi/titan-junior HTTP/1.1" 404 7983 "-" "Mozilla/5.0 (compatible; Googlebot/2.1; +http://www.google.com/bot.html)"
66.249.78.2 - - [08/Mar/2013:05:33:21 +0400] "GET /robots.txt HTTP/1.1" 404 7983 "-" "Mozilla/5.0 (compatible; Googlebot/2.1; +http://www.google.com/bot.html)"
66.249.75.2 - - [08/Mar/2013:05:33:21 +0400] "GET /index.php/2011-12-06-19-41-54 HTTP/1.1" 404 7983 "-" "Mozilla/5.0 (compatible; Googlebot/2.1; +http://www.google.com/bot.html)"
66.249.78.81 - - [08/Mar/2013:05:50:15 +0400] "GET /index.php/2011-12-06-19-41-54 HTTP/1.1" 404 7983 "-" "Mozilla/5.0 (compatible; Googlebot/2.1; +http://www.google.com/bot.html)"
208.115.111.75 - - [08/Mar/2013:05:53:57 +0400] "GET /robots.txt HTTP/1.1" 404 7983 "-" "Mozilla/5.0 (compatible; Ezooms/1.0; ezooms.bot@gmail.com)"
208.115.111.75 - - [08/Mar/2013:05:53:57 +0400] "GET /robots.txt HTTP/1.1" 404 7983 "-" "Mozilla/5.0 (compatible; Ezooms/1.0; ezooms.bot@gmail.com)"
217.69.133.68 - - [08/Mar/2013:05:58:26 +0400] "GET /index.php/2012-04-11-10-12-01 HTTP/1.0" 404 7983 "-" "Mozilla/5.0 (compatible; Mail.RU_Bot/2.0; +http://go.mail.ru/help/robots)"
217.69.133.68 - - [08/Mar/2013:05:58:30 +0400] "GET /index.php/2011-12-06-19-41-54/160-mdn HTTP/1.0" 404 7983 "-" "Mozilla/5.0 (compatible; Mail.RU_Bot/2.0; +http://go.mail.ru/help/robots)"
195.239.178.205 - - [08/Mar/2013:06:15:20 +0400] "GET / HTTP/1.0" 200 19485 "-" "Mozilla/5.0 (compatible; Nigma.ru/3.0; crawler@nigma.ru)"
178.137.89.23 - - [08/Mar/2013:06:37:46 +0400] "GET /index.php/2011-12-06-19-41-54/55-dvuh/tlt-240sb-380-220-4-launch/41-tlt-240sb-380-220-4-launch+Result:+%ED%E5+%ED%E0%F8%EB%EE%F1%FC+%F4%EE%F0%EC%FB+%E4%EB%FF+%EE%F2%EF%F0%E0%E2%EA%E8;+Result:+%ED%E5+%ED%E0%F8%EB%EE%F1%FC+%F4%EE%F0%EC%FB+%E4%EB%FF+%EE%F2%EF%F0%E0%E2%EA%E8; HTTP/1.0" 404 7983 "http://bestplacermc2353.binhoster.com/luk-vulkan-posadka.html" "Mozilla/5.0 (Windows NT 6.1; rv:10.0) Gecko/20100101 Firefox/10.0"
178.137.89.23 - - [08/Mar/2013:06:37:49 +0400] "GET / HTTP/1.0" 200 19485 "http://xn--80aaagabsufuc5b1amej.xn--p1ai/" "Mozilla/5.0 (Windows NT 6.1; rv:10.0) Gecko/20100101 Firefox/10.0"
66.249.75.107 - - [08/Mar/2013:06:55:56 +0400] "GET /images/siver_el_s.png HTTP/1.1" 404 7983 "-" "Googlebot-Image/1.0"
208.115.111.75 - - [08/Mar/2013:07:05:06 +0400] "GET /index.php/2011-12-06-19-41-54/item/aet-f6105 HTTP/1.1" 404 7983 "-" "Mozilla/5.0 (compatible; Ezooms/1.0; ezooms.bot@gmail.com)"
208.115.111.75 - - [08/Mar/2013:07:05:09 +0400] "GET /catalog/list/11 HTTP/1.1" 200 10749 "-" "Mozilla/5.0 (compatible; Ezooms/1.0; ezooms.bot@gmail.com)"
208.115.111.75 - - [08/Mar/2013:07:05:12 +0400] "GET /index.php/2011-12-06-19-41-54/item/modena-mmo-261eacf?category_id=31 HTTP/1.1" 404 7983 "-" "Mozilla/5.0 (compatible; Ezooms/1.0; ezooms.bot@gmail.com)"
217.69.133.68 - - [08/Mar/2013:07:34:17 +0400] "GET /index.php/2012-04-11-10-11-09 HTTP/1.0" 404 7983 "-" "Mozilla/5.0 (compatible; Mail.RU_Bot/2.0; +http://go.mail.ru/help/robots)"
217.69.133.68 - - [08/Mar/2013:07:34:21 +0400] "GET /index.php/2011-12-20-14-40-49 HTTP/1.0" 404 7983 "-" "Mozilla/5.0 (compatible; Mail.RU_Bot/2.0; +http://go.mail.ru/help/robots)"
66.249.78.2 - - [08/Mar/2013:07:35:39 +0400] "GET /images/giuliano_s_222___4a66ebd78cddb.jpg HTTP/1.1" 404 7983 "-" "Googlebot-Image/1.0"
66.249.78.107 - - [08/Mar/2013:07:42:24 +0400] "GET / HTTP/1.1" 200 19485 "-" "Mozilla/5.0 (compatible; Googlebot/2.1; +http://www.google.com/bot.html)"
66.249.78.107 - - [08/Mar/2013:07:45:36 +0400] "GET /images/mo242cfsepcification2.png HTTP/1.1" 404 7983 "-" "Googlebot-Image/1.0"
66.249.78.2 - - [08/Mar/2013:07:48:42 +0400] "GET /images/cemb_c_72_4a66e88de97e9.jpg HTTP/1.1" 404 7983 "-" "Googlebot-Image/1.0"
208.115.113.91 - - [08/Mar/2013:07:56:26 +0400] "GET /robots.txt HTTP/1.1" 404 7983 "-" "Mozilla/5.0 (compatible; Ezooms/1.0; ezooms.bot@gmail.com)"
66.249.78.107 - - [08/Mar/2013:08:16:50 +0400] "GET /index.php/2012-04-11-10-09-59 HTTP/1.1" 404 7983 "-" "SAMSUNG-SGH-E250/1.0 Profile/MIDP-2.0 Configuration/CLDC-1.1 UP.Browser/6.2.3.3.c.1.101 (GUI) MMP/2.0 (compatible; Googlebot-Mobile/2.1; +http://www.google.com/bot.html)"
66.249.78.107 - - [08/Mar/2013:08:20:04 +0400] "GET /images/mo435specification.jpg HTTP/1.1" 200 26461 "-" "Googlebot-Image/1.0"
208.115.113.91 - - [08/Mar/2013:09:17:51 +0400] "GET /index.php/2011-12-06-19-41-54/item/modena-mo-5000eb?category_id=31 HTTP/1.1" 404 7983 "-" "Mozilla/5.0 (compatible; Ezooms/1.0; ezooms.bot@gmail.com)"
66.249.78.107 - - [08/Mar/2013:09:28:57 +0400] "GET /images/mo4355.png HTTP/1.1" 200 4883 "-" "Googlebot-Image/1.0"
66.249.78.81 - - [08/Mar/2013:09:44:20 +0400] "GET /images/m_b_wb255__wb277_4a66f1b9733f2.jpg HTTP/1.1" 404 7983 "-" "Googlebot-Image/1.0"
208.115.111.75 - - [08/Mar/2013:09:52:17 +0400] "GET /robots.txt HTTP/1.1" 404 7983 "-" "Mozilla/5.0 (compatible; Ezooms/1.0; ezooms.bot@gmail.com)"
66.249.75.93 - - [08/Mar/2013:09:54:14 +0400] "GET /index.php/2011-12-22-14-39-48 HTTP/1.1" 404 7983 "-" "DoCoMo/2.0 N905i(c100;TB;W24H16) (compatible; Googlebot-Mobile/2.1; +http://www.google.com/bot.html)"
37.140.141.12 - - [08/Mar/2013:10:31:48 +0400] "GET / HTTP/1.1" 200 19485 "-" "Mozilla/5.0 (compatible; YandexBot/3.0; +http://yandex.com/bots)"
217.69.133.68 - - [08/Mar/2013:10:54:26 +0400] "GET /robots.txt HTTP/1.0" 404 7983 "-" "Mozilla/5.0 (compatible; Mail.RU_Bot/2.0; +http://go.mail.ru/help/robots)"
208.115.111.75 - - [08/Mar/2013:11:04:42 +0400] "GET /index.php/2011-12-06-19-41-54/item/aet-f6106%D0%B5-2?category_id=26 HTTP/1.1" 404 7983 "-" "Mozilla/5.0 (compatible; Ezooms/1.0; ezooms.bot@gmail.com)"
66.249.78.107 - - [08/Mar/2013:11:30:16 +0400] "GET /images/siver_e_3.png HTTP/1.1" 404 7983 "-" "Googlebot-Image/1.0"
208.115.113.91 - - [08/Mar/2013:11:53:19 +0400] "GET /robots.txt HTTP/1.1" 404 7983 "-" "Mozilla/5.0 (compatible; Ezooms/1.0; ezooms.bot@gmail.com)"
217.69.133.68 - - [08/Mar/2013:11:53:44 +0400] "GET / HTTP/1.0" 200 19485 "-" "Mozilla/5.0 (compatible; Mail.RU_Bot/2.0; +http://go.mail.ru/help/robots)"
217.69.133.68 - - [08/Mar/2013:12:28:37 +0400] "GET /robots.txt HTTP/1.0" 404 7983 "-" "Mozilla/5.0 (compatible; Mail.RU_Bot/2.0; +http://go.mail.ru/help/robots)"
66.249.78.107 - - [08/Mar/2013:12:30:55 +0400] "GET /images/mo5000eb.jpg HTTP/1.1" 200 109905 "-" "Googlebot-Image/1.0"
66.249.75.133 - - [08/Mar/2013:12:30:56 +0400] "GET / HTTP/1.1" 200 19485 "-" "DoCoMo/2.0 N905i(c100;TB;W24H16) (compatible; Googlebot-Mobile/2.1; +http://www.google.com/bot.html)"
66.249.78.2 - - [08/Mar/2013:12:48:08 +0400] "GET /robots.txt HTTP/1.1" 404 7983 "-" "Mozilla/5.0 (compatible; Googlebot/2.1; +http://www.google.com/bot.html)"
37.140.141.12 - - [08/Mar/2013:13:00:01 +0400] "GET /index.php/component/content/article/159-2011-11-23-11-32-01/2011-12-14-13-38-50/clipper-bal/132-clipper-bal HTTP/1.1" 404 7983 "-" "Mozilla/5.0 (compatible; YandexBot/3.0; +http://yandex.com/bots)"
77.39.39.161 - - [08/Mar/2013:13:03:07 +0400] "GET /index.php/2012-04-11-10-11-09/86-jelmeb/shkaf HTTP/1.1" 404 7983 "-" "Opera/9.80 (Windows NT 6.1; MRA 6.0 (build 5972)) Presto/2.12.388 Version/12.14"
77.39.39.161 - - [08/Mar/2013:13:03:07 +0400] "GET /ckeditor/ckeditor.js HTTP/1.1" 304 - "http://xn--80aaagabsufuc5b1amej.xn--p1ai/index.php/2012-04-11-10-11-09/86-jelmeb/shkaf" "Opera/9.80 (Windows NT 6.1; MRA 6.0 (build 5972)) Presto/2.12.388 Version/12.14"
77.39.39.161 - - [08/Mar/2013:13:18:36 +0400] "GET /index.php/2012-04-11-10-11-09/86-jelmeb/shkaf HTTP/1.1" 404 7983 "-" "Opera/9.80 (Windows NT 6.1; MRA 6.0 (build 5972)) Presto/2.12.388 Version/12.14"
77.39.39.161 - - [08/Mar/2013:13:18:37 +0400] "GET /ckeditor/ckeditor.js HTTP/1.1" 304 - "http://xn--80aaagabsufuc5b1amej.xn--p1ai/index.php/2012-04-11-10-11-09/86-jelmeb/shkaf" "Opera/9.80 (Windows NT 6.1; MRA 6.0 (build 5972)) Presto/2.12.388 Version/12.14"
208.115.113.91 - - [08/Mar/2013:13:18:40 +0400] "GET /index.php/2011-11-23-21-23-47 HTTP/1.1" 404 7983 "-" "Mozilla/5.0 (compatible; Ezooms/1.0; ezooms.bot@gmail.com)"
208.115.113.91 - - [08/Mar/2013:13:18:43 +0400] "GET /index.php/diskopravi/item/1400-titan-junior HTTP/1.1" 404 7983 "-" "Mozilla/5.0 (compatible; Ezooms/1.0; ezooms.bot@gmail.com)"
66.249.78.107 - - [08/Mar/2013:13:42:14 +0400] "GET /robots.txt HTTP/1.1" 404 7983 "-" "Mozilla/5.0 (compatible; Googlebot/2.1; +http://www.google.com/bot.html)"
66.249.78.107 - - [08/Mar/2013:13:42:14 +0400] "GET /index.php/2011-12-06-19-41-54/item/modena-mo-242cf-2?category_id=31 HTTP/1.1" 404 7983 "-" "Mozilla/5.0 (compatible; Googlebot/2.1; +http://www.google.com/bot.html)"
66.249.78.81 - - [08/Mar/2013:13:51:57 +0400] "GET /index.php/2011-12-06-19-41-54/item/modena-mo-242cf-2 HTTP/1.1" 404 7983 "-" "Mozilla/5.0 (compatible; Googlebot/2.1; +http://www.google.com/bot.html)"
66.249.78.107 - - [08/Mar/2013:13:55:02 +0400] "GET /images/mo5015ecfspecification.png HTTP/1.1" 404 7983 "-" "Googlebot-Image/1.0"
66.249.78.81 - - [08/Mar/2013:13:58:22 +0400] "GET /index.php/2011-12-06-19-41-54/item/modena-mo-242cf-2?category_id=31 HTTP/1.1" 404 7983 "-" "Mozilla/5.0 (compatible; Googlebot/2.1; +http://www.google.com/bot.html)"
66.249.78.2 - - [08/Mar/2013:14:53:37 +0400] "GET /index.php/2012-04-11-10-11-09/78-bort HTTP/1.1" 404 7983 "-" "Mozilla/5.0 (compatible; Googlebot/2.1; +http://www.google.com/bot.html)"
66.249.75.133 - - [08/Mar/2013:14:54:12 +0400] "GET /index.php/2012-01-20-16-51-42 HTTP/1.1" 404 7983 "-" "Mozilla/5.0 (compatible; Googlebot/2.1; +http://www.google.com/bot.html)"
66.249.78.107 - - [08/Mar/2013:14:56:59 +0400] "GET /index.php/150-2011-11-23-11-32-01/diskopravi/titan-junior HTTP/1.1" 404 7983 "-" "Mozilla/5.0 (compatible; Googlebot/2.1; +http://www.google.com/bot.html)"
66.249.78.2 - - [08/Mar/2013:15:03:32 +0400] "GET /index.php/component/content/?view=featured HTTP/1.1" 404 7983 "-" "Mozilla/5.0 (compatible; Googlebot/2.1; +http://www.google.com/bot.html)"
66.249.78.107 - - [08/Mar/2013:15:12:57 +0400] "GET /index.php/component/content/?view=featured&limitstart=0 HTTP/1.1" 404 7983 "-" "Mozilla/5.0 (compatible; Googlebot/2.1; +http://www.google.com/bot.html)"
66.249.78.2 - - [08/Mar/2013:15:16:22 +0400] "GET /index.php/component/content/?view=featured&limitstart=0 HTTP/1.1" 404 7983 "-" "Mozilla/5.0 (compatible; Googlebot/2.1; +http://www.google.com/bot.html)"
66.249.75.39 - - [08/Mar/2013:15:23:05 +0400] "GET /index.php/component/content/?view=featured&limitstart=0 HTTP/1.1" 404 7983 "-" "Mozilla/5.0 (compatible; Googlebot/2.1; +http://www.google.com/bot.html)"
66.249.78.107 - - [08/Mar/2013:15:32:10 +0400] "GET /index.php/2011-12-06-19-41-54/item/aet-t4 HTTP/1.1" 404 7983 "-" "Mozilla/5.0 (iPhone; U; CPU iPhone OS 4_1 like Mac OS X; en-us) AppleWebKit/532.9 (KHTML, like Gecko) Version/4.0.5 Mobile/8B117 Safari/6531.22.7 (compatible; Googlebot-Mobile/2.1; +http://www.google.com/bot.html)"
66.249.78.81 - - [08/Mar/2013:16:17:03 +0400] "GET /catalog/list/11 HTTP/1.1" 200 10749 "-" "Mozilla/5.0 (compatible; Googlebot/2.1; +http://www.google.com/bot.html)"
66.249.78.107 - - [08/Mar/2013:16:32:31 +0400] "GET /images/5700.jpg HTTP/1.1" 200 88933 "-" "Googlebot-Image/1.0"
66.249.75.39 - - [08/Mar/2013:16:35:51 +0400] "GET /catalog/list/12 HTTP/1.1" 200 10786 "-" "Mozilla/5.0 (compatible; Googlebot/2.1; +http://www.google.com/bot.html)"
66.249.78.81 - - [08/Mar/2013:16:53:00 +0400] "GET /catalog/list/16 HTTP/1.1" 200 10151 "-" "Mozilla/5.0 (compatible; Googlebot/2.1; +http://www.google.com/bot.html)"
37.140.141.12 - - [08/Mar/2013:17:26:05 +0400] "GET /robots.txt HTTP/1.1" 404 7983 "-" "Mozilla/5.0 (compatible; YandexBot/3.0; +http://yandex.com/bots)"
66.249.75.39 - - [08/Mar/2013:17:28:43 +0400] "GET / HTTP/1.1" 200 19485 "-" "Mozilla/5.0 (compatible; Googlebot/2.1; +http://www.google.com/bot.html)"
208.115.111.75 - - [08/Mar/2013:17:52:26 +0400] "GET /robots.txt HTTP/1.1" 404 7983 "-" "Mozilla/5.0 (compatible; Ezooms/1.0; ezooms.bot@gmail.com)"
66.249.75.39 - - [08/Mar/2013:17:53:56 +0400] "GET /robots.txt HTTP/1.1" 404 7983 "-" "Mozilla/5.0 (compatible; Googlebot/2.1; +http://www.google.com/bot.html)"
66.249.75.39 - - [08/Mar/2013:17:53:56 +0400] "GET /catalog/list/17 HTTP/1.1" 200 13812 "-" "Mozilla/5.0 (compatible; Googlebot/2.1; +http://www.google.com/bot.html)"
66.249.75.39 - - [08/Mar/2013:18:10:07 +0400] "GET /catalog/list/7 HTTP/1.1" 200 11056 "-" "Mozilla/5.0 (compatible; Googlebot/2.1; +http://www.google.com/bot.html)"
66.249.75.39 - - [08/Mar/2013:18:16:41 +0400] "GET /catalog/list/8 HTTP/1.1" 200 11384 "-" "Mozilla/5.0 (compatible; Googlebot/2.1; +http://www.google.com/bot.html)"
66.249.75.39 - - [08/Mar/2013:18:30:24 +0400] "GET /catalog/list/9 HTTP/1.1" 200 10997 "-" "Mozilla/5.0 (compatible; Googlebot/2.1; +http://www.google.com/bot.html)"
208.115.111.75 - - [08/Mar/2013:19:05:48 +0400] "GET /index.php/2011-12-06-19-41-54/item/aet-f6106?category_id=26 HTTP/1.1" 404 7983 "-" "Mozilla/5.0 (compatible; Ezooms/1.0; ezooms.bot@gmail.com)"
208.115.111.75 - - [08/Mar/2013:19:05:52 +0400] "GET /index.php/2012-04-11-10-09-59/52-legkbal/aeat-dst910b-220 HTTP/1.1" 404 7983 "-" "Mozilla/5.0 (compatible; Ezooms/1.0; ezooms.bot@gmail.com)"
66.249.75.133 - - [08/Mar/2013:19:07:40 +0400] "GET /index.php/home HTTP/1.1" 404 7983 "-" "Mozilla/5.0 (compatible; Googlebot/2.1; +http://www.google.com/bot.html)"
66.249.75.39 - - [08/Mar/2013:19:23:26 +0400] "GET /catalog HTTP/1.1" 200 18774 "-" "Mozilla/5.0 (compatible; Googlebot/2.1; +http://www.google.com/bot.html)"
66.249.75.39 - - [08/Mar/2013:19:32:44 +0400] "GET /catalog/list/10 HTTP/1.1" 200 14202 "-" "Mozilla/5.0 (compatible; Googlebot/2.1; +http://www.google.com/bot.html)"
66.249.75.133 - - [08/Mar/2013:19:32:50 +0400] "GET /index.php/siver/item/%D0%BF%D0%BE%D1%80%D1%8F%D0%B4%D0%BE%D0%BA-%D1%80%D0%B0%D0%B1%D0%BE%D1%82%D1%8B-%D1%81-%D1%81%D0%B8%D1%81%D1%82%D0%B5%D0%BC%D0%BE%D0%B9-siver-data HTTP/1.1" 404 7983 "-" "Mozilla/5.0 (compatible; Googlebot/2.1; +http://www.google.com/bot.html)"
37.140.141.12 - - [08/Mar/2013:19:40:50 +0400] "GET /index.php/siver/item/%D0%B8%D0%B7%D0%BC%D0%B5%D1%80%D0%B8%D1%82%D0%B5%D0%BB%D1%8C%D0%BD%D0%B0%D1%8F-%D1%81%D0%B8%D1%81%D1%82%D0%B5%D0%BC%D0%B0-siver-data HTTP/1.1" 404 7983 "-" "Mozilla/5.0 (compatible; YandexBot/3.0; +http://yandex.com/bots)"
66.249.75.133 - - [08/Mar/2013:19:58:04 +0400] "GET /shared/materiali_clipper.xls HTTP/1.1" 404 7983 "-" "Mozilla/5.0 (compatible; Googlebot/2.1; +http://www.google.com/bot.html)"
66.249.75.39 - - [08/Mar/2013:20:01:06 +0400] "GET /ckeditor_uploader.php HTTP/1.1" 200 413 "-" "Mozilla/5.0 (compatible; Googlebot/2.1; +http://www.google.com/bot.html)"
66.249.75.39 - - [08/Mar/2013:20:20:18 +0400] "GET /catalog/list/13 HTTP/1.1" 200 10801 "-" "Mozilla/5.0 (compatible; Googlebot/2.1; +http://www.google.com/bot.html)"
66.249.75.133 - - [08/Mar/2013:20:30:01 +0400] "GET /index.php/2012-04-11-10-09-59/69-gruzbal HTTP/1.1" 404 7983 "-" "Mozilla/5.0 (compatible; Googlebot/2.1; +http://www.google.com/bot.html)"
66.249.75.133 - - [08/Mar/2013:20:36:56 +0400] "GET /index.php/2011-12-06-19-41-54/category/2stoiki HTTP/1.1" 404 7983 "-" "Mozilla/5.0 (compatible; Googlebot/2.1; +http://www.google.com/bot.html)"
66.249.75.133 - - [08/Mar/2013:20:46:49 +0400] "GET /index.php/2011-12-06-19-41-54/item/modena-mo-4 HTTP/1.1" 404 7983 "-" "Mozilla/5.0 (compatible; Googlebot/2.1; +http://www.google.com/bot.html)"
66.249.75.133 - - [08/Mar/2013:21:12:49 +0400] "GET /images/850.1.jpg HTTP/1.1" 404 7983 "-" "Googlebot-Image/1.0"
66.249.75.133 - - [08/Mar/2013:21:16:10 +0400] "GET /index.php/2012-04-11-10-09-59/110-legkbal/bright-cb-968b HTTP/1.1" 404 7983 "-" "Mozilla/5.0 (compatible; Googlebot/2.1; +http://www.google.com/bot.html)"
66.249.75.2 - - [08/Mar/2013:21:24:44 +0400] "GET /index.php/2012-04-18-16-34-04/90-pre2112134 HTTP/1.1" 404 7983 "-" "Mozilla/5.0 (compatible; Googlebot/2.1; +http://www.google.com/bot.html)"
66.249.75.133 - - [08/Mar/2013:21:48:26 +0400] "GET /index.php/2011-12-14-13-33-12 HTTP/1.1" 404 7983 "-" "Mozilla/5.0 (compatible; Googlebot/2.1; +http://www.google.com/bot.html)"
66.249.75.2 - - [08/Mar/2013:21:51:37 +0400] "GET /index.php/2011-12-14-13-33-12 HTTP/1.1" 404 7983 "-" "Mozilla/5.0 (compatible; Googlebot/2.1; +http://www.google.com/bot.html)"
208.115.111.75 - - [08/Mar/2013:21:52:29 +0400] "GET /robots.txt HTTP/1.1" 404 7983 "-" "Mozilla/5.0 (compatible; Ezooms/1.0; ezooms.bot@gmail.com)"
37.140.141.12 - - [08/Mar/2013:21:58:09 +0400] "GET /index.php/2011-12-06-19-41-54/category/2stoiki HTTP/1.1" 404 7983 "-" "Mozilla/5.0 (compatible; YandexBot/3.0; +http://yandex.com/bots)"
66.249.75.2 - - [08/Mar/2013:22:20:54 +0400] "GET /index.php/2012-04-18-16-34-04/139-td61210-ae-t HTTP/1.1" 404 7983 "-" "Mozilla/5.0 (compatible; Googlebot/2.1; +http://www.google.com/bot.html)"
37.147.227.126 - - [08/Mar/2013:22:21:20 +0400] "GET / HTTP/1.1" 200 19485 "-" "Mozilla/5.0 (Windows NT 6.1) AppleWebKit/537.22 (KHTML, like Gecko) Chrome/25.0.1364.152 Safari/537.22"
37.147.227.126 - - [08/Mar/2013:22:21:21 +0400] "GET /css/auto.css HTTP/1.1" 200 10660 "http://xn--80aaagabsufuc5b1amej.xn--p1ai/" "Mozilla/5.0 (Windows NT 6.1) AppleWebKit/537.22 (KHTML, like Gecko) Chrome/25.0.1364.152 Safari/537.22"
37.147.227.126 - - [08/Mar/2013:22:21:21 +0400] "GET /css/style.css HTTP/1.1" 200 996 "http://xn--80aaagabsufuc5b1amej.xn--p1ai/" "Mozilla/5.0 (Windows NT 6.1) AppleWebKit/537.22 (KHTML, like Gecko) Chrome/25.0.1364.152 Safari/537.22"
37.147.227.126 - - [08/Mar/2013:22:21:21 +0400] "GET /css/bootstrap-responsive.min.css HTTP/1.1" 200 16520 "http://xn--80aaagabsufuc5b1amej.xn--p1ai/" "Mozilla/5.0 (Windows NT 6.1) AppleWebKit/537.22 (KHTML, like Gecko) Chrome/25.0.1364.152 Safari/537.22"
37.147.227.126 - - [08/Mar/2013:22:21:21 +0400] "GET /js/auto.js HTTP/1.1" 200 2956 "http://xn--80aaagabsufuc5b1amej.xn--p1ai/" "Mozilla/5.0 (Windows NT 6.1) AppleWebKit/537.22 (KHTML, like Gecko) Chrome/25.0.1364.152 Safari/537.22"
37.147.227.126 - - [08/Mar/2013:22:21:21 +0400] "GET /css/bootstrap.min.css HTTP/1.1" 200 101265 "http://xn--80aaagabsufuc5b1amej.xn--p1ai/" "Mozilla/5.0 (Windows NT 6.1) AppleWebKit/537.22 (KHTML, like Gecko) Chrome/25.0.1364.152 Safari/537.22"
37.147.227.126 - - [08/Mar/2013:22:21:21 +0400] "GET /js/bootstrap.min.js HTTP/1.1" 200 25743 "http://xn--80aaagabsufuc5b1amej.xn--p1ai/" "Mozilla/5.0 (Windows NT 6.1) AppleWebKit/537.22 (KHTML, like Gecko) Chrome/25.0.1364.152 Safari/537.22"
37.147.227.126 - - [08/Mar/2013:22:21:21 +0400] "GET /js/jquery.min.js HTTP/1.1" 200 93636 "http://xn--80aaagabsufuc5b1amej.xn--p1ai/" "Mozilla/5.0 (Windows NT 6.1) AppleWebKit/537.22 (KHTML, like Gecko) Chrome/25.0.1364.152 Safari/537.22"
37.147.227.126 - - [08/Mar/2013:22:21:21 +0400] "GET /ckeditor/ckeditor.js HTTP/1.1" 200 454073 "http://xn--80aaagabsufuc5b1amej.xn--p1ai/" "Mozilla/5.0 (Windows NT 6.1) AppleWebKit/537.22 (KHTML, like Gecko) Chrome/25.0.1364.152 Safari/537.22"
37.147.227.126 - - [08/Mar/2013:22:21:24 +0400] "GET /images/arrow_left.png HTTP/1.1" 200 951 "http://xn--80aaagabsufuc5b1amej.xn--p1ai/" "Mozilla/5.0 (Windows NT 6.1) AppleWebKit/537.22 (KHTML, like Gecko) Chrome/25.0.1364.152 Safari/537.22"
37.147.227.126 - - [08/Mar/2013:22:21:24 +0400] "GET /images/hunter_gsp9200.png HTTP/1.1" 200 95787 "http://xn--80aaagabsufuc5b1amej.xn--p1ai/" "Mozilla/5.0 (Windows NT 6.1) AppleWebKit/537.22 (KHTML, like Gecko) Chrome/25.0.1364.152 Safari/537.22"
37.147.227.126 - - [08/Mar/2013:22:21:25 +0400] "GET /images/4_270LB40.jpg HTTP/1.1" 200 53265 "http://xn--80aaagabsufuc5b1amej.xn--p1ai/" "Mozilla/5.0 (Windows NT 6.1) AppleWebKit/537.22 (KHTML, like Gecko) Chrome/25.0.1364.152 Safari/537.22"
37.147.227.126 - - [08/Mar/2013:22:21:26 +0400] "GET /images/T4.jpeg HTTP/1.1" 200 10505 "http://xn--80aaagabsufuc5b1amej.xn--p1ai/" "Mozilla/5.0 (Windows NT 6.1) AppleWebKit/537.22 (KHTML, like Gecko) Chrome/25.0.1364.152 Safari/537.22"
37.147.227.126 - - [08/Mar/2013:22:21:24 +0400] "GET /images/siver_e.png HTTP/1.1" 200 148375 "http://xn--80aaagabsufuc5b1amej.xn--p1ai/" "Mozilla/5.0 (Windows NT 6.1) AppleWebKit/537.22 (KHTML, like Gecko) Chrome/25.0.1364.152 Safari/537.22"
37.147.227.126 - - [08/Mar/2013:22:21:24 +0400] "GET /images/modena_mo_230mr.png HTTP/1.1" 200 117372 "http://xn--80aaagabsufuc5b1amej.xn--p1ai/" "Mozilla/5.0 (Windows NT 6.1) AppleWebKit/537.22 (KHTML, like Gecko) Chrome/25.0.1364.152 Safari/537.22"
37.147.227.126 - - [08/Mar/2013:22:21:24 +0400] "GET /images/giuliano_s_112f.png HTTP/1.1" 200 80289 "http://xn--80aaagabsufuc5b1amej.xn--p1ai/" "Mozilla/5.0 (Windows NT 6.1) AppleWebKit/537.22 (KHTML, like Gecko) Chrome/25.0.1364.152 Safari/537.22"
37.147.227.126 - - [08/Mar/2013:22:21:27 +0400] "GET /images/arrow_right.png HTTP/1.1" 200 932 "http://xn--80aaagabsufuc5b1amej.xn--p1ai/" "Mozilla/5.0 (Windows NT 6.1) AppleWebKit/537.22 (KHTML, like Gecko) Chrome/25.0.1364.152 Safari/537.22"
37.147.227.126 - - [08/Mar/2013:22:21:27 +0400] "GET /images/menu_logo_TK.png HTTP/1.1" 200 1922 "http://xn--80aaagabsufuc5b1amej.xn--p1ai/" "Mozilla/5.0 (Windows NT 6.1) AppleWebKit/537.22 (KHTML, like Gecko) Chrome/25.0.1364.152 Safari/537.22"
37.147.227.126 - - [08/Mar/2013:22:21:27 +0400] "GET /images/main_podl.jpg HTTP/1.1" 200 9218 "http://xn--80aaagabsufuc5b1amej.xn--p1ai/" "Mozilla/5.0 (Windows NT 6.1) AppleWebKit/537.22 (KHTML, like Gecko) Chrome/25.0.1364.152 Safari/537.22"
37.147.227.126 - - [08/Mar/2013:22:21:27 +0400] "GET /images/menu_gran.png HTTP/1.1" 200 279 "http://xn--80aaagabsufuc5b1amej.xn--p1ai/" "Mozilla/5.0 (Windows NT 6.1) AppleWebKit/537.22 (KHTML, like Gecko) Chrome/25.0.1364.152 Safari/537.22"
37.147.227.126 - - [08/Mar/2013:22:21:27 +0400] "GET /images/slider_arrow_left.png HTTP/1.1" 200 1743 "http://xn--80aaagabsufuc5b1amej.xn--p1ai/" "Mozilla/5.0 (Windows NT 6.1) AppleWebKit/537.22 (KHTML, like Gecko) Chrome/25.0.1364.152 Safari/537.22"
37.147.227.126 - - [08/Mar/2013:22:21:27 +0400] "GET /images/slider_text_podl.png HTTP/1.1" 200 10296 "http://xn--80aaagabsufuc5b1amej.xn--p1ai/" "Mozilla/5.0 (Windows NT 6.1) AppleWebKit/537.22 (KHTML, like Gecko) Chrome/25.0.1364.152 Safari/537.22"
37.147.227.126 - - [08/Mar/2013:22:21:27 +0400] "GET /images/slider_arrow_right.png HTTP/1.1" 200 1748 "http://xn--80aaagabsufuc5b1amej.xn--p1ai/" "Mozilla/5.0 (Windows NT 6.1) AppleWebKit/537.22 (KHTML, like Gecko) Chrome/25.0.1364.152 Safari/537.22"
37.147.227.126 - - [08/Mar/2013:22:21:27 +0400] "GET /images/main_center_bg.png HTTP/1.1" 200 13191 "http://xn--80aaagabsufuc5b1amej.xn--p1ai/" "Mozilla/5.0 (Windows NT 6.1) AppleWebKit/537.22 (KHTML, like Gecko) Chrome/25.0.1364.152 Safari/537.22"
37.147.227.126 - - [08/Mar/2013:22:21:27 +0400] "GET /images/hit_prod_podl.png HTTP/1.1" 200 1490 "http://xn--80aaagabsufuc5b1amej.xn--p1ai/" "Mozilla/5.0 (Windows NT 6.1) AppleWebKit/537.22 (KHTML, like Gecko) Chrome/25.0.1364.152 Safari/537.22"
37.147.227.126 - - [08/Mar/2013:22:21:28 +0400] "GET /images/hit_text_podl.png HTTP/1.1" 200 243 "http://xn--80aaagabsufuc5b1amej.xn--p1ai/" "Mozilla/5.0 (Windows NT 6.1) AppleWebKit/537.22 (KHTML, like Gecko) Chrome/25.0.1364.152 Safari/537.22"
37.147.227.126 - - [08/Mar/2013:22:21:28 +0400] "GET /images/comp_logos.png HTTP/1.1" 200 52444 "http://xn--80aaagabsufuc5b1amej.xn--p1ai/" "Mozilla/5.0 (Windows NT 6.1) AppleWebKit/537.22 (KHTML, like Gecko) Chrome/25.0.1364.152 Safari/537.22"
37.147.227.126 - - [08/Mar/2013:22:21:28 +0400] "GET /images/1.png HTTP/1.1" 200 26696 "http://xn--80aaagabsufuc5b1amej.xn--p1ai/" "Mozilla/5.0 (Windows NT 6.1) AppleWebKit/537.22 (KHTML, like Gecko) Chrome/25.0.1364.152 Safari/537.22"
37.147.227.126 - - [08/Mar/2013:22:21:28 +0400] "GET /images/2.png HTTP/1.1" 200 30504 "http://xn--80aaagabsufuc5b1amej.xn--p1ai/" "Mozilla/5.0 (Windows NT 6.1) AppleWebKit/537.22 (KHTML, like Gecko) Chrome/25.0.1364.152 Safari/537.22"
37.147.227.126 - - [08/Mar/2013:22:21:27 +0400] "GET /images/mo5000eb.jpg HTTP/1.1" 200 109905 "http://xn--80aaagabsufuc5b1amej.xn--p1ai/" "Mozilla/5.0 (Windows NT 6.1) AppleWebKit/537.22 (KHTML, like Gecko) Chrome/25.0.1364.152 Safari/537.22"
37.147.227.126 - - [08/Mar/2013:22:21:28 +0400] "GET /images/3.png HTTP/1.1" 200 27421 "http://xn--80aaagabsufuc5b1amej.xn--p1ai/" "Mozilla/5.0 (Windows NT 6.1) AppleWebKit/537.22 (KHTML, like Gecko) Chrome/25.0.1364.152 Safari/537.22"
37.147.227.126 - - [08/Mar/2013:22:21:29 +0400] "GET /images/phone.png HTTP/1.1" 200 21582 "http://xn--80aaagabsufuc5b1amej.xn--p1ai/" "Mozilla/5.0 (Windows NT 6.1) AppleWebKit/537.22 (KHTML, like Gecko) Chrome/25.0.1364.152 Safari/537.22"
37.147.227.126 - - [08/Mar/2013:22:21:29 +0400] "GET /images/perc15.png HTTP/1.1" 200 12218 "http://xn--80aaagabsufuc5b1amej.xn--p1ai/" "Mozilla/5.0 (Windows NT 6.1) AppleWebKit/537.22 (KHTML, like Gecko) Chrome/25.0.1364.152 Safari/537.22"
37.147.227.126 - - [08/Mar/2013:22:21:24 +0400] "GET /images/titan_54_00_bridge.png HTTP/1.1" 200 144079 "http://xn--80aaagabsufuc5b1amej.xn--p1ai/" "Mozilla/5.0 (Windows NT 6.1) AppleWebKit/537.22 (KHTML, like Gecko) Chrome/25.0.1364.152 Safari/537.22"
37.147.227.126 - - [08/Mar/2013:22:21:29 +0400] "GET /images/foot_bg.png HTTP/1.1" 200 15921 "http://xn--80aaagabsufuc5b1amej.xn--p1ai/" "Mozilla/5.0 (Windows NT 6.1) AppleWebKit/537.22 (KHTML, like Gecko) Chrome/25.0.1364.152 Safari/537.22"
37.147.227.126 - - [08/Mar/2013:22:21:29 +0400] "GET /images/footer_up.png HTTP/1.1" 200 2221 "http://xn--80aaagabsufuc5b1amej.xn--p1ai/" "Mozilla/5.0 (Windows NT 6.1) AppleWebKit/537.22 (KHTML, like Gecko) Chrome/25.0.1364.152 Safari/537.22"
37.147.227.126 - - [08/Mar/2013:22:21:29 +0400] "GET /images/footer_arrow.png HTTP/1.1" 200 256 "http://xn--80aaagabsufuc5b1amej.xn--p1ai/" "Mozilla/5.0 (Windows NT 6.1) AppleWebKit/537.22 (KHTML, like Gecko) Chrome/25.0.1364.152 Safari/537.22"
37.147.227.126 - - [08/Mar/2013:22:21:29 +0400] "GET /images/menu_current.jpg HTTP/1.1" 200 11503 "http://xn--80aaagabsufuc5b1amej.xn--p1ai/" "Mozilla/5.0 (Windows NT 6.1) AppleWebKit/537.22 (KHTML, like Gecko) Chrome/25.0.1364.152 Safari/537.22"
37.147.227.126 - - [08/Mar/2013:22:21:28 +0400] "GET /images/main_map_left.png HTTP/1.1" 200 54824 "http://xn--80aaagabsufuc5b1amej.xn--p1ai/" "Mozilla/5.0 (Windows NT 6.1) AppleWebKit/537.22 (KHTML, like Gecko) Chrome/25.0.1364.152 Safari/537.22"
37.147.227.126 - - [08/Mar/2013:22:21:27 +0400] "GET /images/container_bg.png HTTP/1.1" 200 424962 "http://xn--80aaagabsufuc5b1amej.xn--p1ai/" "Mozilla/5.0 (Windows NT 6.1) AppleWebKit/537.22 (KHTML, like Gecko) Chrome/25.0.1364.152 Safari/537.22"
37.147.227.126 - - [08/Mar/2013:22:21:27 +0400] "GET /images/mo435.png HTTP/1.1" 200 334116 "http://xn--80aaagabsufuc5b1amej.xn--p1ai/" "Mozilla/5.0 (Windows NT 6.1) AppleWebKit/537.22 (KHTML, like Gecko) Chrome/25.0.1364.152 Safari/537.22"
208.115.111.75 - - [08/Mar/2013:22:36:51 +0400] "GET /index.php/siver/item/%D0%B8%D0%B7%D0%BC%D0%B5%D1%80%D0%B8%D1%82%D0%B5%D0%BB%D1%8C%D0%BD%D0%B0%D1%8F-%D1%81%D0%B8%D1%81%D1%82%D0%B5%D0%BC%D0%B0-siver-data?category_id=5 HTTP/1.1" 404 7983 "-" "Mozilla/5.0 (compatible; Ezooms/1.0; ezooms.bot@gmail.com)"
66.249.75.133 - - [08/Mar/2013:23:08:02 +0400] "GET /images/cemb_c_72_4a66e88de97e9.jpg HTTP/1.1" 404 7983 "-" "Googlebot-Image/1.0"
66.249.75.39 - - [08/Mar/2013:23:29:08 +0400] "GET /catalog/list/15 HTTP/1.1" 200 11103 "-" "Mozilla/5.0 (compatible; Googlebot/2.1; +http://www.google.com/bot.html)"
66.249.75.133 - - [08/Mar/2013:23:38:51 +0400] "GET /images/print.jpg HTTP/1.1" 404 7983 "-" "Googlebot-Image/1.0"
208.115.113.91 - - [08/Mar/2013:23:54:38 +0400] "GET /robots.txt HTTP/1.1" 404 7983 "-" "Mozilla/5.0 (compatible; Ezooms/1.0; ezooms.bot@gmail.com)"
37.140.141.12 - - [09/Mar/2013:00:18:28 +0400] "GET /catalog/product/41 HTTP/1.1" 200 26290 "-" "Mozilla/5.0 (compatible; YandexBot/3.0; +http://yandex.com/bots)"
